<html>
<body>
<pre>
<h1>µVision Build Log</h1>
<h2>Tool Versions:</h2>
IDE-Version: ¦ÌVision V5.25.2.0
Copyright (C) 2018 ARM Ltd and ARM Germany GmbH. All rights reserved.
License Information: chenxu liche, lichenxu, LIC=V85FW-QH66B-9ZBWW-QW1PB-E2BWL-AALCP
 
Tool Versions:
Toolchain:       MDK-ARM Professional  Version: 5.25.2.0
Toolchain Path:  D:\Keil_v5\ARM\ARMCC\Bin
C Compiler:      Armcc.exe V5.06 update 6 (build 750)
Assembler:       Armasm.exe V5.06 update 6 (build 750)
Linker/Locator:  ArmLink.exe V5.06 update 6 (build 750)
Library Manager: ArmAr.exe V5.06 update 6 (build 750)
Hex Converter:   FromElf.exe V5.06 update 6 (build 750)
CPU DLL:         SARMCM3.DLL V5.25.2.0
Dialog DLL:      DCM.DLL V1.17.1.0
Target DLL:      UL2CM3.DLL V1.160.12.0
Dialog DLL:      TCM.DLL V1.35.1.0
 
<h2>Project:</h2>
G:\RT_Thread\RT_Thread_SrcCode\rt-thread-v3.1.0\bsp\stm32f429-apollo\project.uvprojx
Project File Date:  10/31/2018

<h2>Output:</h2>
*** Using Compiler 'V5.06 update 6 (build 750)', folder: 'D:\Keil_v5\ARM\ARMCC\Bin'
Build target 'rt_thread_stm32f429'
compiling startup.c...
compiling drv_rtc.c...
compiling usart.c...
compiling board.c...
compiling stm32f4xx_it.c...
compiling drv_sdram.c...
compiling application.c...
compiling drv_nand.c...
drivers\drv_nand.c(196): warning:  #177-D: function "read_status"  was declared but never referenced
  static rt_bool_t read_status(rt_uint8_t cmd)
drivers\drv_nand.c: 1 warning, 0 errors
compiling drv_mpu.c...
compiling drv_sdio_sd.c...
compiling drv_eth.c...
compiling drv_spi.c...
drivers\drv_spi.c(623): warning:  #177-D: variable "p_spi_bus"  was declared but never referenced
      struct stm32f4_spi * p_spi_bus;
drivers\drv_spi.c: 1 warning, 0 errors
compiling drv_pcf8574.c...
compiling drv_i2c.c...
compiling stm32f4xx_hal_can.c...
compiling system_stm32f4xx.c...
compiling stm32f4xx_hal_adc.c...
compiling stm32f4xx_hal.c...
compiling stm32f4xx_hal_adc_ex.c...
compiling drv_spi_flash.c...
compiling stm32f4xx_hal_cec.c...
compiling stm32f4xx_hal_cryp_ex.c...
compiling stm32f4xx_hal_dcmi.c...
compiling stm32f4xx_hal_dac_ex.c...
compiling stm32f4xx_hal_dac.c...
compiling stm32f4xx_hal_crc.c...
compiling stm32f4xx_hal_cryp.c...
compiling stm32f4xx_hal_cortex.c...
compiling stm32f4xx_hal_dma.c...
compiling stm32f4xx_hal_dsi.c...
compiling stm32f4xx_hal_dma2d.c...
compiling stm32f4xx_hal_dfsdm.c...
compiling stm32f4xx_hal_eth.c...
compiling stm32f4xx_hal_dcmi_ex.c...
compiling stm32f4xx_hal_dma_ex.c...
compiling stm32f4xx_hal_hash.c...
compiling stm32f4xx_hal_flash_ex.c...
compiling stm32f4xx_hal_flash.c...
compiling stm32f4xx_hal_fmpi2c.c...
compiling stm32f4xx_hal_flash_ramfunc.c...
compiling stm32f4xx_hal_gpio.c...
compiling stm32f4xx_hal_fmpi2c_ex.c...
compiling stm32f4xx_hal_i2c_ex.c...
compiling stm32f4xx_hal_i2s_ex.c...
compiling stm32f4xx_hal_hash_ex.c...
compiling stm32f4xx_hal_irda.c...
compiling stm32f4xx_hal_hcd.c...
compiling stm32f4xx_hal_i2c.c...
compiling stm32f4xx_hal_i2s.c...
compiling stm32f4xx_hal_nand.c...
compiling stm32f4xx_hal_pccard.c...
compiling stm32f4xx_hal_iwdg.c...
compiling stm32f4xx_hal_nor.c...
compiling stm32f4xx_hal_ltdc_ex.c...
compiling stm32f4xx_hal_ltdc.c...
compiling stm32f4xx_hal_lptim.c...
compiling stm32f4xx_hal_pcd.c...
compiling stm32f4xx_hal_pcd_ex.c...
compiling stm32f4xx_hal_qspi.c...
compiling stm32f4xx_hal_pwr_ex.c...
compiling stm32f4xx_hal_pwr.c...
compiling stm32f4xx_hal_rcc.c...
compiling stm32f4xx_hal_rcc_ex.c...
compiling stm32f4xx_hal_sai.c...
compiling stm32f4xx_hal_sai_ex.c...
compiling stm32f4xx_hal_rng.c...
compiling stm32f4xx_hal_rtc_ex.c...
compiling stm32f4xx_hal_rtc.c...
compiling stm32f4xx_hal_sd.c...
compiling stm32f4xx_hal_sdram.c...
compiling stm32f4xx_hal_spdifrx.c...
compiling stm32f4xx_hal_tim.c...
compiling stm32f4xx_hal_spi.c...
compiling stm32f4xx_hal_tim_ex.c...
compiling stm32f4xx_hal_uart.c...
compiling stm32f4xx_hal_smartcard.c...
compiling stm32f4xx_hal_sram.c...
compiling clock.c...
compiling components.c...
compiling device.c...
compiling idle.c...
compiling ipc.c...
compiling irq.c...
compiling kservice.c...
compiling mem.c...
compiling memheap.c...
compiling mempool.c...
compiling object.c...
compiling scheduler.c...
compiling signal.c...
compiling thread.c...
compiling timer.c...
compiling cpuport.c...
compiling backtrace.c...
compiling div0.c...
compiling showmem.c...
compiling dfs.c...
compiling dfs_file.c...
compiling dfs_fs.c...
compiling dfs_posix.c...
compiling poll.c...
compiling stm32f4xx_ll_fsmc.c...
compiling select.c...
compiling devfs.c...
compiling dfs_elm.c...
compiling dfs_romfs.c...
compiling ff.c...
compiling stm32f4xx_hal_usart.c...
compiling stm32f4xx_ll_usb.c...
compiling romfs.c...
compiling stm32f4xx_hal_wwdg.c...
compiling stm32f4xx_ll_sdmmc.c...
compiling i2c_core.c...
compiling i2c_dev.c...
compiling stm32f4xx_ll_fmc.c...
compiling mtd_nand.c...
compiling i2c-bit-ops.c...
compiling rtc.c...
compiling spi_core.c...
compiling serial.c...
compiling spi_dev.c...
compiling sfud_sfdp.c...
compiling sfud.c...
compiling spi_flash_sfud.c...
compiling completion.c...
compiling dataqueue.c...
compiling pipe.c...
compiling symbol.c...
compiling ringbuffer.c...
compiling waitqueue.c...
compiling workqueue.c...
compiling shell.c...
compiling cmd.c...
compiling finsh_error.c...
compiling finsh_init.c...
compiling finsh_heap.c...
compiling finsh_node.c...
compiling finsh_compiler.c...
compiling finsh_ops.c...
compiling finsh_parser.c...
compiling libc.c...
compiling finsh_var.c...
compiling finsh_vm.c...
compiling finsh_token.c...
compiling mem_std.c...
compiling stdio.c...
compiling stubs.c...
compiling time.c...
compiling err.c...
compiling sys_arch.c...
compiling api_lib.c...
compiling netbuf.c...
compiling netdb.c...
compiling api_msg.c...
compiling netifapi.c...
compiling def.c...
compiling tcpip.c...
compiling dns.c...
compiling inet_chksum.c...
compiling ip.c...
compiling sockets.c...
compiling init.c...
compiling raw.c...
compiling stats.c...
compiling sys.c...
compiling memp.c...
compiling netif.c...
compiling pbuf.c...
compiling tcp.c...
..\..\components\net\lwip-2.0.2\src\core\tcp.c(361): warning:  #111-D: statement is unreachable
      break;
..\..\components\net\lwip-2.0.2\src\core\tcp.c: 1 warning, 0 errors
compiling ethernet.c...
compiling udp.c...
compiling tcp_out.c...
compiling timeouts.c...
compiling tcp_in.c...
compiling lowpan6.c...
compiling ethernetif.c...
compiling autoip.c...
compiling igmp.c...
compiling icmp.c...
compiling etharp.c...
compiling ip4_addr.c...
compiling ip4.c...
compiling dhcp.c...
compiling sal_ipaddr.c...
compiling ip4_frag.c...
compiling net_netdb.c...
compiling sal_socket.c...
compiling dfs_net.c...
compiling net_sockets.c...
compiling af_inet_lwip.c...
linking...
Program Size: Code=188916 RO-data=10796 RW-data=1328 ZI-data=61792  
".\Objects\template.axf" - 0 Error(s), 3 Warning(s).

<h2>Software Packages used:</h2>

Package Vendor: Keil
                http://www.keil.com/pack/Keil.STM32F4xx_DFP.2.9.0.pack
                Keil.STM32F4xx_DFP.2.9.0
                STMicroelectronics STM32F4 Series Device Support, Drivers and Examples

<h2>Collection of Component include folders:</h2>
  .\RTE\_rt_thread_stm32f429
  D:\Keil_v5\ARM\PACK\Keil\STM32F4xx_DFP\2.9.0\Drivers\CMSIS\Device\ST\STM32F4xx\Include

<h2>Collection of Component Files used:</h2>
Build Time Elapsed:  00:02:08
</pre>
</body>
</html>
