Component: ARM Compiler 5.06 update 6 (build 750) Tool: armlink [4d35ed]

==============================================================================

Section Cross References

    startup_stm32f407xx.o(RESET) refers to startup_stm32f407xx.o(STACK) for __initial_sp
    startup_stm32f407xx.o(RESET) refers to startup_stm32f407xx.o(.text) for Reset_Handler
    startup_stm32f407xx.o(RESET) refers to stm32f4xx_it.o(i.NMI_Handler) for NMI_Handler
    startup_stm32f407xx.o(RESET) refers to context_rvds.o(.text) for HardFault_Handler
    startup_stm32f407xx.o(RESET) refers to stm32f4xx_it.o(i.MemManage_Handler) for MemManage_Handler
    startup_stm32f407xx.o(RESET) refers to stm32f4xx_it.o(i.BusFault_Handler) for BusFault_Handler
    startup_stm32f407xx.o(RESET) refers to stm32f4xx_it.o(i.UsageFault_Handler) for UsageFault_Handler
    startup_stm32f407xx.o(RESET) refers to stm32f4xx_it.o(i.SVC_Handler) for SVC_Handler
    startup_stm32f407xx.o(RESET) refers to stm32f4xx_it.o(i.DebugMon_Handler) for DebugMon_Handler
    startup_stm32f407xx.o(RESET) refers to board.o(i.SysTick_Handler) for SysTick_Handler
    startup_stm32f407xx.o(RESET) refers to stm32f4xx_it.o(i.TIM1_BRK_TIM9_IRQHandler) for TIM1_BRK_TIM9_IRQHandler
    startup_stm32f407xx.o(RESET) refers to stm32f4xx_it.o(i.TIM2_IRQHandler) for TIM2_IRQHandler
    startup_stm32f407xx.o(RESET) refers to stm32f4xx_it.o(i.USART1_IRQHandler) for USART1_IRQHandler
    startup_stm32f407xx.o(RESET) refers to stm32f4xx_it.o(i.EXTI15_10_IRQHandler) for EXTI15_10_IRQHandler
    startup_stm32f407xx.o(RESET) refers to stm32f4xx_it.o(i.UART4_IRQHandler) for UART4_IRQHandler
    startup_stm32f407xx.o(RESET) refers to stm32f4xx_it.o(i.UART5_IRQHandler) for UART5_IRQHandler
    startup_stm32f407xx.o(RESET) refers to stm32f4xx_it.o(i.TIM7_IRQHandler) for TIM7_IRQHandler
    startup_stm32f407xx.o(.text) refers to system_stm32f4xx.o(i.SystemInit) for SystemInit
    startup_stm32f407xx.o(.text) refers to entry.o(.ARM.Collect$$$$00000000) for __main
    system_stm32f4xx.o(i.SystemCoreClockUpdate) refers to system_stm32f4xx.o(.data) for SystemCoreClock
    system_stm32f4xx.o(i.SystemInit) refers to system_stm32f4xx.o(i.SetSysClock) for SetSysClock
    stm32f4xx_adc.o(i.ADC_DeInit) refers to stm32f4xx_rcc.o(i.RCC_APB2PeriphResetCmd) for RCC_APB2PeriphResetCmd
    stm32f4xx_can.o(i.CAN_DeInit) refers to stm32f4xx_rcc.o(i.RCC_APB1PeriphResetCmd) for RCC_APB1PeriphResetCmd
    stm32f4xx_can.o(i.CAN_GetITStatus) refers to stm32f4xx_can.o(i.CheckITStatus) for CheckITStatus
    stm32f4xx_cryp.o(i.CRYP_DeInit) refers to stm32f4xx_rcc.o(i.RCC_AHB2PeriphResetCmd) for RCC_AHB2PeriphResetCmd
    stm32f4xx_cryp_aes.o(i.CRYP_AES_CBC) refers to stm32f4xx_cryp.o(i.CRYP_KeyStructInit) for CRYP_KeyStructInit
    stm32f4xx_cryp_aes.o(i.CRYP_AES_CBC) refers to stm32f4xx_cryp.o(i.CRYP_FIFOFlush) for CRYP_FIFOFlush
    stm32f4xx_cryp_aes.o(i.CRYP_AES_CBC) refers to stm32f4xx_cryp.o(i.CRYP_Init) for CRYP_Init
    stm32f4xx_cryp_aes.o(i.CRYP_AES_CBC) refers to stm32f4xx_cryp.o(i.CRYP_KeyInit) for CRYP_KeyInit
    stm32f4xx_cryp_aes.o(i.CRYP_AES_CBC) refers to stm32f4xx_cryp.o(i.CRYP_Cmd) for CRYP_Cmd
    stm32f4xx_cryp_aes.o(i.CRYP_AES_CBC) refers to stm32f4xx_cryp.o(i.CRYP_GetFlagStatus) for CRYP_GetFlagStatus
    stm32f4xx_cryp_aes.o(i.CRYP_AES_CBC) refers to stm32f4xx_cryp.o(i.CRYP_IVInit) for CRYP_IVInit
    stm32f4xx_cryp_aes.o(i.CRYP_AES_CBC) refers to stm32f4xx_cryp.o(i.CRYP_GetCmdStatus) for CRYP_GetCmdStatus
    stm32f4xx_cryp_aes.o(i.CRYP_AES_CBC) refers to stm32f4xx_cryp.o(i.CRYP_DataIn) for CRYP_DataIn
    stm32f4xx_cryp_aes.o(i.CRYP_AES_CBC) refers to stm32f4xx_cryp.o(i.CRYP_DataOut) for CRYP_DataOut
    stm32f4xx_cryp_aes.o(i.CRYP_AES_CCM) refers to stm32f4xx_cryp.o(i.CRYP_KeyStructInit) for CRYP_KeyStructInit
    stm32f4xx_cryp_aes.o(i.CRYP_AES_CCM) refers to stm32f4xx_cryp.o(i.CRYP_FIFOFlush) for CRYP_FIFOFlush
    stm32f4xx_cryp_aes.o(i.CRYP_AES_CCM) refers to stm32f4xx_cryp.o(i.CRYP_KeyInit) for CRYP_KeyInit
    stm32f4xx_cryp_aes.o(i.CRYP_AES_CCM) refers to stm32f4xx_cryp.o(i.CRYP_IVInit) for CRYP_IVInit
    stm32f4xx_cryp_aes.o(i.CRYP_AES_CCM) refers to stm32f4xx_cryp.o(i.CRYP_Init) for CRYP_Init
    stm32f4xx_cryp_aes.o(i.CRYP_AES_CCM) refers to stm32f4xx_cryp.o(i.CRYP_PhaseConfig) for CRYP_PhaseConfig
    stm32f4xx_cryp_aes.o(i.CRYP_AES_CCM) refers to stm32f4xx_cryp.o(i.CRYP_DataIn) for CRYP_DataIn
    stm32f4xx_cryp_aes.o(i.CRYP_AES_CCM) refers to stm32f4xx_cryp.o(i.CRYP_Cmd) for CRYP_Cmd
    stm32f4xx_cryp_aes.o(i.CRYP_AES_CCM) refers to stm32f4xx_cryp.o(i.CRYP_GetCmdStatus) for CRYP_GetCmdStatus
    stm32f4xx_cryp_aes.o(i.CRYP_AES_CCM) refers to stm32f4xx_cryp.o(i.CRYP_GetFlagStatus) for CRYP_GetFlagStatus
    stm32f4xx_cryp_aes.o(i.CRYP_AES_CCM) refers to stm32f4xx_cryp.o(i.CRYP_DataOut) for CRYP_DataOut
    stm32f4xx_cryp_aes.o(i.CRYP_AES_CTR) refers to stm32f4xx_cryp.o(i.CRYP_KeyStructInit) for CRYP_KeyStructInit
[...]
    g_sFilter_Kalman_GPS_Horizontal          0x20001900   Data          96  filter_kalman.o(.data)
    g_psReceiverAnaly                        0x20001960   Data           4  remot_dataanaly.o(.data)
    g_psRemotData                            0x20001964   Data           4  remot_dataanaly.o(.data)
    g_sUnlockContinueTicks                   0x20001968   Data           2  remot_dataanaly.o(.data)
    g_sLockContinueTicks                     0x2000196a   Data           2  remot_dataanaly.o(.data)
    g_sAutoLockContinueTicks                 0x2000196c   Data           2  remot_dataanaly.o(.data)
    rt_interrupt_nest                        0x2000197c   Data           1  irq.o(.data)
    rt_assert_hook                           0x20001984   Data           4  kservice.o(.data)
    rt_object_trytake_hook                   0x20001a40   Data           4  object.o(.data)
    rt_object_take_hook                      0x20001a44   Data           4  object.o(.data)
    rt_object_put_hook                       0x20001a48   Data           4  object.o(.data)
    rt_current_thread                        0x20001a50   Data           4  scheduler.o(.data)
    rt_current_priority                      0x20001a54   Data           1  scheduler.o(.data)
    rt_thread_ready_priority_group           0x20001a58   Data           4  scheduler.o(.data)
    rt_thread_defunct                        0x20001a5c   Data           8  scheduler.o(.data)
    rt_interrupt_from_thread                 0x20001a84   Data           4  cpuport.o(.data)
    rt_interrupt_to_thread                   0x20001a88   Data           4  cpuport.o(.data)
    rt_thread_switch_interrupt_flag          0x20001a8c   Data           4  cpuport.o(.data)
    base_module_sem                          0x20008aec   Data          48  sys_ostask.o(.bss)
    euler_angle_sem                          0x20008b1c   Data          48  sys_ostask.o(.bss)
    ver_fusion_sem                           0x20008b4c   Data          48  sys_ostask.o(.bss)
    gps_update_sem                           0x20008b7c   Data          48  sys_ostask.o(.bss)
    opflow_update_sem                        0x20008bac   Data          48  sys_ostask.o(.bss)
    gps_hor_fusion_sem                       0x20008bdc   Data          48  sys_ostask.o(.bss)
    opflow_hor_fusion_sem                    0x20008c0c   Data          48  sys_ostask.o(.bss)
    uav_ctrl_sem                             0x20008c3c   Data          48  sys_ostask.o(.bss)
    uav_calib_sem                            0x20008c6c   Data          48  sys_ostask.o(.bss)
    tfsd_fly_log_sem                         0x20008c9c   Data          48  sys_ostask.o(.bss)
    hci_oled_show                            0x20008ccc   Data          48  sys_ostask.o(.bss)
    hci_host_slave_sem                       0x20008cfc   Data          48  sys_ostask.o(.bss)
    para_rdwr_event                          0x20008d2c   Data          48  sys_ostask.o(.bss)
    g_sEePromSimI2C                          0x20008d5c   Data          24  sys_mcuinit.o(.bss)
    g_sImuSimI2C                             0x20008d74   Data          24  sys_mcuinit.o(.bss)
    g_sMagSimI2C                             0x20008d8c   Data          24  sys_mcuinit.o(.bss)
    g_sGpsMagSimI2C                          0x20008da4   Data          24  sys_mcuinit.o(.bss)
    g_sBeroSimI2C                            0x20008dbc   Data          24  sys_mcuinit.o(.bss)
    g_sOledSimSPI                            0x20008dd4   Data          72  sys_mcuinit.o(.bss)
    g_DebugTxBuff                            0x20008e1c   Data         100  sys_debug.o(.bss)
    g_DebugRxBuff                            0x20008e80   Data          50  sys_debug.o(.bss)
    g_sSystemPeriodExecuteTime               0x20008eb4   Data         264  period_execute.o(.bss)
    g_sMpu6050                               0x20008fbc   Data          24  bsp_imu_mpu6050.o(.bss)
    g_sHmc5983                               0x20008fd4   Data          20  bsp_mag_hmc5983.o(.bss)
    g_sSpl06                                 0x20008fe8   Data          64  bsp_bero_spl06.o(.bss)
    g_sGpsM8nCmdTxFrame                      0x20009028   Data          38  bsp_gps_m8n.o(.bss)
    g_sGpsM8nRxPvtFrame                      0x2000904e   Data         100  bsp_gps_m8n.o(.bss)
    g_GpsM8nTxBuff                           0x200090b2   Data          50  bsp_gps_m8n.o(.bss)
    g_GpsM8nRxBuff                           0x200090e4   Data         100  bsp_gps_m8n.o(.bss)
    g_GpsM8nPvtBuff                          0x20009148   Data         100  bsp_gps_m8n.o(.bss)
    g_sGpsDataReform                         0x200091ac   Data          20  bsp_gps_m8n.o(.bss)
    g_sOpFlowUpixelsLC306RxFrame             0x200091c0   Data          14  bsp_opflow_upixelslc306.o(.bss)
    g_OpFlowUpixelsLC306RxBuff               0x200091ce   Data          14  bsp_opflow_upixelslc306.o(.bss)
    g_OpFlowUpixelsLC306DataBuff             0x200091dc   Data          14  bsp_opflow_upixelslc306.o(.bss)
    g_sOpFlowUpixelsLC306DataReform          0x200091ec   Data          20  bsp_opflow_upixelslc306.o(.bss)
    f                                        0x20009200   Data          16  ano_dt.o(.bss)
    g_sSendSensorData                        0x20009210   Data          44  host_transceive.o(.bss)
    g_sSendSinsDataHeight                    0x2000923c   Data          32  host_transceive.o(.bss)
    g_sSendSinsDataHorizontalX               0x2000925c   Data          32  host_transceive.o(.bss)
    g_sSendSinsDataHorizontalY               0x2000927c   Data          32  host_transceive.o(.bss)
    g_sSendPidPara                           0x2000929c   Data          36  host_transceive.o(.bss)
    g_sSendOpticFlowCtrlData                 0x200092c0   Data          32  host_transceive.o(.bss)
    g_sMathFloaterAnaly                      0x200092e0   Data          16  math_function.o(.bss)
    g_sAccCorrect                            0x200092f0   Data          12  ahrs_caculation.o(.bss)
    g_sAccAttData                            0x200092fc   Data          12  ahrs_caculation.o(.bss)
    g_sGyroAttData                           0x20009308   Data          12  ahrs_caculation.o(.bss)
    g_sGyroFilter                            0x20009314   Data          12  ahrs_caculation.o(.bss)
    g_sMagCorrect                            0x20009320   Data          12  ahrs_caculation.o(.bss)
    g_sMagFilter                             0x2000932c   Data          12  ahrs_caculation.o(.bss)
    g_sMagAttData                            0x20009338   Data          16  ahrs_caculation.o(.bss)
    g_sAhrsAttitude                          0x20009348   Data          12  ahrs_caculation.o(.bss)
    g_sAhrsIntAngle                          0x20009354   Data          12  ahrs_caculation.o(.bss)
    g_sDCM_Acc                               0x20009360   Data          12  ahrs_caculation.o(.bss)
    g_sDCM_Gyro                              0x2000936c   Data          12  ahrs_caculation.o(.bss)
    g_sAhrsQuater                            0x20009378   Data          16  ahrs_caculation.o(.bss)
    g_sAhrsQuaterInit                        0x20009388   Data          16  ahrs_caculation.o(.bss)
    g_sAccOrigion                            0x20009398   Data          12  ahrs_caculation.o(.bss)
    g_sAccSINS                               0x200093a4   Data          12  ahrs_caculation.o(.bss)
    g_sAccControl                            0x200093b0   Data          12  ahrs_caculation.o(.bss)
    g_sAccCtlFeedback                        0x200093bc   Data          12  ahrs_caculation.o(.bss)
    rMatrix                                  0x200093c8   Data          36  ahrs_caculation.o(.bss)
    g_sBodyFrame                             0x200093ec   Data          12  ahrs_caculation.o(.bss)
    g_sEarthFrame                            0x200093f8   Data          12  ahrs_caculation.o(.bss)
    g_sAngleGyro                             0x20009404   Data          12  ahrs_caculation.o(.bss)
    g_sGpsBodyMotionAcc                      0x20009410   Data          12  ahrs_caculation.o(.bss)
    g_sGpsEarthMotionAcc                     0x2000941c   Data          12  ahrs_caculation.o(.bss)
    g_sGyroDelta                             0x20009428   Data          12  ahrs_caculation.o(.bss)
    g_sQuadHistory                           0x20009434   Data         320  ahrs_caculation.o(.bss)
    g_sAccHistory                            0x20009574   Data         240  ahrs_caculation.o(.bss)
    g_sGyroHistory                           0x20009664   Data         120  ahrs_caculation.o(.bss)
    g_sAttitudeAll                           0x200096e0   Data         352  attitude_aircraft.o(.bss)
    g_sSinsReal                              0x20009840   Data        1288  sins_strapdown.o(.bss)
    g_sSinsOrigion                           0x20009d48   Data        1288  sins_strapdown.o(.bss)
    g_sSinsAfterFilter                       0x2000a250   Data        1288  sins_strapdown.o(.bss)
    g_sSinsFilterFeedback                    0x2000a758   Data        1288  sins_strapdown.o(.bss)
    g_sTOCSystem                             0x2000ac60   Data          60  sins_strapdown.o(.bss)
    g_sControlAircraft                       0x2000ac9c   Data          76  control_aircraft.o(.bss)
    g_sControlLand                           0x2000ace8   Data          60  control_landing.o(.bss)
    gs_mission_check_ultr_opflow             0x2000ad24   Data          16  control_mission.o(.bss)
    gs_mission_check_bero_gps                0x2000ad34   Data          16  control_mission.o(.bss)
    g_sFilterTarg                            0x2000ad44   Data        1924  filter_dataprocess.o(.bss)
    g_sReceiverAnaly                         0x2000b4c8   Data          58  remot_dataanaly.o(.bss)
    g_sRemotData                             0x2000b502   Data          20  remot_dataanaly.o(.bss)
    g_sRemot_PPM_Recv_Tick                   0x2000b518   Data          12  remot_dataanaly.o(.bss)
    rt_thread_priority_table                 0x2000c808   Data         400  scheduler.o(.bss)
    rt_thread_ready_table                    0x2000c998   Data          32  scheduler.o(.bss)
    __initial_sp                             0x2000cdb8   Data           0  startup_stm32f407xx.o(STACK)



==============================================================================

Memory Map of the image

  Image Entry point : 0x08000189

  Load Region LR_IROM1 (Base: 0x08000000, Size: 0x00027118, Max: 0x00080000, ABSOLUTE, COMPRESSED[0x00025900])

    Execution Region ER_IROM1 (Exec base: 0x08000000, Load base: 0x08000000, Size: 0x00025680, Max: 0x00080000, ABSOLUTE)

    Exec Addr    Load Addr    Size         Type   Attr      Idx    E Section Name        Object

    0x08000000   0x08000000   0x00000188   Data   RO            3    RESET               startup_stm32f407xx.o
    0x08000188   0x08000188   0x00000000   Code   RO        10945  * .ARM.Collect$$$$00000000  mc_w.l(entry.o)
    0x08000188   0x08000188   0x00000004   Code   RO        11038    .ARM.Collect$$$$00000001  mc_w.l(entry2.o)
    0x0800018c   0x0800018c   0x00000004   Code   RO        11041    .ARM.Collect$$$$00000004  mc_w.l(entry5.o)
    0x08000190   0x08000190   0x00000000   Code   RO        11043    .ARM.Collect$$$$00000008  mc_w.l(entry7b.o)
    0x08000190   0x08000190   0x00000000   Code   RO        11045    .ARM.Collect$$$$0000000A  mc_w.l(entry8b.o)
    0x08000190   0x08000190   0x00000008   Code   RO        11046    .ARM.Collect$$$$0000000B  mc_w.l(entry9a.o)
    0x08000198   0x08000198   0x00000000   Code   RO        11048    .ARM.Collect$$$$0000000D  mc_w.l(entry10a.o)
    0x08000198   0x08000198   0x00000000   Code   RO        11050    .ARM.Collect$$$$0000000F  mc_w.l(entry11a.o)
    0x08000198   0x08000198   0x00000004   Code   RO        11039    .ARM.Collect$$$$00002712  mc_w.l(entry2.o)
    0x0800019c   0x0800019c   0x00000024   Code   RO            4    .text               startup_stm32f407xx.o
    0x080001c0   0x080001c0   0x00000134   Code   RO        10546    .text               context_rvds.o
    0x080002f4   0x080002f4   0x00000028   Code   RO        10948    .text               mc_w.l(memcpy.o)
    0x0800031c   0x0800031c   0x00000024   Code   RO        10952    .text               mc_w.l(memseta.o)
    0x08000340   0x08000340   0x0000014e   Code   RO        10958    .text               mf_w.l(dadd.o)
    0x0800048e   0x0800048e   0x000000e4   Code   RO        10960    .text               mf_w.l(dmul.o)
    0x08000572   0x08000572   0x000000de   Code   RO        10962    .text               mf_w.l(ddiv.o)
    0x08000650   0x08000650   0x00000022   Code   RO        10966    .text               mf_w.l(dflti.o)
    0x08000672   0x08000672   0x0000001a   Code   RO        10968    .text               mf_w.l(dfltui.o)
    0x0800068c   0x0800068c   0x0000003e   Code   RO        10970    .text               mf_w.l(dfixi.o)
    0x080006ca   0x080006ca   0x00000026   Code   RO        10972    .text               mf_w.l(f2d.o)
    0x080006f0   0x080006f0   0x00000030   Code   RO        10974    .text               mf_w.l(cdcmple.o)
    0x08000720   0x08000720   0x00000030   Code   RO        10976    .text               mf_w.l(cdrcmple.o)
    0x08000750   0x08000750   0x00000038   Code   RO        10978    .text               mf_w.l(d2f.o)
    0x08000788   0x08000788   0x0000001e   Code   RO        11052    .text               mc_w.l(llshl.o)
    0x080007a6   0x080007a6   0x00000020   Code   RO        11054    .text               mc_w.l(llushr.o)
    0x080007c6   0x080007c6   0x00000024   Code   RO        11056    .text               mc_w.l(llsshr.o)
    0x080007ea   0x080007ea   0x00000000   Code   RO        11065    .text               mc_w.l(iusefp.o)
    0x080007ea   0x080007ea   0x0000006e   Code   RO        11066    .text               mf_w.l(fepilogue.o)
    0x08000858   0x08000858   0x000000ba   Code   RO        11068    .text               mf_w.l(depilogue.o)
    0x08000912   0x08000912   0x000000a2   Code   RO        11070    .text               mf_w.l(dsqrt.o)
    0x080009b4   0x080009b4   0x00000004   Code   RO        11072    .text               mf_w.l(fpstat.o)
    0x080009b8   0x080009b8   0x00000024   Code   RO        11074    .text               mc_w.l(init.o)
    0x080009dc   0x080009dc   0x00000056   Code   RO        11084    .text               mc_w.l(__dczerorl2.o)
    0x08000a32   0x08000a32   0x0000000e   Code   RO         9250    i.$Sub$$main        components.o
    0x08000a40   0x08000a40   0x000005f0   Code   RO         7361    i.ANO_DT_Data_Exchange  ano_dt.o
    0x08001030   0x08001030   0x00000044   Code   RO         7362    i.ANO_DT_Send_Check  ano_dt.o
    0x08001074   0x08001074   0x0000001c   Code   RO         7363    i.ANO_DT_Send_Data  ano_dt.o
    0x08001090   0x08001090   0x00000118   Code   RO         7364    i.ANO_DT_Send_GPS   ano_dt.o
    0x080011a8   0x080011a8   0x000000ac   Code   RO         7365    i.ANO_DT_Send_Height  ano_dt.o
    0x08001254   0x08001254   0x0000012c   Code   RO         7366    i.ANO_DT_Send_MotoPWM  ano_dt.o
    0x08001380   0x08001380   0x0000023c   Code   RO         7367    i.ANO_DT_Send_PID   ano_dt.o
    0x080015bc   0x080015bc   0x00000090   Code   RO         7368    i.ANO_DT_Send_Power  ano_dt.o
    0x0800164c   0x0800164c   0x00000164   Code   RO         7369    i.ANO_DT_Send_RCData  ano_dt.o
    0x080017b0   0x080017b0   0x0000017c   Code   RO         7370    i.ANO_DT_Send_Senser  ano_dt.o
    0x0800192c   0x0800192c   0x0000015c   Code   RO         7371    i.ANO_DT_Send_Status  ano_dt.o
    0x08001a88   0x08001a88   0x000000c8   Code   RO         7372    i.ANO_DT_Send_Version  ano_dt.o
    0x08001b50   0x08001b50   0x000000b8   Code   RO         7373    i.ANO_DT_Send_XYZ_Speed  ano_dt.o
    0x08001c08   0x08001c08   0x000000bc   Code   RO         6321    i.At24cxx_SimI2c_ReadOneByte  bsp_eeprom_at24cxx.o
    0x08001cc4   0x08001cc4   0x000000a4   Code   RO         6322    i.At24cxx_SimI2c_WriteOneByte  bsp_eeprom_at24cxx.o
    0x08001d68   0x08001d68   0x00000004   Code   RO         5954    i.BusFault_Handler  stm32f4xx_it.o
    0x08001d6c   0x08001d6c   0x00000034   Code   RO         1232    i.DMA_ClearFlag     stm32f4xx_dma.o
    0x08001da0   0x08001da0   0x00000016   Code   RO         1234    i.DMA_Cmd           stm32f4xx_dma.o
    0x08001db6   0x08001db6   0x00000002   PAD
    0x08001db8   0x08001db8   0x00000158   Code   RO         1235    i.DMA_DeInit        stm32f4xx_dma.o
    0x08001f10   0x08001f10   0x00000014   Code   RO         1239    i.DMA_GetCmdStatus  stm32f4xx_dma.o
    0x08001f24   0x08001f24   0x00000008   Code   RO         1240    i.DMA_GetCurrDataCounter  stm32f4xx_dma.o
    0x08001f2c   0x08001f2c   0x00000044   Code   RO         1243    i.DMA_GetFlagStatus  stm32f4xx_dma.o
    0x08001f70   0x08001f70   0x0000003a   Code   RO         1245    i.DMA_ITConfig      stm32f4xx_dma.o
    0x08001faa   0x08001faa   0x00000002   PAD
    0x08001fac   0x08001fac   0x00000058   Code   RO         1246    i.DMA_Init          stm32f4xx_dma.o
    0x08002004   0x08002004   0x00000004   Code   RO         1249    i.DMA_SetCurrDataCounter  stm32f4xx_dma.o
    0x08002008   0x08002008   0x00000002   Code   RO         5955    i.DebugMon_Handler  stm32f4xx_it.o
    0x0800200a   0x0800200a   0x00000002   PAD
    0x0800200c   0x0800200c   0x00000028   Code   RO         5956    i.EXTI15_10_IRQHandler  stm32f4xx_it.o
    0x08002034   0x08002034   0x0000000c   Code   RO         1521    i.EXTI_ClearITPendingBit  stm32f4xx_exti.o
    0x08002040   0x08002040   0x00000018   Code   RO         1525    i.EXTI_GetITStatus  stm32f4xx_exti.o
    0x08002058   0x08002058   0x00000094   Code   RO         1526    i.EXTI_Init         stm32f4xx_exti.o
    0x080020ec   0x080020ec   0x00000090   Code   RO         1899    i.GPIO_Init         stm32f4xx_gpio.o
    0x0800217c   0x0800217c   0x00000046   Code   RO         1900    i.GPIO_PinAFConfig  stm32f4xx_gpio.o
    0x080021c2   0x080021c2   0x00000012   Code   RO         1903    i.GPIO_ReadInputDataBit  stm32f4xx_gpio.o
    0x080021d4   0x080021d4   0x00000004   Code   RO         1906    i.GPIO_ResetBits    stm32f4xx_gpio.o
    0x080021d8   0x080021d8   0x00000004   Code   RO         1907    i.GPIO_SetBits      stm32f4xx_gpio.o
    0x080021dc   0x080021dc   0x000000a4   Code   RO         6781    i.Hmc5983_SimI2c_ReadSomeByte  bsp_mag_hmc5983.o
    0x08002280   0x08002280   0x00000068   Code   RO         6782    i.Hmc5983_SimI2c_WriteOneByte  bsp_mag_hmc5983.o
    0x080022e8   0x080022e8   0x00000018   Code   RO         2193    i.I2C_Cmd           stm32f4xx_i2c.o
    0x08002300   0x08002300   0x000000e8   Code   RO         2208    i.I2C_Init          stm32f4xx_i2c.o
    0x080023e8   0x080023e8   0x00000004   Code   RO         5957    i.MemManage_Handler  stm32f4xx_it.o
    0x080023ec   0x080023ec   0x000000a4   Code   RO         6568    i.Mpu6050_SimI2c_ReadSomeByte  bsp_imu_mpu6050.o
    0x08002490   0x08002490   0x00000068   Code   RO         6569    i.Mpu6050_SimI2c_WriteOneByte  bsp_imu_mpu6050.o
    0x080024f8   0x080024f8   0x00000002   Code   RO         5958    i.NMI_Handler       stm32f4xx_it.o
    0x080024fa   0x080024fa   0x00000002   PAD
    0x080024fc   0x080024fc   0x00000078   Code   RO          155    i.NVIC_Init         misc.o
    0x08002574   0x08002574   0x00000014   Code   RO          156    i.NVIC_PriorityGroupConfig  misc.o
    0x08002588   0x08002588   0x00000020   Code   RO         2825    i.RCC_AHB1PeriphClockCmd  stm32f4xx_rcc.o
    0x080025a8   0x080025a8   0x00000020   Code   RO         2828    i.RCC_AHB2PeriphClockCmd  stm32f4xx_rcc.o
    0x080025c8   0x080025c8   0x00000020   Code   RO         2831    i.RCC_AHB3PeriphClockCmd  stm32f4xx_rcc.o
    0x080025e8   0x080025e8   0x00000020   Code   RO         2834    i.RCC_APB1PeriphClockCmd  stm32f4xx_rcc.o
    0x08002608   0x08002608   0x00000020   Code   RO         2837    i.RCC_APB2PeriphClockCmd  stm32f4xx_rcc.o
    0x08002628   0x08002628   0x000000e8   Code   RO         2846    i.RCC_GetClocksFreq  stm32f4xx_rcc.o
    0x08002710   0x08002710   0x00000002   Code   RO         5959    i.SVC_Handler       stm32f4xx_it.o
    0x08002712   0x08002712   0x00000002   PAD
    0x08002714   0x08002714   0x00000040   Code   RO         4148    i.SYSCFG_EXTILineConfig  stm32f4xx_syscfg.o
    0x08002754   0x08002754   0x000000ec   Code   RO           13    i.SetSysClock       system_stm32f4xx.o
    0x08002840   0x08002840   0x000000a4   Code   RO         6961    i.Spl06_SimI2c_ReadSomeByte  bsp_bero_spl06.o
    0x080028e4   0x080028e4   0x00000068   Code   RO         6962    i.Spl06_SimI2c_WriteOneByte  bsp_bero_spl06.o
    0x0800294c   0x0800294c   0x00000010   Code   RO         9148    i.SysTick_Handler   board.o
    0x0800295c   0x0800295c   0x00000068   Code   RO           15    i.SystemInit        system_stm32f4xx.o
    0x080029c4   0x080029c4   0x0000003a   Code   RO         4205    i.TI1_Config        stm32f4xx_tim.o
    0x080029fe   0x080029fe   0x00000050   Code   RO         4206    i.TI2_Config        stm32f4xx_tim.o
    0x08002a4e   0x08002a4e   0x00000048   Code   RO         4207    i.TI3_Config        stm32f4xx_tim.o
    0x08002a96   0x08002a96   0x00000050   Code   RO         4208    i.TI4_Config        stm32f4xx_tim.o
    0x08002ae6   0x08002ae6   0x00000002   PAD
    0x08002ae8   0x08002ae8   0x00000038   Code   RO         5960    i.TIM1_BRK_TIM9_IRQHandler  stm32f4xx_it.o
    0x08002b20   0x08002b20   0x000000e0   Code   RO         5961    i.TIM2_IRQHandler   stm32f4xx_it.o
    0x08002c00   0x08002c00   0x000000e0   Code   RO         5962    i.TIM7_IRQHandler   stm32f4xx_it.o
    0x08002ce0   0x08002ce0   0x00000018   Code   RO         4209    i.TIM_ARRPreloadConfig  stm32f4xx_tim.o
    0x08002cf8   0x08002cf8   0x00000006   Code   RO         4215    i.TIM_ClearFlag     stm32f4xx_tim.o
    0x08002cfe   0x08002cfe   0x00000006   Code   RO         4216    i.TIM_ClearITPendingBit  stm32f4xx_tim.o
    0x08002d04   0x08002d04   0x00000018   Code   RO         4221    i.TIM_Cmd           stm32f4xx_tim.o
    0x08002d1c   0x08002d1c   0x00000022   Code   RO         4242    i.TIM_GetITStatus   stm32f4xx_tim.o
    0x08002d3e   0x08002d3e   0x0000006e   Code   RO         4244    i.TIM_ICInit        stm32f4xx_tim.o
    0x08002dac   0x08002dac   0x00000012   Code   RO         4246    i.TIM_ITConfig      stm32f4xx_tim.o
    0x08002dbe   0x08002dbe   0x00000002   PAD
    0x08002dc0   0x08002dc0   0x0000007c   Code   RO         4250    i.TIM_OC1Init       stm32f4xx_tim.o
    0x08002e3c   0x08002e3c   0x00000012   Code   RO         4253    i.TIM_OC1PreloadConfig  stm32f4xx_tim.o
    0x08002e4e   0x08002e4e   0x00000002   PAD
    0x08002e50   0x08002e50   0x000000a4   Code   RO         4255    i.TIM_OC2Init       stm32f4xx_tim.o
    0x08002ef4   0x08002ef4   0x0000001a   Code   RO         4258    i.TIM_OC2PreloadConfig  stm32f4xx_tim.o
    0x08002f0e   0x08002f0e   0x00000002   PAD
    0x08002f10   0x08002f10   0x000000a0   Code   RO         4260    i.TIM_OC3Init       stm32f4xx_tim.o
    0x08002fb0   0x08002fb0   0x00000012   Code   RO         4263    i.TIM_OC3PreloadConfig  stm32f4xx_tim.o
    0x08002fc2   0x08002fc2   0x00000002   PAD
    0x08002fc4   0x08002fc4   0x00000078   Code   RO         4265    i.TIM_OC4Init       stm32f4xx_tim.o
    0x0800303c   0x0800303c   0x0000001a   Code   RO         4267    i.TIM_OC4PreloadConfig  stm32f4xx_tim.o
    0x08003056   0x08003056   0x00000004   Code   RO         4283    i.TIM_SetCompare1   stm32f4xx_tim.o
    0x0800305a   0x0800305a   0x00000004   Code   RO         4284    i.TIM_SetCompare2   stm32f4xx_tim.o
    0x0800305e   0x0800305e   0x00000004   Code   RO         4285    i.TIM_SetCompare3   stm32f4xx_tim.o
    0x08003062   0x08003062   0x00000004   Code   RO         4286    i.TIM_SetCompare4   stm32f4xx_tim.o
    0x08003066   0x08003066   0x00000012   Code   RO         4288    i.TIM_SetIC1Prescaler  stm32f4xx_tim.o
    0x08003078   0x08003078   0x0000001a   Code   RO         4289    i.TIM_SetIC2Prescaler  stm32f4xx_tim.o
    0x08003092   0x08003092   0x00000012   Code   RO         4290    i.TIM_SetIC3Prescaler  stm32f4xx_tim.o
    0x080030a4   0x080030a4   0x0000001a   Code   RO         4291    i.TIM_SetIC4Prescaler  stm32f4xx_tim.o
    0x080030be   0x080030be   0x00000002   PAD
    0x080030c0   0x080030c0   0x00000084   Code   RO         4293    i.TIM_TimeBaseInit  stm32f4xx_tim.o
    0x08003144   0x08003144   0x0000008c   Code   RO         5963    i.UART4_IRQHandler  stm32f4xx_it.o
    0x080031d0   0x080031d0   0x000000b8   Code   RO         5964    i.UART5_IRQHandler  stm32f4xx_it.o
    0x08003288   0x08003288   0x000000d0   Code   RO         5965    i.USART1_IRQHandler  stm32f4xx_it.o
    0x08003358   0x08003358   0x0000001e   Code   RO         4772    i.USART_ClearITPendingBit  stm32f4xx_usart.o
    0x08003376   0x08003376   0x00000018   Code   RO         4775    i.USART_Cmd         stm32f4xx_usart.o
    0x0800338e   0x0800338e   0x00000012   Code   RO         4776    i.USART_DMACmd      stm32f4xx_usart.o
    0x080033a0   0x080033a0   0x0000001a   Code   RO         4778    i.USART_GetFlagStatus  stm32f4xx_usart.o
    0x080033ba   0x080033ba   0x00000054   Code   RO         4779    i.USART_GetITStatus  stm32f4xx_usart.o
    0x0800340e   0x0800340e   0x0000004a   Code   RO         4781    i.USART_ITConfig    stm32f4xx_usart.o
    0x08003458   0x08003458   0x000000d4   Code   RO         4782    i.USART_Init        stm32f4xx_usart.o
    0x0800352c   0x0800352c   0x0000000a   Code   RO         4789    i.USART_ReceiveData  stm32f4xx_usart.o
    0x08003536   0x08003536   0x00000008   Code   RO         4792    i.USART_SendData    stm32f4xx_usart.o
    0x0800353e   0x0800353e   0x00000004   Code   RO         5966    i.UsageFault_Handler  stm32f4xx_it.o
    0x08003542   0x08003542   0x00000002   PAD
    0x08003544   0x08003544   0x0000001c   Code   RO         7491    i.VCAN_DT_Send_Data  vcan_dt.o
    0x08003560   0x08003560   0x0000039a   Code   RO         7492    i.VCAN_DT_Wave_Data_Fill_TxBuff  vcan_dt.o
    0x080038fa   0x080038fa   0x00000030   Code   RO        10997    i.__ARM_fpclassify  m_wm.l(fpclassify.o)
    0x0800392a   0x0800392a   0x00000026   Code   RO        10999    i.__ARM_fpclassifyf  m_wm.l(fpclassifyf.o)
    0x08003950   0x08003950   0x00000360   Code   RO        10807    i.__hardfp_asin     m_wm.l(asin.o)
    0x08003cb0   0x08003cb0   0x000002d8   Code   RO        10821    i.__hardfp_atan     m_wm.l(atan.o)
    0x08003f88   0x08003f88   0x000001f0   Code   RO        10835    i.__hardfp_atan2    m_wm.l(atan2.o)
    0x08004178   0x08004178   0x000000c8   Code   RO        10847    i.__hardfp_cos      m_wm.l(cos.o)
    0x08004240   0x08004240   0x00000150   Code   RO        10859    i.__hardfp_cosf     m_wm.l(cosf.o)
    0x08004390   0x08004390   0x00000014   Code   RO        10871    i.__hardfp_fabs     m_wm.l(fabs.o)
    0x080043a4   0x080043a4   0x00000070   Code   RO        10877    i.__hardfp_floorf   m_wm.l(floorf.o)
    0x08004414   0x08004414   0x00000664   Code   RO        10883    i.__hardfp_powf     m_wm.l(powf.o)
    0x08004a78   0x08004a78   0x000000c8   Code   RO        10897    i.__hardfp_sin      m_wm.l(sin.o)
    0x08004b40   0x08004b40   0x0000007a   Code   RO        10909    i.__hardfp_sqrt     m_wm.l(sqrt.o)
    0x08004bba   0x08004bba   0x0000003a   Code   RO        10921    i.__hardfp_sqrtf    m_wm.l(sqrtf.o)
    0x08004bf4   0x08004bf4   0x00000004   PAD
    0x08004bf8   0x08004bf8   0x00000438   Code   RO        11018    i.__ieee754_rem_pio2  m_wm.l(rred.o)
    0x08005030   0x08005030   0x00000170   Code   RO        10980    i.__kernel_cos      m_wm.l(cos_i.o)
    0x080051a0   0x080051a0   0x000000f8   Code   RO        11015    i.__kernel_poly     m_wm.l(poly.o)
    0x08005298   0x08005298   0x00000130   Code   RO        11026    i.__kernel_sin      m_wm.l(sin_i.o)
    0x080053c8   0x080053c8   0x00000014   Code   RO        10984    i.__mathlib_dbl_infnan  m_wm.l(dunder.o)
    0x080053dc   0x080053dc   0x00000014   Code   RO        10985    i.__mathlib_dbl_infnan2  m_wm.l(dunder.o)
    0x080053f0   0x080053f0   0x00000020   Code   RO        10986    i.__mathlib_dbl_invalid  m_wm.l(dunder.o)
    0x08005410   0x08005410   0x00000020   Code   RO        10989    i.__mathlib_dbl_underflow  m_wm.l(dunder.o)
    0x08005430   0x08005430   0x00000014   Code   RO        11001    i.__mathlib_flt_divzero  m_wm.l(funder.o)
    0x08005444   0x08005444   0x00000006   Code   RO        11002    i.__mathlib_flt_infnan  m_wm.l(funder.o)
    0x0800544a   0x0800544a   0x00000006   Code   RO        11003    i.__mathlib_flt_infnan2  m_wm.l(funder.o)
    0x08005450   0x08005450   0x00000010   Code   RO        11004    i.__mathlib_flt_invalid  m_wm.l(funder.o)
    0x08005460   0x08005460   0x00000010   Code   RO        11005    i.__mathlib_flt_overflow  m_wm.l(funder.o)
    0x08005470   0x08005470   0x00000010   Code   RO        11007    i.__mathlib_flt_underflow  m_wm.l(funder.o)
    0x08005480   0x08005480   0x00000154   Code   RO        11023    i.__mathlib_rredf2  m_wm.l(rredf.o)
    0x080055d4   0x080055d4   0x0000004c   Code   RO         9777    i.__rt_ffs          kservice.o
    0x08005620   0x08005620   0x0000000e   Code   RO        11078    i.__scatterload_copy  mc_w.l(handlers.o)
    0x0800562e   0x0800562e   0x00000002   Code   RO        11079    i.__scatterload_null  mc_w.l(handlers.o)
    0x08005630   0x08005630   0x0000000e   Code   RO        11080    i.__scatterload_zeroinit  mc_w.l(handlers.o)
    0x0800563e   0x0800563e   0x00000002   PAD
    0x08005640   0x08005640   0x0000000c   Code   RO        11060    i.__set_errno       mc_w.l(errno.o)
    0x0800564c   0x0800564c   0x00000014   Code   RO         9410    i._has_defunct_thread  idle.o
    0x08005660   0x08005660   0x00000058   Code   RO        10197    i._rt_scheduler_stack_check  scheduler.o
    0x080056b8   0x080056b8   0x000000d4   Code   RO        10288    i._rt_thread_init   thread.o
    0x0800578c   0x0800578c   0x00000042   Code   RO        10431    i._rt_timer_init    timer.o
    0x080057ce   0x080057ce   0x0000002e   Code   RO        10432    i._rt_timer_remove  timer.o
    0x080057fc   0x080057fc   0x000002cc   Code   RO         7911    i.ahrs_compute_rotation_matrix  ahrs_caculation.o
    0x08005ac8   0x08005ac8   0x000001a0   Code   RO         7912    i.ahrs_euler_by_acc  ahrs_caculation.o
    0x08005c68   0x08005c68   0x0000058a   Code   RO         7913    i.ahrs_euler_to_quaternion  ahrs_caculation.o
    0x080061f2   0x080061f2   0x00000002   PAD
    0x080061f4   0x080061f4   0x000002b8   Code   RO         7914    i.ahrs_get_init_euler  ahrs_caculation.o
    0x080064ac   0x080064ac   0x00000f9c   Code   RO         7915    i.ahrs_grades_calculat_attitude  ahrs_caculation.o
    0x08007448   0x08007448   0x000005b0   Code   RO         7916    i.ahrs_imu_data_get_and_dp  ahrs_caculation.o
    0x080079f8   0x080079f8   0x00000194   Code   RO         7917    i.ahrs_mag_data_get_and_dp  ahrs_caculation.o
    0x08007b8c   0x08007b8c   0x000000b0   Code   RO         7919    i.ahrs_quaternion_init  ahrs_caculation.o
    0x08007c3c   0x08007c3c   0x00000084   Code   RO         7920    i.ahrs_vector_body_to_earth  ahrs_caculation.o
    0x08007cc0   0x08007cc0   0x00000084   Code   RO         7921    i.ahrs_vector_earth_to_body  ahrs_caculation.o
    0x08007d44   0x08007d44   0x00000010   Code   RO        10823    i.atan              m_wm.l(atan.o)
    0x08007d54   0x08007d54   0x0000019c   Code   RO         8016    i.bero_altitude_data_get_and_dp  attitude_aircraft.o
    0x08007ef0   0x08007ef0   0x00000048   Code   RO         7273    i.bsp_AHRS_Module_Init  bsp_boardlib.o
    0x08007f38   0x08007f38   0x0000004a   Code   RO         6323    i.bsp_AT24CXX_Check  bsp_eeprom_at24cxx.o
    0x08007f82   0x08007f82   0x00000002   PAD
    0x08007f84   0x08007f84   0x00000028   Code   RO         6324    i.bsp_AT24CXX_Init  bsp_eeprom_at24cxx.o
    0x08007fac   0x08007fac   0x00000016   Code   RO         6325    i.bsp_AT24CXX_ReadOneByte  bsp_eeprom_at24cxx.o
    0x08007fc2   0x08007fc2   0x00000066   Code   RO         6328    i.bsp_AT24CXX_Read_1_FloatData  bsp_eeprom_at24cxx.o
    0x08008028   0x08008028   0x00000054   Code   RO         6329    i.bsp_AT24CXX_Read_1_S16Data  bsp_eeprom_at24cxx.o
    0x0800807c   0x0800807c   0x00000050   Code   RO         6333    i.bsp_AT24CXX_Read_3_FloatData  bsp_eeprom_at24cxx.o
    0x080080cc   0x080080cc   0x00000050   Code   RO         6334    i.bsp_AT24CXX_Read_3_S16Data  bsp_eeprom_at24cxx.o
    0x0800811c   0x0800811c   0x00000014   Code   RO         6338    i.bsp_AT24CXX_WriteOneByte  bsp_eeprom_at24cxx.o
    0x08008130   0x08008130   0x0000003c   Code   RO         6341    i.bsp_AT24CXX_Write_1_FloatData  bsp_eeprom_at24cxx.o
    0x0800816c   0x0800816c   0x0000002c   Code   RO         6342    i.bsp_AT24CXX_Write_1_S16Data  bsp_eeprom_at24cxx.o
    0x08008198   0x08008198   0x00000048   Code   RO         6346    i.bsp_AT24CXX_Write_3_FloatData  bsp_eeprom_at24cxx.o
    0x080081e0   0x080081e0   0x0000003a   Code   RO         6347    i.bsp_AT24CXX_Write_3_S16Data  bsp_eeprom_at24cxx.o
    0x0800821a   0x0800821a   0x00000020   Code   RO         7274    i.bsp_BASE_Module_Init  bsp_boardlib.o
    0x0800823a   0x0800823a   0x00000002   PAD
    0x0800823c   0x0800823c   0x00000030   Code   RO         7275    i.bsp_BERO_Module_Init  bsp_boardlib.o
    0x0800826c   0x0800826c   0x000000a8   Code   RO         7276    i.bsp_BoardLib_Init  bsp_boardlib.o
    0x08008314   0x08008314   0x00000188   Code   RO         7158    i.bsp_GPS_M8N_Init  bsp_gps_m8n.o
    0x0800849c   0x0800849c   0x000000fc   Code   RO         7159    i.bsp_GPS_M8N_Make_Command  bsp_gps_m8n.o
    0x08008598   0x08008598   0x00000298   Code   RO         7160    i.bsp_GPS_M8N_PVT_Parse  bsp_gps_m8n.o
    0x08008830   0x08008830   0x00000064   Code   RO         7161    i.bsp_GPS_M8N_Reform_PVT_Data  bsp_gps_m8n.o
    0x08008894   0x08008894   0x00000030   Code   RO         7277    i.bsp_GPS_Module_Init  bsp_boardlib.o
    0x080088c4   0x080088c4   0x00000030   Code   RO         7278    i.bsp_HCI_Module_Init  bsp_boardlib.o
    0x080088f4   0x080088f4   0x00000060   Code   RO         6783    i.bsp_HMC5983_Get_Mag_Data  bsp_mag_hmc5983.o
    0x08008954   0x08008954   0x00000098   Code   RO         6786    i.bsp_HMC5983_Init  bsp_mag_hmc5983.o
    0x080089ec   0x080089ec   0x0000004e   Code   RO         6570    i.bsp_MPU6050_GetAcc  bsp_imu_mpu6050.o
    0x08008a3a   0x08008a3a   0x0000004c   Code   RO         6571    i.bsp_MPU6050_GetGyro  bsp_imu_mpu6050.o
    0x08008a86   0x08008a86   0x00000020   Code   RO         6572    i.bsp_MPU6050_GetId  bsp_imu_mpu6050.o
    0x08008aa6   0x08008aa6   0x00000002   PAD
    0x08008aa8   0x08008aa8   0x00000110   Code   RO         6574    i.bsp_MPU6050_Init  bsp_imu_mpu6050.o
    0x08008bb8   0x08008bb8   0x0000003a   Code   RO         7279    i.bsp_Mut_Module_Init_Result  bsp_boardlib.o
    0x08008bf2   0x08008bf2   0x0000001a   Code   RO         6092    i.bsp_OLED0_96_Clear  bsp_hci_oled0_96.o
    0x08008c0c   0x08008c0c   0x00000054   Code   RO         6095    i.bsp_OLED0_96_Display_Part  bsp_hci_oled0_96.o
    0x08008c60   0x08008c60   0x00000076   Code   RO         6096    i.bsp_OLED0_96_DrawBMP  bsp_hci_oled0_96.o
    0x08008cd6   0x08008cd6   0x00000002   PAD
    0x08008cd8   0x08008cd8   0x00000134   Code   RO         6097    i.bsp_OLED0_96_Init  bsp_hci_oled0_96.o
    0x08008e0c   0x08008e0c   0x00000032   Code   RO         6098    i.bsp_OLED0_96_Set_Pos  bsp_hci_oled0_96.o
    0x08008e3e   0x08008e3e   0x00000002   PAD
    0x08008e40   0x08008e40   0x000000d8   Code   RO         6099    i.bsp_OLED0_96_ShowCHinese  bsp_hci_oled0_96.o
    0x08008f18   0x08008f18   0x0000010c   Code   RO         6100    i.bsp_OLED0_96_ShowChar  bsp_hci_oled0_96.o
    0x08009024   0x08009024   0x000001b8   Code   RO         6101    i.bsp_OLED0_96_ShowNum  bsp_hci_oled0_96.o
    0x080091dc   0x080091dc   0x00000078   Code   RO         6102    i.bsp_OLED0_96_ShowString  bsp_hci_oled0_96.o
    0x08009254   0x08009254   0x0000009c   Code   RO         6103    i.bsp_OLED0_96_Show_Calendar  bsp_hci_oled0_96.o
    0x080092f0   0x080092f0   0x00000152   Code   RO         6104    i.bsp_OLED0_96_Show_Floater  bsp_hci_oled0_96.o
    0x08009442   0x08009442   0x0000009e   Code   RO         6105    i.bsp_OLED0_96_Show_Integer  bsp_hci_oled0_96.o
    0x080094e0   0x080094e0   0x00000072   Code   RO         6106    i.bsp_OLED0_96_Show_Integer_No_Sign  bsp_hci_oled0_96.o
    0x08009552   0x08009552   0x00000012   Code   RO         6107    i.bsp_OLED0_96_Write_Command  bsp_hci_oled0_96.o
    0x08009564   0x08009564   0x00000012   Code   RO         6108    i.bsp_OLED0_96_Write_Data  bsp_hci_oled0_96.o
    0x08009576   0x08009576   0x00000002   PAD
    0x08009578   0x08009578   0x00000030   Code   RO         7280    i.bsp_OPFLOW_Module_Init  bsp_boardlib.o
    0x080095a8   0x080095a8   0x00000144   Code   RO         7208    i.bsp_OPFLOW_UpixelsLC306_Init  bsp_opflow_upixelslc306.o
    0x080096ec   0x080096ec   0x0000012c   Code   RO         7209    i.bsp_OPFLOW_UpixelsLC306_Make_Command  bsp_opflow_upixelslc306.o
    0x08009818   0x08009818   0x000000fc   Code   RO         7210    i.bsp_OPFLOW_UpixelsLC306_POS_Data_Parse  bsp_opflow_upixelslc306.o
    0x08009914   0x08009914   0x00000064   Code   RO         7211    i.bsp_OPFLOW_UpixelsLC306_Reform_Data  bsp_opflow_upixelslc306.o
    0x08009978   0x08009978   0x0000002e   Code   RO         7212    i.bsp_OPFLOW_UpixelsLC306_Response_Data_Parse  bsp_opflow_upixelslc306.o
    0x080099a6   0x080099a6   0x00000002   PAD
    0x080099a8   0x080099a8   0x00000090   Code   RO         6963    i.bsp_SPL06_Get_Altitude  bsp_bero_spl06.o
    0x08009a38   0x08009a38   0x00000210   Code   RO         6964    i.bsp_SPL06_Get_Calib_Coef  bsp_bero_spl06.o
    0x08009c48   0x08009c48   0x000000c4   Code   RO         6965    i.bsp_SPL06_Get_Pressure  bsp_bero_spl06.o
    0x08009d0c   0x08009d0c   0x00000040   Code   RO         6966    i.bsp_SPL06_Get_Pressure_Adc  bsp_bero_spl06.o
    0x08009d4c   0x08009d4c   0x0000005c   Code   RO         6967    i.bsp_SPL06_Get_Temperature  bsp_bero_spl06.o
    0x08009da8   0x08009da8   0x00000040   Code   RO         6968    i.bsp_SPL06_Get_Temperature_Adc  bsp_bero_spl06.o
    0x08009de8   0x08009de8   0x00000068   Code   RO         6969    i.bsp_SPL06_Init    bsp_bero_spl06.o
    0x08009e50   0x08009e50   0x0000017a   Code   RO         6970    i.bsp_SPL06_Pressure_Rate_Set  bsp_bero_spl06.o
    0x08009fca   0x08009fca   0x0000001e   Code   RO         6971    i.bsp_SPL06_Set_And_Start_Measure  bsp_bero_spl06.o
    0x08009fe8   0x08009fe8   0x00000194   Code   RO         6972    i.bsp_SPL06_Temperature_Rate_Set  bsp_bero_spl06.o
    0x0800a17c   0x0800a17c   0x00000034   Code   RO         7281    i.bsp_STOR_Module_Init  bsp_boardlib.o
    0x0800a1b0   0x0800a1b0   0x0000001c   Code   RO         7282    i.bsp_ULTR_Module_Init  bsp_boardlib.o
    0x0800a1cc   0x0800a1cc   0x00000128   Code   RO         8193    i.calib_Acc_Data_Dp  calib_sensordata.o
    0x0800a2f4   0x0800a2f4   0x000002ac   Code   RO         8194    i.calib_Acc_Gauss_Newton_Dp  calib_sensordata.o
    0x0800a5a0   0x0800a5a0   0x0000006c   Code   RO         8195    i.calib_Acc_Sensor_System_Reset  calib_sensordata.o
    0x0800a60c   0x0800a60c   0x0000015c   Code   RO         8196    i.calib_Acc_Sensor_parameter_Read  calib_sensordata.o
    0x0800a768   0x0800a768   0x00000164   Code   RO         8197    i.calib_ElipsoidCorrect_Find_Delta  calib_sensordata.o
    0x0800a8cc   0x0800a8cc   0x00000044   Code   RO         8198    i.calib_ElipsoidCorrect_Matrix_Reset  calib_sensordata.o
    0x0800a910   0x0800a910   0x000000f6   Code   RO         8199    i.calib_ElipsoidCorrect_Matrix_Update  calib_sensordata.o
    0x0800aa06   0x0800aa06   0x00000002   PAD
    0x0800aa08   0x0800aa08   0x00000074   Code   RO         8200    i.calib_Mag_Data_Dp  calib_sensordata.o
    0x0800aa7c   0x0800aa7c   0x000000c0   Code   RO         8201    i.calib_Mag_Sensor_System_Reset  calib_sensordata.o
    0x0800ab3c   0x0800ab3c   0x00000060   Code   RO         8202    i.calib_Mag_Sensor_parameter_Read  calib_sensordata.o
    0x0800ab9c   0x0800ab9c   0x0000037c   Code   RO         8203    i.calib_acc_sensor_check  calib_sensordata.o
    0x0800af18   0x0800af18   0x00000348   Code   RO         8204    i.calib_acc_sensor_dp  calib_sensordata.o
    0x0800b260   0x0800b260   0x00000048   Code   RO         8205    i.calib_all_sensor_parameter_read  calib_sensordata.o
    0x0800b2a8   0x0800b2a8   0x00000210   Code   RO         8206    i.calib_mag_sensor_check  calib_sensordata.o
    0x0800b4b8   0x0800b4b8   0x00000e78   Code   RO         8207    i.calib_mag_sensor_dp  calib_sensordata.o
    0x0800c330   0x0800c330   0x00000158   Code   RO         8208    i.calib_mag_sensor_lsiv_accumulate  calib_sensordata.o
    0x0800c488   0x0800c488   0x00000570   Code   RO         8209    i.calib_mag_sensor_lsiv_calculate  calib_sensordata.o
    0x0800c9f8   0x0800c9f8   0x00000010   Code   RO         8798    i.control_fly_mission_bero_gps_write_pos  control_mission.o
    0x0800ca08   0x0800ca08   0x000000d0   Code   RO         8799    i.control_fly_mission_check_bero_gps_pos  control_mission.o
    0x0800cad8   0x0800cad8   0x000000cc   Code   RO         8800    i.control_fly_mission_check_ultr_opflow_pos  control_mission.o
    0x0800cba4   0x0800cba4   0x00000074   Code   RO         8801    i.control_fly_mission_clear  control_mission.o
    0x0800cc18   0x0800cc18   0x00000036   Code   RO         8804    i.control_fly_mission_machine_reset  control_mission.o
    0x0800cc4e   0x0800cc4e   0x00000002   PAD
    0x0800cc50   0x0800cc50   0x0000013c   Code   RO         8805    i.control_fly_mission_onekey_fly  control_mission.o
    0x0800cd8c   0x0800cd8c   0x0000001e   Code   RO         8806    i.control_fly_mission_set  control_mission.o
    0x0800cdaa   0x0800cdaa   0x00000002   PAD
    0x0800cdac   0x0800cdac   0x000000c4   Code   RO         6054    i.cpu_usage_idle_hook  rtos_cpuusage.o
    0x0800ce70   0x0800ce70   0x00000010   Code   RO         6055    i.cpu_usage_init    rtos_cpuusage.o
    0x0800ce80   0x0800ce80   0x00000110   Code   RO         8534    i.ctrl_Attitude_Angle_Control_Dp  control_aircraft.o
    0x0800cf90   0x0800cf90   0x0000000c   Code   RO         8535    i.ctrl_Attitude_Control_Dp  control_aircraft.o
    0x0800cf9c   0x0800cf9c   0x000001c8   Code   RO         8536    i.ctrl_Attitude_Gyro_Control_Dp  control_aircraft.o
    0x0800d164   0x0800d164   0x00000370   Code   RO         8537    i.ctrl_Control_Mode_Select  control_aircraft.o
    0x0800d4d4   0x0800d4d4   0x00000040   Code   RO         8709    i.ctrl_Go_Home_Control  control_landing.o
    0x0800d514   0x0800d514   0x000005d8   Code   RO         8710    i.ctrl_Go_Home_GPS_Control  control_landing.o
    0x0800daec   0x0800daec   0x00000530   Code   RO         8711    i.ctrl_Go_Home_Horizontal_Control  control_landing.o
    0x0800e01c   0x0800e01c   0x0000001c   Code   RO         8712    i.ctrl_Go_Home_Horizontal_Hand_Meddle  control_landing.o
    0x0800e038   0x0800e038   0x00000120   Code   RO         8713    i.ctrl_Go_Home_Status_Update  control_landing.o
    0x0800e158   0x0800e158   0x00000400   Code   RO         8714    i.ctrl_Go_Home_Vertical_Control  control_landing.o
    0x0800e558   0x0800e558   0x00000060   Code   RO         8715    i.ctrl_Go_Home_Vertical_Hand_Meddle  control_landing.o
    0x0800e5b8   0x0800e5b8   0x00000114   Code   RO         8716    i.ctrl_Land_Ground_Control  control_landing.o
    0x0800e6cc   0x0800e6cc   0x000000dc   Code   RO         8717    i.ctrl_Landing_Status_Check  control_landing.o
    0x0800e7a8   0x0800e7a8   0x00000032   Code   RO         8718    i.ctrl_Landing_ThrottleOutput_Min_Get  control_landing.o
    0x0800e7da   0x0800e7da   0x00000002   PAD
    0x0800e7dc   0x0800e7dc   0x000001d0   Code   RO         8538    i.ctrl_MainLeading_Control_Dp  control_aircraft.o
    0x0800e9ac   0x0800e9ac   0x00000260   Code   RO         8539    i.ctrl_Throttle_DipAngle_Compensate  control_aircraft.o
    0x0800ec0c   0x0800ec0c   0x00000034   Code   RO         8540    i.ctrl_auto_control_system_dp  control_aircraft.o
    0x0800ec40   0x0800ec40   0x00000704   Code   RO         8541    i.ctrl_auto_control_system_output  control_aircraft.o
    0x0800f344   0x0800f344   0x0000004c   Code   RO         8542    i.ctrl_autocontrol_para_init  control_aircraft.o
    0x0800f390   0x0800f390   0x00000018   Code   RO        10873    i.fabs              m_wm.l(fabs.o)
    0x0800f3a8   0x0800f3a8   0x0000000a   Code   RO         8210    i.fabsf             calib_sensordata.o
    0x0800f3b2   0x0800f3b2   0x00000022   Code   RO         8809    i.feed_control_fly_mission_check_dog  control_mission.o
    0x0800f3d4   0x0800f3d4   0x00000166   Code   RO         8902    i.filter_AccAttLpButterworth_Dp  filter_dataprocess.o
    0x0800f53a   0x0800f53a   0x00000002   PAD
    0x0800f53c   0x0800f53c   0x00000090   Code   RO         8903    i.filter_AccFuncLpButterworth_Dp  filter_dataprocess.o
    0x0800f5cc   0x0800f5cc   0x0000006e   Code   RO         8904    i.filter_BaroAltitudeLpButterworth_Dp  filter_dataprocess.o
    0x0800f63a   0x0800f63a   0x0000006e   Code   RO         8909    i.filter_GyroFuncLpButterworth_Dp  filter_dataprocess.o
    0x0800f6a8   0x0800f6a8   0x000005dc   Code   RO         9035    i.filter_Kalman_Estimate_GPS_Horizontal  filter_kalman.o
    0x0800fc84   0x0800fc84   0x0000026a   Code   RO         9036    i.filter_Kalman_Estimate_Vertical  filter_kalman.o
    0x0800feee   0x0800feee   0x00000002   PAD
    0x0800fef0   0x0800fef0   0x0000058c   Code   RO         8911    i.filter_LpButterworth_Matlab_Init  filter_dataprocess.o
    0x0801047c   0x0801047c   0x0000006e   Code   RO         8913    i.filter_Pid_Control_Device_LPF  filter_dataprocess.o
    0x080104ea   0x080104ea   0x000000b2   Code   RO         8914    i.filter_Slider_Average_Dp  filter_dataprocess.o
    0x0801059c   0x0801059c   0x00000024   Code   RO         8916    i.filter_Slider_Init  filter_dataprocess.o
    0x080105c0   0x080105c0   0x00000032   Code   RO         8919    i.filter_origin_data_filter_init  filter_dataprocess.o
    0x080105f2   0x080105f2   0x00000002   PAD
    0x080105f4   0x080105f4   0x0000004c   Code   RO         5899    i.get_Period_Execute_Time_Info  period_execute.o
    0x08010640   0x08010640   0x00000008   Code   RO         8017    i.get_bero_estimate_data_status  attitude_aircraft.o
    0x08010648   0x08010648   0x0000001a   Code   RO         8810    i.get_control_fly_mission_dog_status  control_mission.o
    0x08010662   0x08010662   0x00000002   PAD
    0x08010664   0x08010664   0x00000194   Code   RO         8156    i.get_earth_declination  earth_declination.o
    0x080107f8   0x080107f8   0x00000094   Code   RO         7922    i.get_effective_gravity_acc  ahrs_caculation.o
    0x0801088c   0x0801088c   0x00000006   Code   RO         8018    i.get_gps_home_set_status  attitude_aircraft.o
    0x08010892   0x08010892   0x00000002   PAD
    0x08010894   0x08010894   0x00000154   Code   RO         8157    i.get_lookup_value  earth_declination.o
    0x080109e8   0x080109e8   0x00000008   Code   RO         8019    i.get_ultr_estimate_data_status  attitude_aircraft.o
    0x080109f0   0x080109f0   0x00000094   Code   RO         8020    i.gps_Longitude_Scale  attitude_aircraft.o
    0x08010a84   0x08010a84   0x000000c8   Code   RO         8021    i.gps_Offset_Relative_To_Home  attitude_aircraft.o
    0x08010b4c   0x08010b4c   0x00000054   Code   RO         8022    i.gps_Two_Pos_Segment_Distance  attitude_aircraft.o
    0x08010ba0   0x08010ba0   0x00000060   Code   RO         8023    i.gps_Two_Pos_XY_Offset  attitude_aircraft.o
    0x08010c00   0x08010c00   0x000002a8   Code   RO         8024    i.gps_fix_position_data_get  attitude_aircraft.o
    0x08010ea8   0x08010ea8   0x000000f0   Code   RO         8025    i.gps_home_location_set  attitude_aircraft.o
    0x08010f98   0x08010f98   0x00000010   Code   RO         5665    i.hardware_init     sys_ostask.o
    0x08010fa8   0x08010fa8   0x000004c8   Code   RO         7548    i.hci_Show_Acc_Calib_Process  hci_oledshow.o
    0x08011470   0x08011470   0x000002b8   Code   RO         7549    i.hci_Show_Acc_Calib_Status  hci_oledshow.o
    0x08011728   0x08011728   0x00000030   Code   RO         7550    i.hci_Show_AircraftLogoHoldMs  hci_oledshow.o
    0x08011758   0x08011758   0x00000634   Code   RO         7551    i.hci_Show_Aircraft_Status  hci_oledshow.o
    0x08011d8c   0x08011d8c   0x000004fc   Code   RO         7552    i.hci_Show_Control_System_Parameter  hci_oledshow.o
    0x08012288   0x08012288   0x000003b4   Code   RO         7553    i.hci_Show_Cur_Ahrs_Data  hci_oledshow.o
    0x0801263c   0x0801263c   0x00000020   Code   RO         7554    i.hci_Show_Enable_Hint  hci_oledshow.o
    0x0801265c   0x0801265c   0x0000056c   Code   RO         7555    i.hci_Show_Execute_Period  hci_oledshow.o
    0x08012bc8   0x08012bc8   0x00000490   Code   RO         7556    i.hci_Show_Gps_Data  hci_oledshow.o
    0x08013058   0x08013058   0x000002ec   Code   RO         7557    i.hci_Show_Height_SINS_Data  hci_oledshow.o
    0x08013344   0x08013344   0x00000264   Code   RO         7558    i.hci_Show_High_Sensor_Data  hci_oledshow.o
    0x080135a8   0x080135a8   0x000002f4   Code   RO         7559    i.hci_Show_HorizontalPitch_SINS_Data  hci_oledshow.o
    0x0801389c   0x0801389c   0x000002ec   Code   RO         7560    i.hci_Show_HorizontalRoll_SINS_Data  hci_oledshow.o
    0x08013b88   0x08013b88   0x0000069c   Code   RO         7561    i.hci_Show_InitRateOfProgress  hci_oledshow.o
    0x08014224   0x08014224   0x00000928   Code   RO         7562    i.hci_Show_Mag_Calib_Process  hci_oledshow.o
    0x08014b4c   0x08014b4c   0x000001a8   Code   RO         7563    i.hci_Show_Mag_Calib_Status  hci_oledshow.o
    0x08014cf4   0x08014cf4   0x0000006c   Code   RO         7564    i.hci_Show_Opticflow_Data  hci_oledshow.o
    0x08014d60   0x08014d60   0x00000460   Code   RO         7565    i.hci_Show_Remot_Status  hci_oledshow.o
    0x080151c0   0x080151c0   0x00000344   Code   RO         7567    i.hci_Show_Sensor_Calib_Result  hci_oledshow.o
    0x08015504   0x08015504   0x000001e0   Code   RO         7568    i.hci_remot_switch_show_status  hci_oledshow.o
    0x080156e4   0x080156e4   0x00000124   Code   RO         7569    i.hci_show_on_run_progress  hci_oledshow.o
    0x08015808   0x08015808   0x000000a8   Code   RO         8649    i.horizontal_Acc_Convert_To_Dip_Angle  control_poshold.o
    0x080158b0   0x080158b0   0x00000570   Code   RO         8650    i.horizontal_Control_GPS_PosHold  control_poshold.o
    0x08015e20   0x08015e20   0x0000057c   Code   RO         8651    i.horizontal_Control_OpticFlow_PosHold  control_poshold.o
    0x0801639c   0x0801639c   0x0000003c   Code   RO         8652    i.horizontal_Control_PosHold  control_poshold.o
    0x080163d8   0x080163d8   0x000000f4   Code   RO         8653    i.horizontal_GPS_Get_Stop_Point_XY  control_poshold.o
    0x080164cc   0x080164cc   0x000000e0   Code   RO         8654    i.horizontal_OpticFlow_Get_Stop_Point_XY  control_poshold.o
    0x080165ac   0x080165ac   0x000000f8   Code   RO         8719    i.land_Gps_Offset_Relative_To_Home  control_landing.o
    0x080166a4   0x080166a4   0x00000026   Code   RO         5641    i.main              main.o
    0x080166ca   0x080166ca   0x0000000e   Code   RO         9251    i.main_thread_entry  components.o
    0x080166d8   0x080166d8   0x0000001a   Code   RO         7826    i.math_Abs          math_function.o
    0x080166f2   0x080166f2   0x00000020   Code   RO         7827    i.math_Constrain    math_function.o
    0x08016712   0x08016712   0x00000002   PAD
    0x08016714   0x08016714   0x0000010c   Code   RO         7828    i.math_Floater_Number_Analy  math_function.o
    0x08016820   0x08016820   0x0000004e   Code   RO         7829    i.math_Integer_Number_Analy  math_function.o
    0x0801686e   0x0801686e   0x00000002   PAD
    0x08016870   0x08016870   0x00000034   Code   RO         7830    i.math_InvSqrt      math_function.o
    0x080168a4   0x080168a4   0x00000038   Code   RO         7831    i.math_fast_atan    math_function.o
    0x080168dc   0x080168dc   0x00000008   Code   RO         5666    i.mcu_driver_init   sys_ostask.o
    0x080168e4   0x080168e4   0x0000000c   Code   RO         5667    i.mcu_nvic_init     sys_ostask.o
    0x080168f0   0x080168f0   0x0000000e   Code   RO         5344    i.msp_Dma_Disable   msp_dma.o
    0x080168fe   0x080168fe   0x0000002c   Code   RO         5345    i.msp_Dma_Enable    msp_dma.o
    0x0801692a   0x0801692a   0x0000007a   Code   RO         5346    i.msp_Dma_Init      msp_dma.o
    0x080169a4   0x080169a4   0x00000064   Code   RO         5265    i.msp_EXTI_Init     msp_exti.o
    0x08016a08   0x08016a08   0x000000b4   Code   RO         5436    i.msp_I2c_Init      msp_i2c.o
    0x08016abc   0x08016abc   0x0000012c   Code   RO         5029    i.msp_NVIC_Init     msp_nvic.o
    0x08016be8   0x08016be8   0x0000006c   Code   RO         5810    i.msp_Peripheral_GPIO_Init  sys_mcuinit.o
    0x08016c54   0x08016c54   0x00000042   Code   RO         5380    i.msp_TimAlarm_Init  msp_tim.o
    0x08016c96   0x08016c96   0x000001c6   Code   RO         5383    i.msp_TimPwmIn_Init  msp_tim.o
    0x08016e5c   0x08016e5c   0x000001dc   Code   RO         5384    i.msp_TimPwmOut_Init  msp_tim.o
    0x08017038   0x08017038   0x00000048   Code   RO         5385    i.msp_TimPwmOut_SetPluse  msp_tim.o
    0x08017080   0x08017080   0x0000012e   Code   RO         5291    i.msp_Uart_Init     msp_uart.o
    0x080171ae   0x080171ae   0x00000068   Code   RO         5292    i.msp_Uart_Send_Data  msp_uart.o
    0x08017216   0x08017216   0x00000062   Code   RO         5293    i.msp_uart_recv_data  msp_uart.o
    0x08017278   0x08017278   0x0000000c   Code   RO         5900    i.my_GetTick        period_execute.o
    0x08017284   0x08017284   0x00000010   Code   RO         5901    i.my_Tick_Ins       period_execute.o
    0x08017294   0x08017294   0x00000028   Code   RO         5903    i.nop_delay_us      period_execute.o
    0x080172bc   0x080172bc   0x00000016   Code   RO         6109    i.oled_pow          bsp_hci_oled0_96.o
    0x080172d2   0x080172d2   0x00000002   PAD
    0x080172d4   0x080172d4   0x00000040   Code   RO         8026    i.opflow_Offset_Relative_To_Home  attitude_aircraft.o
    0x08017314   0x08017314   0x00000006   Code   RO         8158    i.pgm_read_byte_far  earth_declination.o
    0x0801731a   0x0801731a   0x00000002   PAD
    0x0801731c   0x0801731c   0x0000020c   Code   RO         8400    i.pid_Control_Div_LPF  pid_system.o
    0x08017528   0x08017528   0x00000200   Code   RO         8403    i.pid_Control_Err_LPF  pid_system.o
    0x08017728   0x08017728   0x000001bc   Code   RO         8404    i.pid_Control_General_Dp  pid_system.o
    0x080178e4   0x080178e4   0x0000020c   Code   RO         8405    i.pid_Control_Yaw_Dp  pid_system.o
    0x08017af0   0x08017af0   0x00000028   Code   RO         8406    i.pid_Horizontal_GPS_Ctrl_Integrate_Reset  pid_system.o
    0x08017b18   0x08017b18   0x00000064   Code   RO         8407    i.pid_Horizontal_Takeoff_Integrate_Reset  pid_system.o
    0x08017b7c   0x08017b7c   0x0000015c   Code   RO         8408    i.pid_Link_Init     pid_system.o
    0x08017cd8   0x08017cd8   0x00000010   Code   RO         8409    i.pid_Link_Integrate_Reset  pid_system.o
    0x08017ce8   0x08017ce8   0x0000079a   Code   RO         8410    i.pid_Parameter_Read_And_Init  pid_system.o
    0x08018482   0x08018482   0x000000d6   Code   RO         8411    i.pid_System_Init   pid_system.o
    0x08018558   0x08018558   0x00000020   Code   RO         8412    i.pid_Vertical_Ctrl_Integrate_Reset  pid_system.o
    0x08018578   0x08018578   0x00000dc0   Code   RO         8413    i.pid_parameter_save_or_reset  pid_system.o
    0x08019338   0x08019338   0x0000010c   Code   RO         9950    i.plug_holes        mem.o
    0x08019444   0x08019444   0x0000000a   Code   RO         7832    i.power_x_2         math_function.o
    0x0801944e   0x0801944e   0x00000034   Code   RO         7834    i.pythagorous2      math_function.o
    0x08019482   0x08019482   0x0000006a   Code   RO         9071    i.remot_Data_Range  remot_dataanaly.o
    0x080194ec   0x080194ec   0x0000021c   Code   RO         9072    i.remot_PPM_AllChannel_Analy  remot_dataanaly.o
    0x08019708   0x08019708   0x00000180   Code   RO         9073    i.remot_aircraft_lock_and_unlock  remot_dataanaly.o
    0x08019888   0x08019888   0x000006d0   Code   RO         9074    i.remot_get_all_channel_data  remot_dataanaly.o
    0x08019f58   0x08019f58   0x00000050   Code   RO         9252    i.rt_application_init  components.o
    0x08019fa8   0x08019fa8   0x00000030   Code   RO         9780    i.rt_assert_handler  kservice.o
    0x08019fd8   0x08019fd8   0x0000001c   Code   RO         9253    i.rt_components_board_init  components.o
    0x08019ff4   0x08019ff4   0x0000001c   Code   RO         9254    i.rt_components_init  components.o
    0x0801a010   0x0801a010   0x0000017c   Code   RO         5865    i.rt_debug_uart_init  sys_debug.o
    0x0801a18c   0x0801a18c   0x00000020   Code   RO        10199    i.rt_enter_critical  scheduler.o
    0x0801a1ac   0x0801a1ac   0x00000048   Code   RO         5668    i.rt_entry_gps_ctrl_data_get  sys_ostask.o
    0x0801a1f4   0x0801a1f4   0x00000040   Code   RO         5669    i.rt_entry_gps_data_horizontal_fusion  sys_ostask.o
    0x0801a234   0x0801a234   0x00000048   Code   RO         5670    i.rt_entry_opticflow_ctrl_data_get  sys_ostask.o
    0x0801a27c   0x0801a27c   0x00000038   Code   RO         5671    i.rt_entry_opticflow_data_horizontal_fusion  sys_ostask.o
    0x0801a2b4   0x0801a2b4   0x00000020   Code   RO         5672    i.rt_entry_thread_base_module  sys_ostask.o
    0x0801a2d4   0x0801a2d4   0x0000006c   Code   RO         5673    i.rt_entry_thread_euler_angle_calculate  sys_ostask.o
    0x0801a340   0x0801a340   0x00000030   Code   RO         5674    i.rt_entry_thread_hci_oled_show  sys_ostask.o
    0x0801a370   0x0801a370   0x00000080   Code   RO         5675    i.rt_entry_thread_hci_slave_and_host  sys_ostask.o
    0x0801a3f0   0x0801a3f0   0x00000028   Code   RO         5676    i.rt_entry_thread_stor_para_rdwr  sys_ostask.o
    0x0801a418   0x0801a418   0x00000040   Code   RO         5677    i.rt_entry_thread_tfsd_fly_log  sys_ostask.o
    0x0801a458   0x0801a458   0x00000054   Code   RO         5678    i.rt_entry_thread_vertical_fusion  sys_ostask.o
    0x0801a4ac   0x0801a4ac   0x000000b4   Code   RO         5679    i.rt_entry_tuav_calib_system  sys_ostask.o
    0x0801a560   0x0801a560   0x00000054   Code   RO         5680    i.rt_entry_uav_ctrl_system  sys_ostask.o
    0x0801a5b4   0x0801a5b4   0x00000048   Code   RO         9467    i.rt_event_init     ipc.o
    0x0801a5fc   0x0801a5fc   0x000001a0   Code   RO         9468    i.rt_event_recv     ipc.o
    0x0801a79c   0x0801a79c   0x00000108   Code   RO         9469    i.rt_event_send     ipc.o
    0x0801a8a4   0x0801a8a4   0x0000003c   Code   RO        10200    i.rt_exit_critical  scheduler.o
    0x0801a8e0   0x0801a8e0   0x00000170   Code   RO         9952    i.rt_free           mem.o
    0x0801aa50   0x0801aa50   0x00000008   Code   RO         9149    i.rt_heap_begin_get  board.o
    0x0801aa58   0x0801aa58   0x00000008   Code   RO         9150    i.rt_heap_end_get   board.o
    0x0801aa60   0x0801aa60   0x00000078   Code   RO         9151    i.rt_hw_board_init  board.o
    0x0801aad8   0x0801aad8   0x0000002c   Code   RO        10553    i.rt_hw_hard_fault_exception  cpuport.o
    0x0801ab04   0x0801ab04   0x00000050   Code   RO        10554    i.rt_hw_stack_init  cpuport.o
    0x0801ab54   0x0801ab54   0x00000038   Code   RO         9738    i.rt_interrupt_enter  irq.o
    0x0801ab8c   0x0801ab8c   0x0000000c   Code   RO         9740    i.rt_interrupt_get_nest  irq.o
    0x0801ab98   0x0801ab98   0x00000038   Code   RO         9741    i.rt_interrupt_leave  irq.o
    0x0801abd0   0x0801abd0   0x00000018   Code   RO         9470    i.rt_ipc_list_resume  ipc.o
    0x0801abe8   0x0801abe8   0x0000006c   Code   RO         9472    i.rt_ipc_list_suspend  ipc.o
    0x0801ac54   0x0801ac54   0x00000010   Code   RO         9473    i.rt_ipc_object_init  ipc.o
    0x0801ac64   0x0801ac64   0x00000006   Code   RO         9474    i.rt_list_init      ipc.o
    0x0801ac6a   0x0801ac6a   0x00000006   Code   RO        10201    i.rt_list_init      scheduler.o
    0x0801ac70   0x0801ac70   0x00000006   Code   RO        10433    i.rt_list_init      timer.o
    0x0801ac76   0x0801ac76   0x0000000e   Code   RO        10090    i.rt_list_insert_after  object.o
    0x0801ac84   0x0801ac84   0x0000000e   Code   RO        10289    i.rt_list_insert_after  thread.o
    0x0801ac92   0x0801ac92   0x0000000e   Code   RO        10434    i.rt_list_insert_after  timer.o
    0x0801aca0   0x0801aca0   0x0000000e   Code   RO         9475    i.rt_list_insert_before  ipc.o
    0x0801acae   0x0801acae   0x00000010   Code   RO         9476    i.rt_list_isempty   ipc.o
    0x0801acbe   0x0801acbe   0x00000010   Code   RO        10435    i.rt_list_isempty   timer.o
    0x0801acce   0x0801acce   0x00000012   Code   RO        10091    i.rt_list_remove    object.o
    0x0801ace0   0x0801ace0   0x00000012   Code   RO        10290    i.rt_list_remove    thread.o
    0x0801acf2   0x0801acf2   0x00000002   PAD
    0x0801acf4   0x0801acf4   0x0000028c   Code   RO         9954    i.rt_malloc         mem.o
    0x0801af80   0x0801af80   0x00000048   Code   RO         9788    i.rt_memset         kservice.o
    0x0801afc8   0x0801afc8   0x000000bc   Code   RO        10092    i.rt_object_allocate  object.o
    0x0801b084   0x0801b084   0x000000a0   Code   RO        10094    i.rt_object_delete  object.o
    0x0801b124   0x0801b124   0x0000005c   Code   RO        10095    i.rt_object_detach  object.o
    0x0801b180   0x0801b180   0x00000028   Code   RO        10098    i.rt_object_get_information  object.o
    0x0801b1a8   0x0801b1a8   0x00000034   Code   RO        10099    i.rt_object_get_type  object.o
    0x0801b1dc   0x0801b1dc   0x0000007c   Code   RO        10100    i.rt_object_init    object.o
    0x0801b258   0x0801b258   0x0000003c   Code   RO        10101    i.rt_object_is_systemobject  object.o
    0x0801b294   0x0801b294   0x000000c8   Code   RO        10202    i.rt_schedule       scheduler.o
    0x0801b35c   0x0801b35c   0x00000094   Code   RO        10203    i.rt_schedule_insert_thread  scheduler.o
    0x0801b3f0   0x0801b3f0   0x000000a0   Code   RO        10204    i.rt_schedule_remove_thread  scheduler.o
    0x0801b490   0x0801b490   0x00000048   Code   RO         9504    i.rt_sem_init       ipc.o
    0x0801b4d8   0x0801b4d8   0x00000090   Code   RO         9505    i.rt_sem_release    ipc.o
    0x0801b568   0x0801b568   0x00000134   Code   RO         9506    i.rt_sem_take       ipc.o
    0x0801b69c   0x0801b69c   0x00000034   Code   RO         9798    i.rt_strncpy        kservice.o
    0x0801b6d0   0x0801b6d0   0x000000dc   Code   RO         9958    i.rt_system_heap_init  mem.o
    0x0801b7ac   0x0801b7ac   0x00000060   Code   RO        10206    i.rt_system_scheduler_init  scheduler.o
    0x0801b80c   0x0801b80c   0x00000044   Code   RO        10207    i.rt_system_scheduler_start  scheduler.o
    0x0801b850   0x0801b850   0x0000001c   Code   RO        10436    i.rt_system_timer_init  timer.o
    0x0801b86c   0x0801b86c   0x00000002   Code   RO        10437    i.rt_system_timer_thread_init  timer.o
    0x0801b86e   0x0801b86e   0x00000050   Code   RO        10292    i.rt_thread_create  thread.o
    0x0801b8be   0x0801b8be   0x0000000c   Code   RO        10293    i.rt_thread_delay   thread.o
    0x0801b8ca   0x0801b8ca   0x00000002   PAD
    0x0801b8cc   0x0801b8cc   0x00000058   Code   RO        10296    i.rt_thread_exit    thread.o
    0x0801b924   0x0801b924   0x00000028   Code   RO         9412    i.rt_thread_idle_entry  idle.o
    0x0801b94c   0x0801b94c   0x000000b0   Code   RO         9413    i.rt_thread_idle_excute  idle.o
    0x0801b9fc   0x0801b9fc   0x0000003c   Code   RO         9415    i.rt_thread_idle_init  idle.o
    0x0801ba38   0x0801ba38   0x00000040   Code   RO         9416    i.rt_thread_idle_sethook  idle.o
    0x0801ba78   0x0801ba78   0x0000007c   Code   RO        10298    i.rt_thread_init    thread.o
    0x0801baf4   0x0801baf4   0x00000098   Code   RO        10301    i.rt_thread_resume  thread.o
    0x0801bb8c   0x0801bb8c   0x0000000c   Code   RO        10303    i.rt_thread_self    thread.o
    0x0801bb98   0x0801bb98   0x00000080   Code   RO        10304    i.rt_thread_sleep   thread.o
    0x0801bc18   0x0801bc18   0x000000d4   Code   RO        10305    i.rt_thread_startup  thread.o
    0x0801bcec   0x0801bcec   0x000000a0   Code   RO        10306    i.rt_thread_suspend  thread.o
    0x0801bd8c   0x0801bd8c   0x000000b4   Code   RO        10308    i.rt_thread_timeout  thread.o
    0x0801be40   0x0801be40   0x00000064   Code   RO        10309    i.rt_thread_yield   thread.o
    0x0801bea4   0x0801bea4   0x0000000c   Code   RO         9214    i.rt_tick_get       clock.o
    0x0801beb0   0x0801beb0   0x00000030   Code   RO         9215    i.rt_tick_increase  clock.o
    0x0801bee0   0x0801bee0   0x0000009c   Code   RO        10438    i.rt_timer_check    timer.o
    0x0801bf7c   0x0801bf7c   0x000000b8   Code   RO        10439    i.rt_timer_control  timer.o
    0x0801c034   0x0801c034   0x000000d4   Code   RO        10442    i.rt_timer_detach   timer.o
    0x0801c108   0x0801c108   0x00000054   Code   RO        10443    i.rt_timer_init     timer.o
    0x0801c15c   0x0801c15c   0x000001c0   Code   RO        10446    i.rt_timer_start    timer.o
    0x0801c31c   0x0801c31c   0x000000c0   Code   RO        10447    i.rt_timer_stop     timer.o
    0x0801c3dc   0x0801c3dc   0x00000004   Code   RO         9255    i.rti_board_end     components.o
    0x0801c3e0   0x0801c3e0   0x00000004   Code   RO         9256    i.rti_board_start   components.o
    0x0801c3e4   0x0801c3e4   0x00000004   Code   RO         9257    i.rti_end           components.o
    0x0801c3e8   0x0801c3e8   0x00000004   Code   RO         9258    i.rti_start         components.o
    0x0801c3ec   0x0801c3ec   0x00000368   Code   RO         5681    i.rtos_thread_create  sys_ostask.o
    0x0801c754   0x0801c754   0x000001b4   Code   RO         5682    i.rtos_unit_init    sys_ostask.o
    0x0801c908   0x0801c908   0x00000026   Code   RO         9259    i.rtthread_startup  components.o
    0x0801c92e   0x0801c92e   0x0000001e   Code   RO         8110    i.security_Feed_CMC_Succ_Dog_10MS  status_aircraft.o
    0x0801c94c   0x0801c94c   0x00000224   Code   RO         8329    i.sins_get_body_relative_earth_acc  sins_strapdown.o
    0x0801cb70   0x0801cb70   0x00000378   Code   RO         8330    i.sins_kalman_estimate_horizontal  sins_strapdown.o
    0x0801cee8   0x0801cee8   0x00000080   Code   RO         8331    i.sins_kalman_estimate_vertical  sins_strapdown.o
    0x0801cf68   0x0801cf68   0x00000140   Code   RO         8334    i.sins_vertical_bero_ultr_auto_change  sins_strapdown.o
    0x0801d0a8   0x0801d0a8   0x0000006e   Code   RO        10911    i.sqrt              m_wm.l(sqrt.o)
    0x0801d116   0x0801d116   0x00000034   Code   RO         5545    i.ssp_SimI2C_GetAck  ssp_simi2c.o
    0x0801d14a   0x0801d14a   0x00000066   Code   RO         5546    i.ssp_SimI2C_Init   ssp_simi2c.o
    0x0801d1b0   0x0801d1b0   0x00000040   Code   RO         5547    i.ssp_SimI2C_IsBusy  ssp_simi2c.o
    0x0801d1f0   0x0801d1f0   0x00000070   Code   RO         5548    i.ssp_SimI2C_ReadByte  ssp_simi2c.o
    0x0801d260   0x0801d260   0x00000064   Code   RO         5549    i.ssp_SimI2C_SetAck  ssp_simi2c.o
    0x0801d2c4   0x0801d2c4   0x00000052   Code   RO         5550    i.ssp_SimI2C_Start  ssp_simi2c.o
    0x0801d316   0x0801d316   0x0000003e   Code   RO         5551    i.ssp_SimI2C_Stop   ssp_simi2c.o
    0x0801d354   0x0801d354   0x0000007c   Code   RO         5552    i.ssp_SimI2C_WriteByte  ssp_simi2c.o
    0x0801d3d0   0x0801d3d0   0x000000d2   Code   RO         5611    i.ssp_SimSPI_Init   ssp_simspi.o
    0x0801d4a2   0x0801d4a2   0x00000068   Code   RO         5612    i.ssp_SimSPI_WriteByte  ssp_simspi.o
    0x0801d50a   0x0801d50a   0x00000002   PAD
    0x0801d50c   0x0801d50c   0x00000034   Code   RO         8111    i.status_GPS_Fix_Ava_Check  status_aircraft.o
    0x0801d540   0x0801d540   0x00000084   Code   RO         8112    i.status_check_aircraft_remot_communication  status_aircraft.o
    0x0801d5c4   0x0801d5c4   0x000000ec   Code   RO         8335    i.strapdown_ins_reset  sins_strapdown.o
    0x0801d6b0   0x0801d6b0   0x000004b8   Code   RO         5811    i.sys_Mcu_Peripheral_Init  sys_mcuinit.o
    0x0801db68   0x0801db68   0x0000004e   Code   RO         5812    i.sys_Peripheral_RCC_Init  sys_mcuinit.o
    0x0801dbb6   0x0801dbb6   0x00000002   PAD
    0x0801dbb8   0x0801dbb8   0x0000002c   Code   RO         5813    i.sys_mcu_exti_init  sys_mcuinit.o
    0x0801dbe4   0x0801dbe4   0x00000098   Code   RO         5814    i.sys_mcu_tim_init  sys_mcuinit.o
    0x0801dc7c   0x0801dc7c   0x00000028   Code   RO         5683    i.uav_system_init   sys_ostask.o
    0x0801dca4   0x0801dca4   0x0000080c   Code   RO         7705    i.user_ANO_Send_Host_Wave_Data  host_transceive.o
    0x0801e4b0   0x0801e4b0   0x00000234   Code   RO         7706    i.user_ANO_Send_OpticFlow_Ctrl_Data  host_transceive.o
    0x0801e6e4   0x0801e6e4   0x00000234   Code   RO         7707    i.user_ANO_Send_Pid_Link_Data  host_transceive.o
    0x0801e918   0x0801e918   0x00000334   Code   RO         7708    i.user_ANO_Send_Sensor_RawFilter_Data  host_transceive.o
    0x0801ec4c   0x0801ec4c   0x00000234   Code   RO         7709    i.user_ANO_Send_Sins_Height_Data  host_transceive.o
    0x0801ee80   0x0801ee80   0x00000234   Code   RO         7710    i.user_ANO_Send_Sins_Horizontal_X_Data  host_transceive.o
    0x0801f0b4   0x0801f0b4   0x00000234   Code   RO         7711    i.user_ANO_Send_Sins_Horizontal_Y_Data  host_transceive.o
    0x0801f2e8   0x0801f2e8   0x00000810   Code   RO         7712    i.user_Host_Data_Receive_Anl  host_transceive.o
    0x0801faf8   0x0801faf8   0x000000e4   Code   RO         7713    i.user_Host_Data_Receive_Prepare  host_transceive.o
    0x0801fbdc   0x0801fbdc   0x000006e0   Code   RO         7714    i.user_VCAN_Send_Host_Wave_Data  host_transceive.o
    0x080202bc   0x080202bc   0x00000028   Code   RO         7715    i.user_VCAN_Send_OpticFlow_Ctrl_Data  host_transceive.o
    0x080202e4   0x080202e4   0x00000028   Code   RO         7716    i.user_VCAN_Send_Pid_Link_Data  host_transceive.o
    0x0802030c   0x0802030c   0x00000002   Code   RO         7717    i.user_VCAN_Send_Sensor_RawFilter_Data  host_transceive.o
    0x0802030e   0x0802030e   0x00000002   PAD
    0x08020310   0x08020310   0x00000028   Code   RO         7718    i.user_VCAN_Send_Sins_Height_Data  host_transceive.o
    0x08020338   0x08020338   0x00000028   Code   RO         7719    i.user_VCAN_Send_Sins_Horizontal_X_Data  host_transceive.o
    0x08020360   0x08020360   0x00000028   Code   RO         7720    i.user_VCAN_Send_Sins_Horizontal_Y_Data  host_transceive.o
    0x08020388   0x08020388   0x00000404   Code   RO         8614    i.vertical_Control_AltHold  control_althold.o
    0x0802078c   0x0802078c   0x00000024   Code   RO         5684    i.work_after_system_init  sys_ostask.o
    0x080207b0   0x080207b0   0x00003167   Data   RO         6110    .constdata          bsp_hci_oled0_96.o
    0x08023917   0x08023917   0x000002a7   Data   RO         7163    .constdata          bsp_gps_m8n.o
    0x08023bbe   0x08023bbe   0x0000014c   Data   RO         7215    .constdata          bsp_opflow_upixelslc306.o
    0x08023d0a   0x08023d0a   0x000007d0   Data   RO         8159    .constdata          earth_declination.o
    0x080244da   0x080244da   0x00000048   Data   RO         8211    .constdata          calib_sensordata.o
    0x08024522   0x08024522   0x00000002   PAD
    0x08024524   0x08024524   0x00000690   Data   RO         8414    .constdata          pid_system.o
    0x08024bb4   0x08024bb4   0x00000014   Data   RO         9260    .constdata          components.o
    0x08024bc8   0x08024bc8   0x00000016   Data   RO         9418    .constdata          idle.o
    0x08024bde   0x08024bde   0x000001f7   Data   RO         9508    .constdata          ipc.o
    0x08024dd5   0x08024dd5   0x00000122   Data   RO         9804    .constdata          kservice.o
    0x08024ef7   0x08024ef7   0x00000046   Data   RO         9960    .constdata          mem.o
    0x08024f3d   0x08024f3d   0x00000080   Data   RO        10106    .constdata          object.o
    0x08024fbd   0x08024fbd   0x0000004e   Data   RO        10209    .constdata          scheduler.o
    0x0802500b   0x0802500b   0x000000b9   Data   RO        10310    .constdata          thread.o
    0x080250c4   0x080250c4   0x0000005c   Data   RO        10449    .constdata          timer.o
    0x08025120   0x08025120   0x00000050   Data   RO        10810    .constdata          m_wm.l(asin.o)
    0x08025170   0x08025170   0x00000098   Data   RO        10824    .constdata          m_wm.l(atan.o)
    0x08025208   0x08025208   0x00000140   Data   RO        10886    .constdata          m_wm.l(powf.o)
    0x08025348   0x08025348   0x00000030   Data   RO        10981    .constdata          m_wm.l(cos_i.o)
    0x08025378   0x08025378   0x00000008   Data   RO        11017    .constdata          m_wm.l(qnan.o)
    0x08025380   0x08025380   0x000000c8   Data   RO        11020    .constdata          m_wm.l(rred.o)
    0x08025448   0x08025448   0x00000020   Data   RO        11024    .constdata          m_wm.l(rredf.o)
    0x08025468   0x08025468   0x00000028   Data   RO        11027    .constdata          m_wm.l(sin_i.o)
    0x08025490   0x08025490   0x0000008b   Data   RO         9509    .conststring        ipc.o
    0x0802551b   0x0802551b   0x00000001   PAD
    0x0802551c   0x0802551c   0x000000ed   Data   RO         9961    .conststring        mem.o
    0x08025609   0x08025609   0x00000003   PAD
    0x0802560c   0x0802560c   0x00000042   Data   RO        10311    .conststring        thread.o
    0x0802564e   0x0802564e   0x00000002   PAD
    0x08025650   0x08025650   0x00000004   Data   RO         9261    .rti_fn.0           components.o
    0x08025654   0x08025654   0x00000004   Data   RO         9262    .rti_fn.0.end       components.o
    0x08025658   0x08025658   0x00000004   Data   RO         9263    .rti_fn.1.end       components.o
    0x0802565c   0x0802565c   0x00000004   Data   RO         9264    .rti_fn.6.end       components.o
    0x08025660   0x08025660   0x00000020   Data   RO        11076    Region$$Table       anon$$obj.o


    Execution Region RW_IRAM1 (Exec base: 0x20000000, Load base: 0x08025680, Size: 0x0000cdb8, Max: 0x00020000, ABSOLUTE, COMPRESSED[0x00000280])

    Exec Addr    Load Addr    Size         Type   Attr      Idx    E Section Name        Object

    0x20000000   COMPRESSED   0x00000014   Data   RW           16    .data               system_stm32f4xx.o
    0x20000014   COMPRESSED   0x00000010   Data   RW         2878    .data               stm32f4xx_rcc.o
    0x20000024   COMPRESSED   0x00000014   Data   RW         5686    .data               sys_ostask.o
    0x20000038   COMPRESSED   0x00000240   Data   RW         5816    .data               sys_mcuinit.o
    0x20000278   COMPRESSED   0x000000b4   Data   RW         5867    .data               sys_debug.o
    0x2000032c   COMPRESSED   0x00000014   Data   RW         5905    .data               period_execute.o
    0x20000340   COMPRESSED   0x00000006   Data   RW         5967    .data               stm32f4xx_it.o
    0x20000346   COMPRESSED   0x00000002   PAD
    0x20000348   COMPRESSED   0x00000008   Data   RW         6057    .data               rtos_cpuusage.o
    0x20000350   COMPRESSED   0x00000005   Data   RW         6111    .data               bsp_hci_oled0_96.o
    0x20000355   COMPRESSED   0x00000003   PAD
    0x20000358   COMPRESSED   0x0000000c   Data   RW         6351    .data               bsp_eeprom_at24cxx.o
    0x20000364   COMPRESSED   0x00000048   Data   RW         7164    .data               bsp_gps_m8n.o
    0x200003ac   COMPRESSED   0x00000038   Data   RW         7216    .data               bsp_opflow_upixelslc306.o
    0x200003e4   COMPRESSED   0x00000004   Data   RW         7283    .data               bsp_boardlib.o
    0x200003e8   COMPRESSED   0x00000009   Data   RW         7375    .data               ano_dt.o
    0x200003f1   COMPRESSED   0x00000001   PAD
    0x200003f2   COMPRESSED   0x00000024   Data   RW         7570    .data               hci_oledshow.o
    0x20000416   COMPRESSED   0x0000000d   Data   RW         7722    .data               host_transceive.o
    0x20000423   COMPRESSED   0x00000001   PAD
    0x20000424   COMPRESSED   0x00000010   Data   RW         7837    .data               math_function.o
    0x20000434   COMPRESSED   0x000000f6   Data   RW         7924    .data               ahrs_caculation.o
    0x2000052a   COMPRESSED   0x00000002   PAD
    0x2000052c   COMPRESSED   0x00000014   Data   RW         8028    .data               attitude_aircraft.o
    0x20000540   COMPRESSED   0x0000004c   Data   RW         8113    .data               status_aircraft.o
    0x2000058c   COMPRESSED   0x00000680   Data   RW         8212    .data               calib_sensordata.o
    0x20000c0c   COMPRESSED   0x0000004c   Data   RW         8337    .data               sins_strapdown.o
    0x20000c58   COMPRESSED   0x00000c04   Data   RW         8415    .data               pid_system.o
    0x2000185c   COMPRESSED   0x00000016   Data   RW         8544    .data               control_aircraft.o
    0x20001872   COMPRESSED   0x00000002   PAD
    0x20001874   COMPRESSED   0x00000018   Data   RW         8615    .data               control_althold.o
    0x2000188c   COMPRESSED   0x00000028   Data   RW         8655    .data               control_poshold.o
    0x200018b4   COMPRESSED   0x00000018   Data   RW         8721    .data               control_landing.o
    0x200018cc   COMPRESSED   0x00000006   Data   RW         8921    .data               filter_dataprocess.o
    0x200018d2   COMPRESSED   0x00000006   PAD
    0x200018d8   COMPRESSED   0x00000088   Data   RW         9037    .data               filter_kalman.o
    0x20001960   COMPRESSED   0x0000000e   Data   RW         9076    .data               remot_dataanaly.o
    0x2000196e   COMPRESSED   0x00000002   PAD
    0x20001970   COMPRESSED   0x00000004   Data   RW         9217    .data               clock.o
    0x20001974   COMPRESSED   0x00000009   Data   RW         9743    .data               irq.o
    0x2000197d   COMPRESSED   0x00000003   PAD
    0x20001980   COMPRESSED   0x00000008   Data   RW         9805    .data               kservice.o
    0x20001988   COMPRESSED   0x00000020   Data   RW         9962    .data               mem.o
    0x200019a8   COMPRESSED   0x000000a4   Data   RW        10107    .data               object.o
    0x20001a4c   COMPRESSED   0x0000001c   Data   RW        10210    .data               scheduler.o
    0x20001a68   COMPRESSED   0x0000000c   Data   RW        10312    .data               thread.o
    0x20001a74   COMPRESSED   0x00000010   Data   RW        10450    .data               timer.o
    0x20001a84   COMPRESSED   0x00000010   Data   RW        10556    .data               cpuport.o
    0x20001a94   COMPRESSED   0x00000004   Data   RW        11061    .data               mc_w.l(errno.o)
    0x20001a98        -       0x000072c4   Zero   RW         5685    .bss                sys_ostask.o
    0x20008d5c        -       0x000000c0   Zero   RW         5815    .bss                sys_mcuinit.o
    0x20008e1c        -       0x00000096   Zero   RW         5866    .bss                sys_debug.o
    0x20008eb2   COMPRESSED   0x00000002   PAD
    0x20008eb4        -       0x00000108   Zero   RW         5904    .bss                period_execute.o
    0x20008fbc        -       0x00000018   Zero   RW         6575    .bss                bsp_imu_mpu6050.o
    0x20008fd4        -       0x00000014   Zero   RW         6787    .bss                bsp_mag_hmc5983.o
    0x20008fe8        -       0x00000040   Zero   RW         6973    .bss                bsp_bero_spl06.o
    0x20009028        -       0x00000198   Zero   RW         7162    .bss                bsp_gps_m8n.o
    0x200091c0        -       0x00000040   Zero   RW         7214    .bss                bsp_opflow_upixelslc306.o
    0x20009200        -       0x00000010   Zero   RW         7374    .bss                ano_dt.o
    0x20009210        -       0x000000d0   Zero   RW         7721    .bss                host_transceive.o
    0x200092e0        -       0x00000010   Zero   RW         7836    .bss                math_function.o
    0x200092f0        -       0x000003ec   Zero   RW         7923    .bss                ahrs_caculation.o
    0x200096dc   COMPRESSED   0x00000004   PAD
    0x200096e0        -       0x00000160   Zero   RW         8027    .bss                attitude_aircraft.o
    0x20009840        -       0x0000145c   Zero   RW         8336    .bss                sins_strapdown.o
    0x2000ac9c        -       0x0000004c   Zero   RW         8543    .bss                control_aircraft.o
    0x2000ace8        -       0x0000003c   Zero   RW         8720    .bss                control_landing.o
    0x2000ad24        -       0x00000020   Zero   RW         8811    .bss                control_mission.o
    0x2000ad44        -       0x00000784   Zero   RW         8920    .bss                filter_dataprocess.o
    0x2000b4c8        -       0x0000005c   Zero   RW         9075    .bss                remot_dataanaly.o
    0x2000b524        -       0x00001000   Zero   RW         9153    .bss                board.o
    0x2000c524        -       0x000002b4   Zero   RW         9417    .bss                idle.o
    0x2000c7d8        -       0x00000030   Zero   RW         9959    .bss                mem.o
    0x2000c808        -       0x000001b0   Zero   RW        10208    .bss                scheduler.o
    0x2000c9b8        -       0x00000400   Zero   RW            1    STACK               startup_stm32f407xx.o


==============================================================================

Image component sizes


      Code (inc. data)   RO Data    RW Data    ZI Data      Debug   Object Name

      9690        550          0        246       1004      17792   ahrs_caculation.o
      4552        156          0          9         16      14962   ano_dt.o
      1946        164          0         20        352      10723   attitude_aircraft.o
       152         20          0          0       4096      29370   board.o
      2272         42          0          0         64      12071   bsp_bero_spl06.o
       602         32          0          4          0      10819   bsp_boardlib.o
      1088         18          0         12          0      13045   bsp_eeprom_at24cxx.o
      1408         68        679         72        408       9803   bsp_gps_m8n.o
      2454         30      12647          5          0      17233   bsp_hci_oled0_96.o
       726         18          0          0         24       5895   bsp_imu_mpu6050.o
       516         14          0          0         20       4615   bsp_mag_hmc5983.o
      1022         54        332         56         64       9525   bsp_opflow_upixelslc306.o
     10292        354         72       1664          0      27731   calib_sensordata.o
        60         12          0          4          0       1261   clock.o
       218         50         36          0          0       6328   components.o
       308         26          0          0          0        856   context_rvds.o
      4616        216          0         22         76      10497   control_aircraft.o
      1028        104          0         24          0       1627   control_althold.o
      5118        368          0         24         60      10221   control_landing.o
      1004         68          0          0         32       7536   control_mission.o
      3492        212          0         40          0       6695   control_poshold.o
       124         10          0         16          0       4414   cpuport.o
       750         34       2000          0          0       4041   earth_declination.o
      2516        220          0          6       1924      11818   filter_dataprocess.o
      2118         10          0        136          0       4204   filter_kalman.o
     18528       2950          0         36          0      23487   hci_oledshow.o
      9954        310          0         13        208      17323   host_transceive.o
       360         50         22          0        692       6551   idle.o
      1460        186        642          0          0      33959   ipc.o
       124         26          0          9          0       2370   irq.o
       248         10        290          8          0       5837   kservice.o
        38          0          0          0          0        531   main.o
       574         28          0         16         16       7595   math_function.o
      1508        412        307         32         48       6349   mem.o
       140         24          0          0          0       1735   misc.o
       180          0          0          0          0       2310   msp_dma.o
       100          0          0          0          0       1112   msp_exti.o
       180          0          0          0          0      26564   msp_i2c.o
       300         32          0          0          0      37575   msp_nvic.o
      1068          0          0          0          0       3806   msp_tim.o
       504          0          0          0          0       2774   msp_uart.o
       748        228        128        164          0      10718   object.o
       144         26          0         20        264       3998   period_execute.o
      8220        172       1680       3076          0      40052   pid_system.o
      2774        108          0         14         92       6962   remot_dataanaly.o
       212         20          0          8          0       1975   rtos_cpuusage.o
       858        190         78         28        432       9708   scheduler.o
      2120        156          0         76       5212       7801   sins_strapdown.o
       698          0          0          0          0       5892   ssp_simi2c.o
       314          0          0          0          0       1993   ssp_simspi.o
        36          8        392          0       1024        888   startup_stm32f407xx.o
       214         14          0         76          0       8617   status_aircraft.o
       664         54          0          0          0       7202   stm32f4xx_dma.o
       184         16          0          0          0       2304   stm32f4xx_exti.o
       240          0          0          0          0       3775   stm32f4xx_gpio.o
       256         14          0          0          0       2005   stm32f4xx_i2c.o
      1094        138          0          6          0       7537   stm32f4xx_it.o
       392         48          0         16          0       6137   stm32f4xx_rcc.o
        64          4          0          0          0        676   stm32f4xx_syscfg.o
      1404         66          0          0          0      19026   stm32f4xx_tim.o
       486          8          0          0          0       7074   stm32f4xx_usart.o
       380         24          0        180        150       1572   sys_debug.o
      1590        122          0        576        192       6441   sys_mcuinit.o
      2452        906          0         20      29380      17161   sys_ostask.o
       340         32          0         20          0     316329   system_stm32f4xx.o
      1492        398        251         12          0      16261   thread.o
      1454        478         92         16          0      12683   timer.o
       950         12          0          0          0       3196   vcan_dt.o

    ----------------------------------------------------------------------
    123194      10120      19688       6804      45856     960943   Object Totals
         0          0         32          0          0          0   (incl. Generated)
        76          0          8         22          6          0   (incl. Padding)

    ----------------------------------------------------------------------

      Code (inc. data)   RO Data    RW Data    ZI Data      Debug   Library Member Name

       864         94         80          0          0        280   asin.o
       744        106        152          0          0        352   atan.o
       496         64          0          0          0        192   atan2.o
       200         20          0          0          0        164   cos.o
       368         46         48          0          0        200   cos_i.o
       336         56          0          0          0        136   cosf.o
       104         16          0          0          0        496   dunder.o
        44          0          0          0          0        248   fabs.o
       112         14          0          0          0        116   floorf.o
        48          0          0          0          0        124   fpclassify.o
        38          0          0          0          0        116   fpclassifyf.o
        80         24          0          0          0        696   funder.o
       248          0          0          0          0        152   poly.o
      1636        110        320          0          0        372   powf.o
         0          0          8          0          0          0   qnan.o
      1080        142        200          0          0        188   rred.o
       340         24         32          0          0        160   rredf.o
       200         20          0          0          0        164   sin.o
       304         24         40          0          0        208   sin_i.o
       232          0          0          0          0        296   sqrt.o
        58          0          0          0          0        136   sqrtf.o
        86          0          0          0          0          0   __dczerorl2.o
         0          0          0          0          0          0   entry.o
         0          0          0          0          0          0   entry10a.o
         0          0          0          0          0          0   entry11a.o
         8          4          0          0          0          0   entry2.o
         4          0          0          0          0          0   entry5.o
         0          0          0          0          0          0   entry7b.o
         0          0          0          0          0          0   entry8b.o
         8          4          0          0          0          0   entry9a.o
        12          6          0          4          0         68   errno.o
        30          0          0          0          0          0   handlers.o
        36          8          0          0          0         68   init.o
         0          0          0          0          0          0   iusefp.o
        30          0          0          0          0         68   llshl.o
        36          0          0          0          0         68   llsshr.o
        32          0          0          0          0         68   llushr.o
        40          0          0          0          0         76   memcpy.o
        36          0          0          0          0        108   memseta.o
        48          0          0          0          0         68   cdcmple.o
        48          0          0          0          0         68   cdrcmple.o
        56          0          0          0          0         88   d2f.o
       334          0          0          0          0        148   dadd.o
       222          0          0          0          0        100   ddiv.o
       186          0          0          0          0        176   depilogue.o
        62          0          0          0          0         80   dfixi.o
        34          0          0          0          0         76   dflti.o
        26          0          0          0          0         76   dfltui.o
       228          0          0          0          0         96   dmul.o
       162          0          0          0          0        100   dsqrt.o
        38          0          0          0          0         68   f2d.o
       110          0          0          0          0        168   fepilogue.o
         4          0          0          0          0         68   fpstat.o

    ----------------------------------------------------------------------
      9454        782        880          4          0       6700   Library Totals
         6          0          0          0          0          0   (incl. Padding)

    ----------------------------------------------------------------------

      Code (inc. data)   RO Data    RW Data    ZI Data      Debug   Library Name

      7532        760        880          0          0       4796   m_wm.l
       358         22          0          4          0        524   mc_w.l
      1558          0          0          0          0       1380   mf_w.l

    ----------------------------------------------------------------------
      9454        782        880          4          0       6700   Library Totals

    ----------------------------------------------------------------------

==============================================================================


      Code (inc. data)   RO Data    RW Data    ZI Data      Debug   

    132648      10902      20568       6808      45856     918591   Grand Totals
    132648      10902      20568        640      45856     918591   ELF Image Totals (compressed)
    132648      10902      20568        640          0          0   ROM Totals

==============================================================================

    Total RO  Size (Code + RO Data)               153216 ( 149.63kB)
    Total RW  Size (RW Data + ZI Data)             52664 (  51.43kB)
    Total ROM Size (Code + RO Data + RW Data)     153856 ( 150.25kB)

==============================================================================

