Component: ARM Compiler 5.06 update 6 (build 750) Tool: armlink [4d35ed]

==============================================================================

Section Cross References

    startup_stm32f407xx.o(RESET) refers to startup_stm32f407xx.o(STACK) for __initial_sp
    startup_stm32f407xx.o(RESET) refers to startup_stm32f407xx.o(.text) for Reset_Handler
    startup_stm32f407xx.o(RESET) refers to stm32f4xx_it.o(i.NMI_Handler) for NMI_Handler
    startup_stm32f407xx.o(RESET) refers to context_rvds.o(.text) for HardFault_Handler
    startup_stm32f407xx.o(RESET) refers to stm32f4xx_it.o(i.MemManage_Handler) for MemManage_Handler
    startup_stm32f407xx.o(RESET) refers to stm32f4xx_it.o(i.BusFault_Handler) for BusFault_Handler
    startup_stm32f407xx.o(RESET) refers to stm32f4xx_it.o(i.UsageFault_Handler) for UsageFault_Handler
    startup_stm32f407xx.o(RESET) refers to stm32f4xx_it.o(i.SVC_Handler) for SVC_Handler
    startup_stm32f407xx.o(RESET) refers to stm32f4xx_it.o(i.DebugMon_Handler) for DebugMon_Handler
    startup_stm32f407xx.o(RESET) refers to board.o(i.SysTick_Handler) for SysTick_Handler
    startup_stm32f407xx.o(RESET) refers to stm32f4xx_it.o(i.TIM1_BRK_TIM9_IRQHandler) for TIM1_BRK_TIM9_IRQHandler
    startup_stm32f407xx.o(RESET) refers to stm32f4xx_it.o(i.TIM2_IRQHandler) for TIM2_IRQHandler
    startup_stm32f407xx.o(RESET) refers to stm32f4xx_it.o(i.USART1_IRQHandler) for USART1_IRQHandler
    startup_stm32f407xx.o(RESET) refers to stm32f4xx_it.o(i.EXTI15_10_IRQHandler) for EXTI15_10_IRQHandler
    startup_stm32f407xx.o(RESET) refers to stm32f4xx_it.o(i.UART4_IRQHandler) for UART4_IRQHandler
    startup_stm32f407xx.o(RESET) refers to stm32f4xx_it.o(i.UART5_IRQHandler) for UART5_IRQHandler
    startup_stm32f407xx.o(RESET) refers to stm32f4xx_it.o(i.TIM7_IRQHandler) for TIM7_IRQHandler
    startup_stm32f407xx.o(RESET) refers to stm32f4xx_it.o(i.USART6_IRQHandler) for USART6_IRQHandler
    startup_stm32f407xx.o(.text) refers to system_stm32f4xx.o(i.SystemInit) for SystemInit
    startup_stm32f407xx.o(.text) refers to entry.o(.ARM.Collect$$$$00000000) for __main
    system_stm32f4xx.o(i.SystemCoreClockUpdate) refers to system_stm32f4xx.o(.data) for SystemCoreClock
    system_stm32f4xx.o(i.SystemInit) refers to system_stm32f4xx.o(i.SetSysClock) for SetSysClock
    stm32f4xx_adc.o(i.ADC_DeInit) refers to stm32f4xx_rcc.o(i.RCC_APB2PeriphResetCmd) for RCC_APB2PeriphResetCmd
    stm32f4xx_can.o(i.CAN_DeInit) refers to stm32f4xx_rcc.o(i.RCC_APB1PeriphResetCmd) for RCC_APB1PeriphResetCmd
    stm32f4xx_can.o(i.CAN_GetITStatus) refers to stm32f4xx_can.o(i.CheckITStatus) for CheckITStatus
    stm32f4xx_cryp.o(i.CRYP_DeInit) refers to stm32f4xx_rcc.o(i.RCC_AHB2PeriphResetCmd) for RCC_AHB2PeriphResetCmd
    stm32f4xx_cryp_aes.o(i.CRYP_AES_CBC) refers to stm32f4xx_cryp.o(i.CRYP_KeyStructInit) for CRYP_KeyStructInit
    stm32f4xx_cryp_aes.o(i.CRYP_AES_CBC) refers to stm32f4xx_cryp.o(i.CRYP_FIFOFlush) for CRYP_FIFOFlush
    stm32f4xx_cryp_aes.o(i.CRYP_AES_CBC) refers to stm32f4xx_cryp.o(i.CRYP_Init) for CRYP_Init
    stm32f4xx_cryp_aes.o(i.CRYP_AES_CBC) refers to stm32f4xx_cryp.o(i.CRYP_KeyInit) for CRYP_KeyInit
    stm32f4xx_cryp_aes.o(i.CRYP_AES_CBC) refers to stm32f4xx_cryp.o(i.CRYP_Cmd) for CRYP_Cmd
    stm32f4xx_cryp_aes.o(i.CRYP_AES_CBC) refers to stm32f4xx_cryp.o(i.CRYP_GetFlagStatus) for CRYP_GetFlagStatus
    stm32f4xx_cryp_aes.o(i.CRYP_AES_CBC) refers to stm32f4xx_cryp.o(i.CRYP_IVInit) for CRYP_IVInit
    stm32f4xx_cryp_aes.o(i.CRYP_AES_CBC) refers to stm32f4xx_cryp.o(i.CRYP_GetCmdStatus) for CRYP_GetCmdStatus
    stm32f4xx_cryp_aes.o(i.CRYP_AES_CBC) refers to stm32f4xx_cryp.o(i.CRYP_DataIn) for CRYP_DataIn
    stm32f4xx_cryp_aes.o(i.CRYP_AES_CBC) refers to stm32f4xx_cryp.o(i.CRYP_DataOut) for CRYP_DataOut
    stm32f4xx_cryp_aes.o(i.CRYP_AES_CCM) refers to stm32f4xx_cryp.o(i.CRYP_KeyStructInit) for CRYP_KeyStructInit
    stm32f4xx_cryp_aes.o(i.CRYP_AES_CCM) refers to stm32f4xx_cryp.o(i.CRYP_FIFOFlush) for CRYP_FIFOFlush
    stm32f4xx_cryp_aes.o(i.CRYP_AES_CCM) refers to stm32f4xx_cryp.o(i.CRYP_KeyInit) for CRYP_KeyInit
    stm32f4xx_cryp_aes.o(i.CRYP_AES_CCM) refers to stm32f4xx_cryp.o(i.CRYP_IVInit) for CRYP_IVInit
    stm32f4xx_cryp_aes.o(i.CRYP_AES_CCM) refers to stm32f4xx_cryp.o(i.CRYP_Init) for CRYP_Init
    stm32f4xx_cryp_aes.o(i.CRYP_AES_CCM) refers to stm32f4xx_cryp.o(i.CRYP_PhaseConfig) for CRYP_PhaseConfig
    stm32f4xx_cryp_aes.o(i.CRYP_AES_CCM) refers to stm32f4xx_cryp.o(i.CRYP_DataIn) for CRYP_DataIn
    stm32f4xx_cryp_aes.o(i.CRYP_AES_CCM) refers to stm32f4xx_cryp.o(i.CRYP_Cmd) for CRYP_Cmd
    stm32f4xx_cryp_aes.o(i.CRYP_AES_CCM) refers to stm32f4xx_cryp.o(i.CRYP_GetCmdStatus) for CRYP_GetCmdStatus
    stm32f4xx_cryp_aes.o(i.CRYP_AES_CCM) refers to stm32f4xx_cryp.o(i.CRYP_GetFlagStatus) for CRYP_GetFlagStatus
    stm32f4xx_cryp_aes.o(i.CRYP_AES_CCM) refers to stm32f4xx_cryp.o(i.CRYP_DataOut) for CRYP_DataOut
[...]
    g_sBeroSimI2C                            0x20009390   Data          24  sys_mcuinit.o(.bss)
    g_sOledSimSPI                            0x200093a8   Data          72  sys_mcuinit.o(.bss)
    g_DebugTxBuff                            0x200093f0   Data         100  sys_debug.o(.bss)
    g_DebugRxBuff                            0x20009454   Data          50  sys_debug.o(.bss)
    g_sSystemPeriodExecuteTime               0x20009488   Data         276  period_execute.o(.bss)
    g_sMpu6050                               0x2000959c   Data          24  bsp_imu_mpu6050.o(.bss)
    g_sHmc5983                               0x200095b4   Data          20  bsp_mag_hmc5983.o(.bss)
    g_sSpl06                                 0x200095c8   Data          64  bsp_bero_spl06.o(.bss)
    g_sUs100                                 0x20009608   Data          12  bsp_ultr_us100.o(.bss)
    g_sGpsM8nCmdTxFrame                      0x20009614   Data          38  bsp_gps_m8n.o(.bss)
    g_sGpsM8nRxPvtFrame                      0x2000963a   Data         100  bsp_gps_m8n.o(.bss)
    g_GpsM8nTxBuff                           0x2000969e   Data          50  bsp_gps_m8n.o(.bss)
    g_GpsM8nRxBuff                           0x200096d0   Data         100  bsp_gps_m8n.o(.bss)
    g_GpsM8nPvtBuff                          0x20009734   Data         100  bsp_gps_m8n.o(.bss)
    g_sGpsDataReform                         0x20009798   Data          20  bsp_gps_m8n.o(.bss)
    g_sOpFlowUpixelsLC306RxFrame             0x200097ac   Data          14  bsp_opflow_upixelslc306.o(.bss)
    g_OpFlowUpixelsLC306RxBuff               0x200097ba   Data          14  bsp_opflow_upixelslc306.o(.bss)
    g_OpFlowUpixelsLC306DataBuff             0x200097c8   Data          14  bsp_opflow_upixelslc306.o(.bss)
    g_sOpFlowUpixelsLC306DataReform          0x200097d8   Data          20  bsp_opflow_upixelslc306.o(.bss)
    f                                        0x200097ec   Data          16  ano_dt.o(.bss)
    g_sSendSensorData                        0x200097fc   Data          44  host_transceive.o(.bss)
    g_sSendSinsDataHeight                    0x20009828   Data          32  host_transceive.o(.bss)
    g_sSendSinsDataHorizontalX               0x20009848   Data          32  host_transceive.o(.bss)
    g_sSendSinsDataHorizontalY               0x20009868   Data          32  host_transceive.o(.bss)
    g_sSendPidPara                           0x20009888   Data          36  host_transceive.o(.bss)
    g_sSendOpticFlowCtrlData                 0x200098ac   Data          32  host_transceive.o(.bss)
    g_sMathFloaterAnaly                      0x200098cc   Data          16  math_function.o(.bss)
    g_sAccCorrect                            0x200098dc   Data          12  ahrs_caculation.o(.bss)
    g_sAccBwBF                               0x200098e8   Data          12  ahrs_caculation.o(.bss)
    g_sAccBwLP                               0x200098f4   Data          12  ahrs_caculation.o(.bss)
    g_sAccAttitude                           0x20009900   Data          12  ahrs_caculation.o(.bss)
    g_sGyroCorrect                           0x2000990c   Data          12  ahrs_caculation.o(.bss)
    g_sGyroBwBF                              0x20009918   Data          12  ahrs_caculation.o(.bss)
    g_sGyroBwLP                              0x20009924   Data          12  ahrs_caculation.o(.bss)
    g_sGyroAttitude                          0x20009930   Data          12  ahrs_caculation.o(.bss)
    g_sMagCorrect                            0x2000993c   Data          12  ahrs_caculation.o(.bss)
    g_sMagFilter                             0x20009948   Data          12  ahrs_caculation.o(.bss)
    g_sMagAttitude                           0x20009954   Data          16  ahrs_caculation.o(.bss)
    g_sAhrsAttitude                          0x20009964   Data          12  ahrs_caculation.o(.bss)
    g_sCircleAngle                           0x20009970   Data          12  ahrs_caculation.o(.bss)
    g_sAhrsQuaterInit                        0x2000997c   Data          16  ahrs_caculation.o(.bss)
    g_sAccOrigion                            0x2000998c   Data          12  ahrs_caculation.o(.bss)
    g_sAccSINS                               0x20009998   Data          12  ahrs_caculation.o(.bss)
    g_sAccControl                            0x200099a4   Data          12  ahrs_caculation.o(.bss)
    g_sAccCtlFeedback                        0x200099b0   Data          12  ahrs_caculation.o(.bss)
    rMatrix                                  0x200099bc   Data          36  ahrs_caculation.o(.bss)
    g_sBodyFrame                             0x200099e0   Data          12  ahrs_caculation.o(.bss)
    g_sEarthFrame                            0x200099ec   Data          12  ahrs_caculation.o(.bss)
    g_sGyroFeedback                          0x200099f8   Data          12  ahrs_caculation.o(.bss)
    g_sGpsBodyMotionAcc                      0x20009a04   Data          12  ahrs_caculation.o(.bss)
    g_sGpsEarthMotionAcc                     0x20009a10   Data          12  ahrs_caculation.o(.bss)
    g_sGyroDelta                             0x20009a1c   Data          12  ahrs_caculation.o(.bss)
    g_sQuadHistory                           0x20009a28   Data         320  ahrs_caculation.o(.bss)
    g_sAccHistory                            0x20009b68   Data         240  ahrs_caculation.o(.bss)
    g_sGyroHistory                           0x20009c58   Data         120  ahrs_caculation.o(.bss)
    g_sAttitudeAll                           0x20009cd0   Data         368  attitude_aircraft.o(.bss)
    g_sSinsReal                              0x20009e40   Data        1292  sins_strapdown.o(.bss)
    g_sSinsOrigion                           0x2000a34c   Data        1292  sins_strapdown.o(.bss)
    g_sSinsFilterFeedback                    0x2000a858   Data        1292  sins_strapdown.o(.bss)
    g_sTOCSystem                             0x2000ad64   Data          60  sins_strapdown.o(.bss)
    g_sControlAircraft                       0x2000ada0   Data          76  control_aircraft.o(.bss)
    g_sControlLand                           0x2000adec   Data          64  control_landing.o(.bss)
    gs_Uav_Fly_Mission                       0x2000ae2c   Data         176  control_mission.o(.bss)
    gs_mission_check_ultr_opflow             0x2000aedc   Data          16  control_mission.o(.bss)
    gs_mission_check_bero_gps                0x2000aeec   Data          16  control_mission.o(.bss)
    g_sFilterTarg                            0x2000aefc   Data        2520  filter_dataprocess.o(.bss)
    g_sReceiverAnaly                         0x2000b8d4   Data          58  remot_dataanaly.o(.bss)
    g_sRemotData                             0x2000b90e   Data          20  remot_dataanaly.o(.bss)
    g_sRemot_PPM_Recv_Tick                   0x2000b924   Data          12  remot_dataanaly.o(.bss)
    gs_SafeOperation                         0x2000b930   Data          32  safe_operation.o(.bss)
    rt_thread_priority_table                 0x2000cc34   Data         400  scheduler.o(.bss)
    rt_thread_ready_table                    0x2000cdc4   Data          32  scheduler.o(.bss)
    __initial_sp                             0x2000d1e8   Data           0  startup_stm32f407xx.o(STACK)



==============================================================================

Memory Map of the image

  Image Entry point : 0x08000189

  Load Region LR_IROM1 (Base: 0x08000000, Size: 0x00027548, Max: 0x00080000, ABSOLUTE, COMPRESSED[0x00025c58])

    Execution Region ER_IROM1 (Exec base: 0x08000000, Load base: 0x08000000, Size: 0x000259b0, Max: 0x00080000, ABSOLUTE)

    Exec Addr    Load Addr    Size         Type   Attr      Idx    E Section Name        Object

    0x08000000   0x08000000   0x00000188   Data   RO            3    RESET               startup_stm32f407xx.o
    0x08000188   0x08000188   0x00000000   Code   RO        10563  * .ARM.Collect$$$$00000000  mc_w.l(entry.o)
    0x08000188   0x08000188   0x00000004   Code   RO        10656    .ARM.Collect$$$$00000001  mc_w.l(entry2.o)
    0x0800018c   0x0800018c   0x00000004   Code   RO        10659    .ARM.Collect$$$$00000004  mc_w.l(entry5.o)
    0x08000190   0x08000190   0x00000000   Code   RO        10661    .ARM.Collect$$$$00000008  mc_w.l(entry7b.o)
    0x08000190   0x08000190   0x00000000   Code   RO        10663    .ARM.Collect$$$$0000000A  mc_w.l(entry8b.o)
    0x08000190   0x08000190   0x00000008   Code   RO        10664    .ARM.Collect$$$$0000000B  mc_w.l(entry9a.o)
    0x08000198   0x08000198   0x00000000   Code   RO        10666    .ARM.Collect$$$$0000000D  mc_w.l(entry10a.o)
    0x08000198   0x08000198   0x00000000   Code   RO        10668    .ARM.Collect$$$$0000000F  mc_w.l(entry11a.o)
    0x08000198   0x08000198   0x00000004   Code   RO        10657    .ARM.Collect$$$$00002712  mc_w.l(entry2.o)
    0x0800019c   0x0800019c   0x00000024   Code   RO            4    .text               startup_stm32f407xx.o
    0x080001c0   0x080001c0   0x00000134   Code   RO        10375    .text               context_rvds.o
    0x080002f4   0x080002f4   0x00000028   Code   RO        10566    .text               mc_w.l(memcpy.o)
    0x0800031c   0x0800031c   0x00000024   Code   RO        10570    .text               mc_w.l(memseta.o)
    0x08000340   0x08000340   0x0000014e   Code   RO        10576    .text               mf_w.l(dadd.o)
    0x0800048e   0x0800048e   0x000000e4   Code   RO        10578    .text               mf_w.l(dmul.o)
    0x08000572   0x08000572   0x000000de   Code   RO        10580    .text               mf_w.l(ddiv.o)
    0x08000650   0x08000650   0x00000022   Code   RO        10584    .text               mf_w.l(dflti.o)
    0x08000672   0x08000672   0x0000001a   Code   RO        10586    .text               mf_w.l(dfltui.o)
    0x0800068c   0x0800068c   0x0000003e   Code   RO        10588    .text               mf_w.l(dfixi.o)
    0x080006ca   0x080006ca   0x00000026   Code   RO        10590    .text               mf_w.l(f2d.o)
    0x080006f0   0x080006f0   0x00000030   Code   RO        10592    .text               mf_w.l(cdcmple.o)
    0x08000720   0x08000720   0x00000030   Code   RO        10594    .text               mf_w.l(cdrcmple.o)
    0x08000750   0x08000750   0x00000038   Code   RO        10596    .text               mf_w.l(d2f.o)
    0x08000788   0x08000788   0x0000001e   Code   RO        10670    .text               mc_w.l(llshl.o)
    0x080007a6   0x080007a6   0x00000020   Code   RO        10672    .text               mc_w.l(llushr.o)
    0x080007c6   0x080007c6   0x00000024   Code   RO        10674    .text               mc_w.l(llsshr.o)
    0x080007ea   0x080007ea   0x00000000   Code   RO        10683    .text               mc_w.l(iusefp.o)
    0x080007ea   0x080007ea   0x0000006e   Code   RO        10684    .text               mf_w.l(fepilogue.o)
    0x08000858   0x08000858   0x000000ba   Code   RO        10686    .text               mf_w.l(depilogue.o)
    0x08000912   0x08000912   0x000000a2   Code   RO        10688    .text               mf_w.l(dsqrt.o)
    0x080009b4   0x080009b4   0x00000004   Code   RO        10690    .text               mf_w.l(fpstat.o)
    0x080009b8   0x080009b8   0x00000024   Code   RO        10692    .text               mc_w.l(init.o)
    0x080009dc   0x080009dc   0x00000056   Code   RO        10702    .text               mc_w.l(__dczerorl2.o)
    0x08000a32   0x08000a32   0x0000000e   Code   RO         9079    i.$Sub$$main        components.o
    0x08000a40   0x08000a40   0x000005f0   Code   RO         7108    i.ANO_DT_Data_Exchange  ano_dt.o
    0x08001030   0x08001030   0x00000044   Code   RO         7109    i.ANO_DT_Send_Check  ano_dt.o
    0x08001074   0x08001074   0x0000001c   Code   RO         7110    i.ANO_DT_Send_Data  ano_dt.o
    0x08001090   0x08001090   0x00000118   Code   RO         7111    i.ANO_DT_Send_GPS   ano_dt.o
    0x080011a8   0x080011a8   0x000000ac   Code   RO         7112    i.ANO_DT_Send_Height  ano_dt.o
    0x08001254   0x08001254   0x0000012c   Code   RO         7113    i.ANO_DT_Send_MotoPWM  ano_dt.o
    0x08001380   0x08001380   0x0000023c   Code   RO         7114    i.ANO_DT_Send_PID   ano_dt.o
    0x080015bc   0x080015bc   0x00000090   Code   RO         7115    i.ANO_DT_Send_Power  ano_dt.o
    0x0800164c   0x0800164c   0x00000164   Code   RO         7116    i.ANO_DT_Send_RCData  ano_dt.o
    0x080017b0   0x080017b0   0x0000017c   Code   RO         7117    i.ANO_DT_Send_Senser  ano_dt.o
    0x0800192c   0x0800192c   0x0000015c   Code   RO         7118    i.ANO_DT_Send_Status  ano_dt.o
    0x08001a88   0x08001a88   0x000000c8   Code   RO         7119    i.ANO_DT_Send_Version  ano_dt.o
    0x08001b50   0x08001b50   0x000000b8   Code   RO         7120    i.ANO_DT_Send_XYZ_Speed  ano_dt.o
    0x08001c08   0x08001c08   0x000000bc   Code   RO         6292    i.At24cxx_SimI2c_ReadOneByte  bsp_eeprom_at24cxx.o
    0x08001cc4   0x08001cc4   0x000000a4   Code   RO         6293    i.At24cxx_SimI2c_WriteOneByte  bsp_eeprom_at24cxx.o
    0x08001d68   0x08001d68   0x00000004   Code   RO         6012    i.BusFault_Handler  stm32f4xx_it.o
    0x08001d6c   0x08001d6c   0x00000034   Code   RO         1232    i.DMA_ClearFlag     stm32f4xx_dma.o
    0x08001da0   0x08001da0   0x00000016   Code   RO         1234    i.DMA_Cmd           stm32f4xx_dma.o
    0x08001db6   0x08001db6   0x00000002   PAD
    0x08001db8   0x08001db8   0x00000158   Code   RO         1235    i.DMA_DeInit        stm32f4xx_dma.o
    0x08001f10   0x08001f10   0x00000014   Code   RO         1239    i.DMA_GetCmdStatus  stm32f4xx_dma.o
    0x08001f24   0x08001f24   0x00000008   Code   RO         1240    i.DMA_GetCurrDataCounter  stm32f4xx_dma.o
    0x08001f2c   0x08001f2c   0x00000044   Code   RO         1243    i.DMA_GetFlagStatus  stm32f4xx_dma.o
    0x08001f70   0x08001f70   0x0000003a   Code   RO         1245    i.DMA_ITConfig      stm32f4xx_dma.o
    0x08001faa   0x08001faa   0x00000002   PAD
    0x08001fac   0x08001fac   0x00000058   Code   RO         1246    i.DMA_Init          stm32f4xx_dma.o
    0x08002004   0x08002004   0x00000004   Code   RO         1249    i.DMA_SetCurrDataCounter  stm32f4xx_dma.o
    0x08002008   0x08002008   0x00000002   Code   RO         6013    i.DebugMon_Handler  stm32f4xx_it.o
    0x0800200a   0x0800200a   0x00000002   PAD
    0x0800200c   0x0800200c   0x00000028   Code   RO         6014    i.EXTI15_10_IRQHandler  stm32f4xx_it.o
    0x08002034   0x08002034   0x0000000c   Code   RO         1521    i.EXTI_ClearITPendingBit  stm32f4xx_exti.o
    0x08002040   0x08002040   0x00000018   Code   RO         1525    i.EXTI_GetITStatus  stm32f4xx_exti.o
    0x08002058   0x08002058   0x00000094   Code   RO         1526    i.EXTI_Init         stm32f4xx_exti.o
    0x080020ec   0x080020ec   0x00000090   Code   RO         1899    i.GPIO_Init         stm32f4xx_gpio.o
    0x0800217c   0x0800217c   0x00000046   Code   RO         1900    i.GPIO_PinAFConfig  stm32f4xx_gpio.o
    0x080021c2   0x080021c2   0x00000012   Code   RO         1903    i.GPIO_ReadInputDataBit  stm32f4xx_gpio.o
    0x080021d4   0x080021d4   0x00000004   Code   RO         1906    i.GPIO_ResetBits    stm32f4xx_gpio.o
    0x080021d8   0x080021d8   0x00000004   Code   RO         1907    i.GPIO_SetBits      stm32f4xx_gpio.o
    0x080021dc   0x080021dc   0x000000a4   Code   RO         6704    i.Hmc5983_SimI2c_ReadSomeByte  bsp_mag_hmc5983.o
    0x08002280   0x08002280   0x00000068   Code   RO         6705    i.Hmc5983_SimI2c_WriteOneByte  bsp_mag_hmc5983.o
    0x080022e8   0x080022e8   0x00000018   Code   RO         2193    i.I2C_Cmd           stm32f4xx_i2c.o
    0x08002300   0x08002300   0x000000e8   Code   RO         2208    i.I2C_Init          stm32f4xx_i2c.o
    0x080023e8   0x080023e8   0x00000004   Code   RO         6015    i.MemManage_Handler  stm32f4xx_it.o
    0x080023ec   0x080023ec   0x000000a4   Code   RO         6494    i.Mpu6050_SimI2c_ReadSomeByte  bsp_imu_mpu6050.o
    0x08002490   0x08002490   0x00000068   Code   RO         6495    i.Mpu6050_SimI2c_WriteOneByte  bsp_imu_mpu6050.o
    0x080024f8   0x080024f8   0x00000002   Code   RO         6016    i.NMI_Handler       stm32f4xx_it.o
    0x080024fa   0x080024fa   0x00000002   PAD
    0x080024fc   0x080024fc   0x00000078   Code   RO          155    i.NVIC_Init         misc.o
    0x08002574   0x08002574   0x00000014   Code   RO          156    i.NVIC_PriorityGroupConfig  misc.o
    0x08002588   0x08002588   0x00000020   Code   RO         2825    i.RCC_AHB1PeriphClockCmd  stm32f4xx_rcc.o
    0x080025a8   0x080025a8   0x00000020   Code   RO         2828    i.RCC_AHB2PeriphClockCmd  stm32f4xx_rcc.o
    0x080025c8   0x080025c8   0x00000020   Code   RO         2831    i.RCC_AHB3PeriphClockCmd  stm32f4xx_rcc.o
    0x080025e8   0x080025e8   0x00000020   Code   RO         2834    i.RCC_APB1PeriphClockCmd  stm32f4xx_rcc.o
    0x08002608   0x08002608   0x00000020   Code   RO         2837    i.RCC_APB2PeriphClockCmd  stm32f4xx_rcc.o
    0x08002628   0x08002628   0x000000e8   Code   RO         2846    i.RCC_GetClocksFreq  stm32f4xx_rcc.o
    0x08002710   0x08002710   0x00000002   Code   RO         6017    i.SVC_Handler       stm32f4xx_it.o
    0x08002712   0x08002712   0x00000002   PAD
    0x08002714   0x08002714   0x00000040   Code   RO         4148    i.SYSCFG_EXTILineConfig  stm32f4xx_syscfg.o
    0x08002754   0x08002754   0x000000ec   Code   RO           13    i.SetSysClock       system_stm32f4xx.o
    0x08002840   0x08002840   0x000000a4   Code   RO         6762    i.Spl06_SimI2c_ReadSomeByte  bsp_bero_spl06.o
    0x080028e4   0x080028e4   0x00000068   Code   RO         6763    i.Spl06_SimI2c_WriteOneByte  bsp_bero_spl06.o
    0x0800294c   0x0800294c   0x00000010   Code   RO         8977    i.SysTick_Handler   board.o
    0x0800295c   0x0800295c   0x00000068   Code   RO           15    i.SystemInit        system_stm32f4xx.o
    0x080029c4   0x080029c4   0x0000003a   Code   RO         4205    i.TI1_Config        stm32f4xx_tim.o
    0x080029fe   0x080029fe   0x00000050   Code   RO         4206    i.TI2_Config        stm32f4xx_tim.o
    0x08002a4e   0x08002a4e   0x00000048   Code   RO         4207    i.TI3_Config        stm32f4xx_tim.o
    0x08002a96   0x08002a96   0x00000050   Code   RO         4208    i.TI4_Config        stm32f4xx_tim.o
    0x08002ae6   0x08002ae6   0x00000002   PAD
    0x08002ae8   0x08002ae8   0x00000038   Code   RO         6018    i.TIM1_BRK_TIM9_IRQHandler  stm32f4xx_it.o
    0x08002b20   0x08002b20   0x000000e0   Code   RO         6019    i.TIM2_IRQHandler   stm32f4xx_it.o
    0x08002c00   0x08002c00   0x00000104   Code   RO         6020    i.TIM7_IRQHandler   stm32f4xx_it.o
    0x08002d04   0x08002d04   0x00000018   Code   RO         4209    i.TIM_ARRPreloadConfig  stm32f4xx_tim.o
    0x08002d1c   0x08002d1c   0x00000006   Code   RO         4215    i.TIM_ClearFlag     stm32f4xx_tim.o
    0x08002d22   0x08002d22   0x00000006   Code   RO         4216    i.TIM_ClearITPendingBit  stm32f4xx_tim.o
    0x08002d28   0x08002d28   0x00000018   Code   RO         4221    i.TIM_Cmd           stm32f4xx_tim.o
    0x08002d40   0x08002d40   0x00000022   Code   RO         4242    i.TIM_GetITStatus   stm32f4xx_tim.o
    0x08002d62   0x08002d62   0x0000006e   Code   RO         4244    i.TIM_ICInit        stm32f4xx_tim.o
    0x08002dd0   0x08002dd0   0x00000012   Code   RO         4246    i.TIM_ITConfig      stm32f4xx_tim.o
    0x08002de2   0x08002de2   0x00000002   PAD
    0x08002de4   0x08002de4   0x0000007c   Code   RO         4250    i.TIM_OC1Init       stm32f4xx_tim.o
    0x08002e60   0x08002e60   0x00000012   Code   RO         4253    i.TIM_OC1PreloadConfig  stm32f4xx_tim.o
    0x08002e72   0x08002e72   0x00000002   PAD
    0x08002e74   0x08002e74   0x000000a4   Code   RO         4255    i.TIM_OC2Init       stm32f4xx_tim.o
    0x08002f18   0x08002f18   0x0000001a   Code   RO         4258    i.TIM_OC2PreloadConfig  stm32f4xx_tim.o
    0x08002f32   0x08002f32   0x00000002   PAD
    0x08002f34   0x08002f34   0x000000a0   Code   RO         4260    i.TIM_OC3Init       stm32f4xx_tim.o
    0x08002fd4   0x08002fd4   0x00000012   Code   RO         4263    i.TIM_OC3PreloadConfig  stm32f4xx_tim.o
    0x08002fe6   0x08002fe6   0x00000002   PAD
    0x08002fe8   0x08002fe8   0x00000078   Code   RO         4265    i.TIM_OC4Init       stm32f4xx_tim.o
    0x08003060   0x08003060   0x0000001a   Code   RO         4267    i.TIM_OC4PreloadConfig  stm32f4xx_tim.o
    0x0800307a   0x0800307a   0x00000004   Code   RO         4283    i.TIM_SetCompare1   stm32f4xx_tim.o
    0x0800307e   0x0800307e   0x00000004   Code   RO         4284    i.TIM_SetCompare2   stm32f4xx_tim.o
    0x08003082   0x08003082   0x00000004   Code   RO         4285    i.TIM_SetCompare3   stm32f4xx_tim.o
    0x08003086   0x08003086   0x00000004   Code   RO         4286    i.TIM_SetCompare4   stm32f4xx_tim.o
    0x0800308a   0x0800308a   0x00000012   Code   RO         4288    i.TIM_SetIC1Prescaler  stm32f4xx_tim.o
    0x0800309c   0x0800309c   0x0000001a   Code   RO         4289    i.TIM_SetIC2Prescaler  stm32f4xx_tim.o
    0x080030b6   0x080030b6   0x00000012   Code   RO         4290    i.TIM_SetIC3Prescaler  stm32f4xx_tim.o
    0x080030c8   0x080030c8   0x0000001a   Code   RO         4291    i.TIM_SetIC4Prescaler  stm32f4xx_tim.o
    0x080030e2   0x080030e2   0x00000002   PAD
    0x080030e4   0x080030e4   0x00000084   Code   RO         4293    i.TIM_TimeBaseInit  stm32f4xx_tim.o
    0x08003168   0x08003168   0x0000008c   Code   RO         6021    i.UART4_IRQHandler  stm32f4xx_it.o
    0x080031f4   0x080031f4   0x000000b8   Code   RO         6022    i.UART5_IRQHandler  stm32f4xx_it.o
    0x080032ac   0x080032ac   0x000000d0   Code   RO         6023    i.USART1_IRQHandler  stm32f4xx_it.o
    0x0800337c   0x0800337c   0x00000078   Code   RO         6024    i.USART6_IRQHandler  stm32f4xx_it.o
    0x080033f4   0x080033f4   0x0000001e   Code   RO         4772    i.USART_ClearITPendingBit  stm32f4xx_usart.o
    0x08003412   0x08003412   0x00000018   Code   RO         4775    i.USART_Cmd         stm32f4xx_usart.o
    0x0800342a   0x0800342a   0x00000012   Code   RO         4776    i.USART_DMACmd      stm32f4xx_usart.o
    0x0800343c   0x0800343c   0x0000001a   Code   RO         4778    i.USART_GetFlagStatus  stm32f4xx_usart.o
    0x08003456   0x08003456   0x00000054   Code   RO         4779    i.USART_GetITStatus  stm32f4xx_usart.o
    0x080034aa   0x080034aa   0x0000004a   Code   RO         4781    i.USART_ITConfig    stm32f4xx_usart.o
    0x080034f4   0x080034f4   0x000000d4   Code   RO         4782    i.USART_Init        stm32f4xx_usart.o
    0x080035c8   0x080035c8   0x0000000a   Code   RO         4789    i.USART_ReceiveData  stm32f4xx_usart.o
    0x080035d2   0x080035d2   0x00000008   Code   RO         4792    i.USART_SendData    stm32f4xx_usart.o
    0x080035da   0x080035da   0x00000004   Code   RO         6025    i.UsageFault_Handler  stm32f4xx_it.o
    0x080035de   0x080035de   0x00000002   PAD
    0x080035e0   0x080035e0   0x0000001c   Code   RO         7242    i.VCAN_DT_Send_Data  vcan_dt.o
    0x080035fc   0x080035fc   0x0000039a   Code   RO         7243    i.VCAN_DT_Wave_Data_Fill_TxBuff  vcan_dt.o
    0x08003996   0x08003996   0x00000030   Code   RO        10615    i.__ARM_fpclassify  m_wm.l(fpclassify.o)
    0x080039c6   0x080039c6   0x00000026   Code   RO        10617    i.__ARM_fpclassifyf  m_wm.l(fpclassifyf.o)
    0x080039ec   0x080039ec   0x00000004   PAD
    0x080039f0   0x080039f0   0x00000360   Code   RO        10419    i.__hardfp_asin     m_wm.l(asin.o)
    0x08003d50   0x08003d50   0x000002d8   Code   RO        10433    i.__hardfp_atan     m_wm.l(atan.o)
    0x08004028   0x08004028   0x000001f0   Code   RO        10447    i.__hardfp_atan2    m_wm.l(atan2.o)
    0x08004218   0x08004218   0x000000c8   Code   RO        10459    i.__hardfp_cos      m_wm.l(cos.o)
    0x080042e0   0x080042e0   0x00000150   Code   RO        10471    i.__hardfp_cosf     m_wm.l(cosf.o)
    0x08004430   0x08004430   0x00000014   Code   RO        10483    i.__hardfp_fabs     m_wm.l(fabs.o)
    0x08004444   0x08004444   0x00000004   PAD
    0x08004448   0x08004448   0x00000118   Code   RO        10489    i.__hardfp_floor    m_wm.l(floor.o)
    0x08004560   0x08004560   0x00000070   Code   RO        10495    i.__hardfp_floorf   m_wm.l(floorf.o)
    0x080045d0   0x080045d0   0x00000664   Code   RO        10501    i.__hardfp_powf     m_wm.l(powf.o)
    0x08004c34   0x08004c34   0x00000004   PAD
    0x08004c38   0x08004c38   0x000000c8   Code   RO        10515    i.__hardfp_sin      m_wm.l(sin.o)
    0x08004d00   0x08004d00   0x0000007a   Code   RO        10527    i.__hardfp_sqrt     m_wm.l(sqrt.o)
    0x08004d7a   0x08004d7a   0x0000003a   Code   RO        10539    i.__hardfp_sqrtf    m_wm.l(sqrtf.o)
    0x08004db4   0x08004db4   0x00000004   PAD
    0x08004db8   0x08004db8   0x00000438   Code   RO        10636    i.__ieee754_rem_pio2  m_wm.l(rred.o)
    0x080051f0   0x080051f0   0x00000170   Code   RO        10598    i.__kernel_cos      m_wm.l(cos_i.o)
    0x08005360   0x08005360   0x000000f8   Code   RO        10633    i.__kernel_poly     m_wm.l(poly.o)
    0x08005458   0x08005458   0x00000130   Code   RO        10644    i.__kernel_sin      m_wm.l(sin_i.o)
    0x08005588   0x08005588   0x00000014   Code   RO        10602    i.__mathlib_dbl_infnan  m_wm.l(dunder.o)
    0x0800559c   0x0800559c   0x00000014   Code   RO        10603    i.__mathlib_dbl_infnan2  m_wm.l(dunder.o)
    0x080055b0   0x080055b0   0x00000020   Code   RO        10604    i.__mathlib_dbl_invalid  m_wm.l(dunder.o)
    0x080055d0   0x080055d0   0x00000020   Code   RO        10607    i.__mathlib_dbl_underflow  m_wm.l(dunder.o)
    0x080055f0   0x080055f0   0x00000014   Code   RO        10619    i.__mathlib_flt_divzero  m_wm.l(funder.o)
    0x08005604   0x08005604   0x00000006   Code   RO        10620    i.__mathlib_flt_infnan  m_wm.l(funder.o)
    0x0800560a   0x0800560a   0x00000006   Code   RO        10621    i.__mathlib_flt_infnan2  m_wm.l(funder.o)
    0x08005610   0x08005610   0x00000010   Code   RO        10622    i.__mathlib_flt_invalid  m_wm.l(funder.o)
    0x08005620   0x08005620   0x00000010   Code   RO        10623    i.__mathlib_flt_overflow  m_wm.l(funder.o)
    0x08005630   0x08005630   0x00000010   Code   RO        10625    i.__mathlib_flt_underflow  m_wm.l(funder.o)
    0x08005640   0x08005640   0x00000154   Code   RO        10641    i.__mathlib_rredf2  m_wm.l(rredf.o)
    0x08005794   0x08005794   0x0000004c   Code   RO         9606    i.__rt_ffs          kservice.o
    0x080057e0   0x080057e0   0x0000000e   Code   RO        10696    i.__scatterload_copy  mc_w.l(handlers.o)
    0x080057ee   0x080057ee   0x00000002   Code   RO        10697    i.__scatterload_null  mc_w.l(handlers.o)
    0x080057f0   0x080057f0   0x0000000e   Code   RO        10698    i.__scatterload_zeroinit  mc_w.l(handlers.o)
    0x080057fe   0x080057fe   0x00000002   PAD
    0x08005800   0x08005800   0x0000000c   Code   RO        10678    i.__set_errno       mc_w.l(errno.o)
    0x0800580c   0x0800580c   0x00000014   Code   RO         9239    i._has_defunct_thread  idle.o
    0x08005820   0x08005820   0x00000058   Code   RO        10026    i._rt_scheduler_stack_check  scheduler.o
    0x08005878   0x08005878   0x000000d4   Code   RO        10117    i._rt_thread_init   thread.o
    0x0800594c   0x0800594c   0x00000042   Code   RO        10260    i._rt_timer_init    timer.o
    0x0800598e   0x0800598e   0x0000002e   Code   RO        10261    i._rt_timer_remove  timer.o
    0x080059bc   0x080059bc   0x000002cc   Code   RO         7674    i.ahrs_compute_rotation_matrix  ahrs_caculation.o
    0x08005c88   0x08005c88   0x000000e0   Code   RO         7675    i.ahrs_euler_by_acc  ahrs_caculation.o
    0x08005d68   0x08005d68   0x0000058a   Code   RO         7676    i.ahrs_euler_to_quaternion  ahrs_caculation.o
    0x080062f2   0x080062f2   0x00000002   PAD
    0x080062f4   0x080062f4   0x00000088   Code   RO         7677    i.ahrs_get_init_euler  ahrs_caculation.o
    0x0800637c   0x0800637c   0x00000ea0   Code   RO         7678    i.ahrs_grades_calculat_attitude  ahrs_caculation.o
    0x0800721c   0x0800721c   0x00000444   Code   RO         7679    i.ahrs_imu_data_get_and_dp  ahrs_caculation.o
    0x08007660   0x08007660   0x00000194   Code   RO         7680    i.ahrs_mag_data_get_and_dp  ahrs_caculation.o
    0x080077f4   0x080077f4   0x000000b0   Code   RO         7682    i.ahrs_quaternion_init  ahrs_caculation.o
    0x080078a4   0x080078a4   0x00000084   Code   RO         7683    i.ahrs_vector_body_to_earth  ahrs_caculation.o
    0x08007928   0x08007928   0x00000084   Code   RO         7684    i.ahrs_vector_earth_to_body  ahrs_caculation.o
    0x080079ac   0x080079ac   0x00000010   Code   RO        10435    i.atan              m_wm.l(atan.o)
    0x080079bc   0x080079bc   0x0000008c   Code   RO         7779    i.baro_get_relative_altitude  attitude_aircraft.o
    0x08007a48   0x08007a48   0x00000200   Code   RO         7780    i.bero_altitude_data_get_and_dp  attitude_aircraft.o
    0x08007c48   0x08007c48   0x00000048   Code   RO         7020    i.bsp_AHRS_Module_Init  bsp_boardlib.o
    0x08007c90   0x08007c90   0x0000004a   Code   RO         6294    i.bsp_AT24CXX_Check  bsp_eeprom_at24cxx.o
    0x08007cda   0x08007cda   0x00000002   PAD
    0x08007cdc   0x08007cdc   0x00000028   Code   RO         6295    i.bsp_AT24CXX_Init  bsp_eeprom_at24cxx.o
    0x08007d04   0x08007d04   0x00000016   Code   RO         6296    i.bsp_AT24CXX_ReadOneByte  bsp_eeprom_at24cxx.o
    0x08007d1a   0x08007d1a   0x00000066   Code   RO         6299    i.bsp_AT24CXX_Read_1_FloatData  bsp_eeprom_at24cxx.o
    0x08007d80   0x08007d80   0x00000054   Code   RO         6300    i.bsp_AT24CXX_Read_1_S16Data  bsp_eeprom_at24cxx.o
    0x08007dd4   0x08007dd4   0x00000050   Code   RO         6304    i.bsp_AT24CXX_Read_3_FloatData  bsp_eeprom_at24cxx.o
    0x08007e24   0x08007e24   0x00000050   Code   RO         6305    i.bsp_AT24CXX_Read_3_S16Data  bsp_eeprom_at24cxx.o
    0x08007e74   0x08007e74   0x00000014   Code   RO         6309    i.bsp_AT24CXX_WriteOneByte  bsp_eeprom_at24cxx.o
    0x08007e88   0x08007e88   0x0000003c   Code   RO         6312    i.bsp_AT24CXX_Write_1_FloatData  bsp_eeprom_at24cxx.o
    0x08007ec4   0x08007ec4   0x0000002c   Code   RO         6313    i.bsp_AT24CXX_Write_1_S16Data  bsp_eeprom_at24cxx.o
    0x08007ef0   0x08007ef0   0x00000048   Code   RO         6317    i.bsp_AT24CXX_Write_3_FloatData  bsp_eeprom_at24cxx.o
    0x08007f38   0x08007f38   0x0000003a   Code   RO         6318    i.bsp_AT24CXX_Write_3_S16Data  bsp_eeprom_at24cxx.o
    0x08007f72   0x08007f72   0x00000020   Code   RO         7021    i.bsp_BASE_Module_Init  bsp_boardlib.o
    0x08007f92   0x08007f92   0x00000002   PAD
    0x08007f94   0x08007f94   0x00000030   Code   RO         7022    i.bsp_BERO_Module_Init  bsp_boardlib.o
    0x08007fc4   0x08007fc4   0x000000a8   Code   RO         7023    i.bsp_BoardLib_Init  bsp_boardlib.o
    0x0800806c   0x0800806c   0x00000298   Code   RO         6907    i.bsp_GPS_M8N_PVT_Parse  bsp_gps_m8n.o
    0x08008304   0x08008304   0x00000064   Code   RO         6908    i.bsp_GPS_M8N_Reform_PVT_Data  bsp_gps_m8n.o
    0x08008368   0x08008368   0x00000026   Code   RO         7024    i.bsp_GPS_Module_Init  bsp_boardlib.o
    0x0800838e   0x0800838e   0x00000002   PAD
    0x08008390   0x08008390   0x00000030   Code   RO         7025    i.bsp_HCI_Module_Init  bsp_boardlib.o
    0x080083c0   0x080083c0   0x00000060   Code   RO         6706    i.bsp_HMC5983_Get_Mag_Data  bsp_mag_hmc5983.o
    0x08008420   0x08008420   0x00000098   Code   RO         6709    i.bsp_HMC5983_Init  bsp_mag_hmc5983.o
    0x080084b8   0x080084b8   0x0000004e   Code   RO         6496    i.bsp_MPU6050_GetAcc  bsp_imu_mpu6050.o
    0x08008506   0x08008506   0x0000004c   Code   RO         6497    i.bsp_MPU6050_GetGyro  bsp_imu_mpu6050.o
    0x08008552   0x08008552   0x00000020   Code   RO         6498    i.bsp_MPU6050_GetId  bsp_imu_mpu6050.o
    0x08008572   0x08008572   0x00000002   PAD
    0x08008574   0x08008574   0x00000110   Code   RO         6500    i.bsp_MPU6050_Init  bsp_imu_mpu6050.o
    0x08008684   0x08008684   0x0000003a   Code   RO         7026    i.bsp_Mut_Module_Init_Result  bsp_boardlib.o
    0x080086be   0x080086be   0x0000001a   Code   RO         6156    i.bsp_OLED0_96_Clear  bsp_hci_oled0_96.o
    0x080086d8   0x080086d8   0x00000054   Code   RO         6159    i.bsp_OLED0_96_Display_Part  bsp_hci_oled0_96.o
    0x0800872c   0x0800872c   0x00000076   Code   RO         6160    i.bsp_OLED0_96_DrawBMP  bsp_hci_oled0_96.o
    0x080087a2   0x080087a2   0x00000002   PAD
    0x080087a4   0x080087a4   0x00000134   Code   RO         6161    i.bsp_OLED0_96_Init  bsp_hci_oled0_96.o
    0x080088d8   0x080088d8   0x00000032   Code   RO         6162    i.bsp_OLED0_96_Set_Pos  bsp_hci_oled0_96.o
    0x0800890a   0x0800890a   0x00000002   PAD
    0x0800890c   0x0800890c   0x000000d8   Code   RO         6163    i.bsp_OLED0_96_ShowCHinese  bsp_hci_oled0_96.o
    0x080089e4   0x080089e4   0x0000010c   Code   RO         6164    i.bsp_OLED0_96_ShowChar  bsp_hci_oled0_96.o
    0x08008af0   0x08008af0   0x000001b8   Code   RO         6165    i.bsp_OLED0_96_ShowNum  bsp_hci_oled0_96.o
    0x08008ca8   0x08008ca8   0x00000078   Code   RO         6166    i.bsp_OLED0_96_ShowString  bsp_hci_oled0_96.o
    0x08008d20   0x08008d20   0x0000009c   Code   RO         6167    i.bsp_OLED0_96_Show_Calendar  bsp_hci_oled0_96.o
    0x08008dbc   0x08008dbc   0x00000152   Code   RO         6168    i.bsp_OLED0_96_Show_Floater  bsp_hci_oled0_96.o
    0x08008f0e   0x08008f0e   0x0000009e   Code   RO         6169    i.bsp_OLED0_96_Show_Integer  bsp_hci_oled0_96.o
    0x08008fac   0x08008fac   0x00000072   Code   RO         6170    i.bsp_OLED0_96_Show_Integer_No_Sign  bsp_hci_oled0_96.o
    0x0800901e   0x0800901e   0x00000012   Code   RO         6171    i.bsp_OLED0_96_Write_Command  bsp_hci_oled0_96.o
    0x08009030   0x08009030   0x00000012   Code   RO         6172    i.bsp_OLED0_96_Write_Data  bsp_hci_oled0_96.o
    0x08009042   0x08009042   0x00000002   PAD
    0x08009044   0x08009044   0x00000030   Code   RO         7027    i.bsp_OPFLOW_Module_Init  bsp_boardlib.o
    0x08009074   0x08009074   0x00000144   Code   RO         6955    i.bsp_OPFLOW_UpixelsLC306_Init  bsp_opflow_upixelslc306.o
    0x080091b8   0x080091b8   0x0000012c   Code   RO         6956    i.bsp_OPFLOW_UpixelsLC306_Make_Command  bsp_opflow_upixelslc306.o
    0x080092e4   0x080092e4   0x000000fc   Code   RO         6957    i.bsp_OPFLOW_UpixelsLC306_POS_Data_Parse  bsp_opflow_upixelslc306.o
    0x080093e0   0x080093e0   0x00000064   Code   RO         6958    i.bsp_OPFLOW_UpixelsLC306_Reform_Data  bsp_opflow_upixelslc306.o
    0x08009444   0x08009444   0x0000002e   Code   RO         6959    i.bsp_OPFLOW_UpixelsLC306_Response_Data_Parse  bsp_opflow_upixelslc306.o
    0x08009472   0x08009472   0x00000002   PAD
    0x08009474   0x08009474   0x00000210   Code   RO         6765    i.bsp_SPL06_Get_Calib_Coef  bsp_bero_spl06.o
    0x08009684   0x08009684   0x000000c4   Code   RO         6766    i.bsp_SPL06_Get_Pressure  bsp_bero_spl06.o
    0x08009748   0x08009748   0x00000040   Code   RO         6767    i.bsp_SPL06_Get_Pressure_Adc  bsp_bero_spl06.o
    0x08009788   0x08009788   0x0000005c   Code   RO         6768    i.bsp_SPL06_Get_Temperature  bsp_bero_spl06.o
    0x080097e4   0x080097e4   0x00000040   Code   RO         6769    i.bsp_SPL06_Get_Temperature_Adc  bsp_bero_spl06.o
    0x08009824   0x08009824   0x00000068   Code   RO         6770    i.bsp_SPL06_Init    bsp_bero_spl06.o
    0x0800988c   0x0800988c   0x0000017a   Code   RO         6771    i.bsp_SPL06_Pressure_Rate_Set  bsp_bero_spl06.o
    0x08009a06   0x08009a06   0x0000001e   Code   RO         6772    i.bsp_SPL06_Set_And_Start_Measure  bsp_bero_spl06.o
    0x08009a24   0x08009a24   0x00000194   Code   RO         6773    i.bsp_SPL06_Temperature_Rate_Set  bsp_bero_spl06.o
    0x08009bb8   0x08009bb8   0x00000034   Code   RO         7028    i.bsp_STOR_Module_Init  bsp_boardlib.o
    0x08009bec   0x08009bec   0x00000030   Code   RO         7029    i.bsp_ULTR_Module_Init  bsp_boardlib.o
    0x08009c1c   0x08009c1c   0x000000c8   Code   RO         6856    i.bsp_US100_Data_Parse  bsp_ultr_us100.o
    0x08009ce4   0x08009ce4   0x00000020   Code   RO         6857    i.bsp_US100_Get_Distance  bsp_ultr_us100.o
    0x08009d04   0x08009d04   0x00000044   Code   RO         6858    i.bsp_US100_Init    bsp_ultr_us100.o
    0x08009d48   0x08009d48   0x0000001c   Code   RO         6859    i.bsp_US100_Start_Meas_Distance  bsp_ultr_us100.o
    0x08009d64   0x08009d64   0x00000128   Code   RO         7974    i.calib_Acc_Data_Dp  calib_sensordata.o
    0x08009e8c   0x08009e8c   0x000002ac   Code   RO         7975    i.calib_Acc_Gauss_Newton_Dp  calib_sensordata.o
    0x0800a138   0x0800a138   0x0000006c   Code   RO         7976    i.calib_Acc_Sensor_System_Reset  calib_sensordata.o
    0x0800a1a4   0x0800a1a4   0x0000015c   Code   RO         7977    i.calib_Acc_Sensor_parameter_Read  calib_sensordata.o
    0x0800a300   0x0800a300   0x00000164   Code   RO         7978    i.calib_ElipsoidCorrect_Find_Delta  calib_sensordata.o
    0x0800a464   0x0800a464   0x00000044   Code   RO         7979    i.calib_ElipsoidCorrect_Matrix_Reset  calib_sensordata.o
    0x0800a4a8   0x0800a4a8   0x000000f6   Code   RO         7980    i.calib_ElipsoidCorrect_Matrix_Update  calib_sensordata.o
    0x0800a59e   0x0800a59e   0x00000002   PAD
    0x0800a5a0   0x0800a5a0   0x00000074   Code   RO         7981    i.calib_Mag_Data_Dp  calib_sensordata.o
    0x0800a614   0x0800a614   0x000000c0   Code   RO         7982    i.calib_Mag_Sensor_System_Reset  calib_sensordata.o
    0x0800a6d4   0x0800a6d4   0x00000060   Code   RO         7983    i.calib_Mag_Sensor_parameter_Read  calib_sensordata.o
    0x0800a734   0x0800a734   0x0000037c   Code   RO         7984    i.calib_acc_sensor_check  calib_sensordata.o
    0x0800aab0   0x0800aab0   0x0000031c   Code   RO         7985    i.calib_acc_sensor_dp  calib_sensordata.o
    0x0800adcc   0x0800adcc   0x00000048   Code   RO         7986    i.calib_all_sensor_parameter_read  calib_sensordata.o
    0x0800ae14   0x0800ae14   0x00000210   Code   RO         7987    i.calib_mag_sensor_check  calib_sensordata.o
    0x0800b024   0x0800b024   0x00000938   Code   RO         7988    i.calib_mag_sensor_dp  calib_sensordata.o
    0x0800b95c   0x0800b95c   0x00000158   Code   RO         7989    i.calib_mag_sensor_lsiv_accumulate  calib_sensordata.o
    0x0800bab4   0x0800bab4   0x00000570   Code   RO         7990    i.calib_mag_sensor_lsiv_calculate  calib_sensordata.o
    0x0800c024   0x0800c024   0x00000022   Code   RO         7991    i.calib_sample_status_check  calib_sensordata.o
    0x0800c046   0x0800c046   0x00000020   Code   RO         7885    i.check_uav_ctrl_and_sensor_use  status_aircraft.o
    0x0800c066   0x0800c066   0x0000001c   Code   RO         8588    i.control_fly_mission_auto_gohome  control_mission.o
    0x0800c082   0x0800c082   0x00000002   PAD
    0x0800c084   0x0800c084   0x00000074   Code   RO         8589    i.control_fly_mission_bero_gps_clear_all_pos  control_mission.o
    0x0800c0f8   0x0800c0f8   0x0000002c   Code   RO         8590    i.control_fly_mission_bero_gps_patrol_sky  control_mission.o
    0x0800c124   0x0800c124   0x000000a0   Code   RO         8591    i.control_fly_mission_bero_gps_write_pos  control_mission.o
    0x0800c1c4   0x0800c1c4   0x000000d8   Code   RO         8592    i.control_fly_mission_check_bero_gps_pos  control_mission.o
    0x0800c29c   0x0800c29c   0x000000cc   Code   RO         8593    i.control_fly_mission_check_ultr_opflow_pos  control_mission.o
    0x0800c368   0x0800c368   0x000000a0   Code   RO         8594    i.control_fly_mission_clear  control_mission.o
    0x0800c408   0x0800c408   0x00000040   Code   RO         8596    i.control_fly_mission_machine_reset  control_mission.o
    0x0800c448   0x0800c448   0x00000160   Code   RO         8597    i.control_fly_mission_onekey_fly  control_mission.o
    0x0800c5a8   0x0800c5a8   0x0000001e   Code   RO         8598    i.control_fly_mission_set  control_mission.o
    0x0800c5c6   0x0800c5c6   0x00000024   Code   RO         8599    i.control_fly_mission_ultr_opflow_follow_line  control_mission.o
    0x0800c5ea   0x0800c5ea   0x00000024   Code   RO         8600    i.control_fly_mission_ultr_opflow_follow_point  control_mission.o
    0x0800c60e   0x0800c60e   0x00000002   PAD
    0x0800c610   0x0800c610   0x000000c4   Code   RO         6118    i.cpu_usage_idle_hook  rtos_cpuusage.o
    0x0800c6d4   0x0800c6d4   0x00000010   Code   RO         6119    i.cpu_usage_init    rtos_cpuusage.o
    0x0800c6e4   0x0800c6e4   0x00000110   Code   RO         8328    i.ctrl_Attitude_Angle_Control_Dp  control_aircraft.o
    0x0800c7f4   0x0800c7f4   0x0000000c   Code   RO         8329    i.ctrl_Attitude_Control_Dp  control_aircraft.o
    0x0800c800   0x0800c800   0x000001c8   Code   RO         8330    i.ctrl_Attitude_Gyro_Control_Dp  control_aircraft.o
    0x0800c9c8   0x0800c9c8   0x00000338   Code   RO         8331    i.ctrl_Control_Mode_Select  control_aircraft.o
    0x0800cd00   0x0800cd00   0x00000040   Code   RO         8503    i.ctrl_Go_Home_Control  control_landing.o
    0x0800cd40   0x0800cd40   0x000005d8   Code   RO         8504    i.ctrl_Go_Home_GPS_Control  control_landing.o
    0x0800d318   0x0800d318   0x00000534   Code   RO         8505    i.ctrl_Go_Home_Horizontal_Control  control_landing.o
    0x0800d84c   0x0800d84c   0x0000001c   Code   RO         8506    i.ctrl_Go_Home_Horizontal_Hand_Meddle  control_landing.o
    0x0800d868   0x0800d868   0x00000120   Code   RO         8507    i.ctrl_Go_Home_Status_Update  control_landing.o
    0x0800d988   0x0800d988   0x00000400   Code   RO         8508    i.ctrl_Go_Home_Vertical_Control  control_landing.o
    0x0800dd88   0x0800dd88   0x00000060   Code   RO         8509    i.ctrl_Go_Home_Vertical_Hand_Meddle  control_landing.o
    0x0800dde8   0x0800dde8   0x00000114   Code   RO         8510    i.ctrl_Land_Ground_Control  control_landing.o
    0x0800defc   0x0800defc   0x000000dc   Code   RO         8511    i.ctrl_Landing_Status_Check  control_landing.o
    0x0800dfd8   0x0800dfd8   0x000001d8   Code   RO         8332    i.ctrl_MainLeading_Control_Dp  control_aircraft.o
    0x0800e1b0   0x0800e1b0   0x00000260   Code   RO         8333    i.ctrl_Throttle_DipAngle_Compensate  control_aircraft.o
    0x0800e410   0x0800e410   0x00000034   Code   RO         8334    i.ctrl_auto_control_system_dp  control_aircraft.o
    0x0800e444   0x0800e444   0x00000704   Code   RO         8335    i.ctrl_auto_control_system_output  control_aircraft.o
    0x0800eb48   0x0800eb48   0x0000004c   Code   RO         8336    i.ctrl_autocontrol_para_init  control_aircraft.o
    0x0800eb94   0x0800eb94   0x00000018   Code   RO        10485    i.fabs              m_wm.l(fabs.o)
    0x0800ebac   0x0800ebac   0x0000000a   Code   RO         7992    i.fabsf             calib_sensordata.o
    0x0800ebb6   0x0800ebb6   0x00000022   Code   RO         8601    i.feed_control_fly_mission_check_dog  control_mission.o
    0x0800ebd8   0x0800ebd8   0x0000011e   Code   RO         8702    i.filter_AccAttLpButterworth_Dp  filter_dataprocess.o
    0x0800ecf6   0x0800ecf6   0x00000002   PAD
    0x0800ecf8   0x0800ecf8   0x00000090   Code   RO         8703    i.filter_AccFuncLpButterworth_Dp  filter_dataprocess.o
    0x0800ed88   0x0800ed88   0x0000006e   Code   RO         8704    i.filter_BaroAltitudeLpButterworth_Dp  filter_dataprocess.o
    0x0800edf6   0x0800edf6   0x0000006e   Code   RO         8709    i.filter_GyroFuncLpButterworth_Dp  filter_dataprocess.o
    0x0800ee64   0x0800ee64   0x00000a68   Code   RO         8835    i.filter_Kalman_Estimate_GPS_Horizontal  filter_kalman.o
    0x0800f8cc   0x0800f8cc   0x0000020c   Code   RO         8836    i.filter_Kalman_Estimate_Vertical  filter_kalman.o
    0x0800fad8   0x0800fad8   0x000007a8   Code   RO         8711    i.filter_LpButterworth_Matlab_Init  filter_dataprocess.o
    0x08010280   0x08010280   0x0000006e   Code   RO         8713    i.filter_Pid_Control_Device_LPF  filter_dataprocess.o
    0x080102ee   0x080102ee   0x000000b2   Code   RO         8714    i.filter_Slider_Average_Dp  filter_dataprocess.o
    0x080103a0   0x080103a0   0x00000024   Code   RO         8716    i.filter_Slider_Init  filter_dataprocess.o
    0x080103c4   0x080103c4   0x00000032   Code   RO         8719    i.filter_origin_data_filter_init  filter_dataprocess.o
    0x080103f6   0x080103f6   0x00000002   PAD
    0x080103f8   0x080103f8   0x0000004c   Code   RO         5957    i.get_Period_Execute_Time_Info  period_execute.o
    0x08010444   0x08010444   0x00000006   Code   RO         7781    i.get_bero_estimate_data_status  attitude_aircraft.o
    0x0801044a   0x0801044a   0x0000001a   Code   RO         8602    i.get_control_fly_mission_dog_status  control_mission.o
    0x08010464   0x08010464   0x00000194   Code   RO         7937    i.get_earth_local_declination  earth_declination.o
    0x080105f8   0x080105f8   0x00000094   Code   RO         7685    i.get_effective_gravity_acc  ahrs_caculation.o
    0x0801068c   0x0801068c   0x00000006   Code   RO         7782    i.get_gps_home_set_status  attitude_aircraft.o
    0x08010692   0x08010692   0x00000002   PAD
    0x08010694   0x08010694   0x00000154   Code   RO         7938    i.get_lookup_value  earth_declination.o
    0x080107e8   0x080107e8   0x00000006   Code   RO         7783    i.get_ultr_estimate_data_status  attitude_aircraft.o
    0x080107ee   0x080107ee   0x00000002   PAD
    0x080107f0   0x080107f0   0x00000094   Code   RO         7784    i.gps_Longitude_Scale  attitude_aircraft.o
    0x08010884   0x08010884   0x000000bc   Code   RO         7785    i.gps_Offset_Relative_To_Home  attitude_aircraft.o
    0x08010940   0x08010940   0x00000054   Code   RO         7786    i.gps_Two_Pos_Segment_Distance  attitude_aircraft.o
    0x08010994   0x08010994   0x00000054   Code   RO         7787    i.gps_Two_Pos_XY_Offset  attitude_aircraft.o
    0x080109e8   0x080109e8   0x0000027c   Code   RO         7788    i.gps_fix_position_data_get  attitude_aircraft.o
    0x08010c64   0x08010c64   0x000000f0   Code   RO         7789    i.gps_home_location_set  attitude_aircraft.o
    0x08010d54   0x08010d54   0x00000010   Code   RO         5713    i.hardware_init     sys_ostask.o
    0x08010d64   0x08010d64   0x000004c8   Code   RO         7299    i.hci_Show_Acc_Calib_Process  hci_oledshow.o
    0x0801122c   0x0801122c   0x000002b8   Code   RO         7300    i.hci_Show_Acc_Calib_Status  hci_oledshow.o
    0x080114e4   0x080114e4   0x00000030   Code   RO         7301    i.hci_Show_AircraftLogoHoldMs  hci_oledshow.o
    0x08011514   0x08011514   0x0000061c   Code   RO         7302    i.hci_Show_Aircraft_Status  hci_oledshow.o
    0x08011b30   0x08011b30   0x000004fc   Code   RO         7303    i.hci_Show_Control_System_Parameter  hci_oledshow.o
    0x0801202c   0x0801202c   0x00000534   Code   RO         7304    i.hci_Show_Ctrl_Mission_Data  hci_oledshow.o
    0x08012560   0x08012560   0x000003b4   Code   RO         7305    i.hci_Show_Cur_Ahrs_Data  hci_oledshow.o
    0x08012914   0x08012914   0x00000020   Code   RO         7306    i.hci_Show_Enable_Hint  hci_oledshow.o
    0x08012934   0x08012934   0x0000056c   Code   RO         7307    i.hci_Show_Execute_Period  hci_oledshow.o
    0x08012ea0   0x08012ea0   0x00000480   Code   RO         7308    i.hci_Show_Gps_Data  hci_oledshow.o
    0x08013320   0x08013320   0x00000370   Code   RO         7309    i.hci_Show_Gps_Home_Data  hci_oledshow.o
    0x08013690   0x08013690   0x000002ec   Code   RO         7310    i.hci_Show_Height_SINS_Data  hci_oledshow.o
    0x0801397c   0x0801397c   0x000002a8   Code   RO         7311    i.hci_Show_High_Sensor_Data  hci_oledshow.o
    0x08013c24   0x08013c24   0x000002f4   Code   RO         7312    i.hci_Show_HorizontalPitch_SINS_Data  hci_oledshow.o
    0x08013f18   0x08013f18   0x000002ec   Code   RO         7313    i.hci_Show_HorizontalRoll_SINS_Data  hci_oledshow.o
    0x08014204   0x08014204   0x0000069c   Code   RO         7314    i.hci_Show_InitRateOfProgress  hci_oledshow.o
    0x080148a0   0x080148a0   0x00000928   Code   RO         7315    i.hci_Show_Mag_Calib_Process  hci_oledshow.o
    0x080151c8   0x080151c8   0x000001a8   Code   RO         7316    i.hci_Show_Mag_Calib_Status  hci_oledshow.o
    0x08015370   0x08015370   0x0000006c   Code   RO         7317    i.hci_Show_Opticflow_Data  hci_oledshow.o
    0x080153dc   0x080153dc   0x00000460   Code   RO         7318    i.hci_Show_Remot_Status  hci_oledshow.o
    0x0801583c   0x0801583c   0x00000344   Code   RO         7320    i.hci_Show_Sensor_Calib_Result  hci_oledshow.o
    0x08015b80   0x08015b80   0x000001e0   Code   RO         7321    i.hci_remot_switch_show_status  hci_oledshow.o
    0x08015d60   0x08015d60   0x00000184   Code   RO         7322    i.hci_show_on_run_progress  hci_oledshow.o
    0x08015ee4   0x08015ee4   0x000000a4   Code   RO         8443    i.horizontal_Acc_Convert_To_Dip_Angle  control_poshold.o
    0x08015f88   0x08015f88   0x000005ac   Code   RO         8444    i.horizontal_Control_GPS_PosHold  control_poshold.o
    0x08016534   0x08016534   0x00000030   Code   RO         8446    i.horizontal_Control_PosHold  control_poshold.o
    0x08016564   0x08016564   0x000000f4   Code   RO         8447    i.horizontal_GPS_Get_Stop_Point_XY  control_poshold.o
    0x08016658   0x08016658   0x000000f8   Code   RO         8512    i.land_Gps_Offset_Relative_To_Home  control_landing.o
    0x08016750   0x08016750   0x00000026   Code   RO         5689    i.main              main.o
    0x08016776   0x08016776   0x0000000e   Code   RO         9080    i.main_thread_entry  components.o
    0x08016784   0x08016784   0x0000001a   Code   RO         7589    i.math_Abs          math_function.o
    0x0801679e   0x0801679e   0x00000020   Code   RO         7590    i.math_Constrain    math_function.o
    0x080167be   0x080167be   0x00000002   PAD
    0x080167c0   0x080167c0   0x0000010c   Code   RO         7591    i.math_Floater_Number_Analy  math_function.o
    0x080168cc   0x080168cc   0x0000004e   Code   RO         7592    i.math_Integer_Number_Analy  math_function.o
    0x0801691a   0x0801691a   0x00000002   PAD
    0x0801691c   0x0801691c   0x00000034   Code   RO         7593    i.math_InvSqrt      math_function.o
    0x08016950   0x08016950   0x00000038   Code   RO         7594    i.math_fast_atan    math_function.o
    0x08016988   0x08016988   0x00000008   Code   RO         5714    i.mcu_driver_init   sys_ostask.o
    0x08016990   0x08016990   0x0000000c   Code   RO         5715    i.mcu_nvic_init     sys_ostask.o
    0x0801699c   0x0801699c   0x0000000e   Code   RO         5378    i.msp_Dma_Disable   msp_dma.o
    0x080169aa   0x080169aa   0x0000002c   Code   RO         5379    i.msp_Dma_Enable    msp_dma.o
    0x080169d6   0x080169d6   0x0000007a   Code   RO         5380    i.msp_Dma_Init      msp_dma.o
    0x08016a50   0x08016a50   0x00000064   Code   RO         5299    i.msp_EXTI_Init     msp_exti.o
    0x08016ab4   0x08016ab4   0x0000002a   Code   RO         5257    i.msp_GPIO_Init     msp_gpio.o
    0x08016ade   0x08016ade   0x000000b4   Code   RO         5482    i.msp_I2c_Init      msp_i2c.o
    0x08016b92   0x08016b92   0x00000002   PAD
    0x08016b94   0x08016b94   0x00000150   Code   RO         5029    i.msp_NVIC_Init     msp_nvic.o
    0x08016ce4   0x08016ce4   0x00000070   Code   RO         5868    i.msp_Peripheral_GPIO_Init  sys_mcuinit.o
    0x08016d54   0x08016d54   0x00000042   Code   RO         5414    i.msp_TimAlarm_Init  msp_tim.o
    0x08016d96   0x08016d96   0x000001dc   Code   RO         5417    i.msp_TimMultiPwmOut_Init  msp_tim.o
    0x08016f72   0x08016f72   0x00000048   Code   RO         5418    i.msp_TimMultiPwmOut_SetPluse  msp_tim.o
    0x08016fba   0x08016fba   0x000001c6   Code   RO         5419    i.msp_TimPwmIn_Init  msp_tim.o
    0x08017180   0x08017180   0x0000012e   Code   RO         5325    i.msp_Uart_Init     msp_uart.o
    0x080172ae   0x080172ae   0x00000068   Code   RO         5326    i.msp_Uart_Send_Data  msp_uart.o
    0x08017316   0x08017316   0x00000062   Code   RO         5327    i.msp_uart_recv_data  msp_uart.o
    0x08017378   0x08017378   0x0000000c   Code   RO         5958    i.my_GetTick        period_execute.o
    0x08017384   0x08017384   0x00000010   Code   RO         5959    i.my_Tick_Ins       period_execute.o
    0x08017394   0x08017394   0x0000002c   Code   RO         5961    i.nop_delay_us      period_execute.o
    0x080173c0   0x080173c0   0x00000016   Code   RO         6173    i.oled_pow          bsp_hci_oled0_96.o
    0x080173d6   0x080173d6   0x00000002   PAD
    0x080173d8   0x080173d8   0x00000040   Code   RO         7790    i.opflow_Offset_Relative_To_Home  attitude_aircraft.o
    0x08017418   0x08017418   0x00000006   Code   RO         7939    i.pgm_read_byte_far  earth_declination.o
    0x0801741e   0x0801741e   0x00000002   PAD
    0x08017420   0x08017420   0x0000020c   Code   RO         8194    i.pid_Control_Div_LPF  pid_system.o
    0x0801762c   0x0801762c   0x00000200   Code   RO         8197    i.pid_Control_Err_LPF  pid_system.o
    0x0801782c   0x0801782c   0x000001bc   Code   RO         8198    i.pid_Control_General_Dp  pid_system.o
    0x080179e8   0x080179e8   0x0000020c   Code   RO         8199    i.pid_Control_Yaw_Dp  pid_system.o
    0x08017bf4   0x08017bf4   0x00000028   Code   RO         8200    i.pid_Horizontal_GPS_Ctrl_Integrate_Reset  pid_system.o
    0x08017c1c   0x08017c1c   0x00000064   Code   RO         8201    i.pid_Horizontal_Takeoff_Integrate_Reset  pid_system.o
    0x08017c80   0x08017c80   0x0000015c   Code   RO         8202    i.pid_Link_Init     pid_system.o
    0x08017ddc   0x08017ddc   0x00000010   Code   RO         8203    i.pid_Link_Integrate_Reset  pid_system.o
    0x08017dec   0x08017dec   0x0000079a   Code   RO         8204    i.pid_Parameter_Read_And_Init  pid_system.o
    0x08018586   0x08018586   0x000000d6   Code   RO         8205    i.pid_System_Init   pid_system.o
    0x0801865c   0x0801865c   0x00000020   Code   RO         8206    i.pid_Vertical_Ctrl_Integrate_Reset  pid_system.o
    0x0801867c   0x0801867c   0x00000dc0   Code   RO         8207    i.pid_parameter_save_or_reset  pid_system.o
    0x0801943c   0x0801943c   0x0000010c   Code   RO         9779    i.plug_holes        mem.o
    0x08019548   0x08019548   0x0000000a   Code   RO         7595    i.power_x_2         math_function.o
    0x08019552   0x08019552   0x00000034   Code   RO         7597    i.pythagorous2      math_function.o
    0x08019586   0x08019586   0x0000006a   Code   RO         8871    i.remot_Data_Range  remot_dataanaly.o
    0x080195f0   0x080195f0   0x0000021c   Code   RO         8872    i.remot_PPM_AllChannel_Analy  remot_dataanaly.o
    0x0801980c   0x0801980c   0x00000144   Code   RO         8873    i.remot_aircraft_lock_and_unlock  remot_dataanaly.o
    0x08019950   0x08019950   0x000006d0   Code   RO         8874    i.remot_get_all_channel_data  remot_dataanaly.o
    0x0801a020   0x0801a020   0x00000050   Code   RO         9081    i.rt_application_init  components.o
    0x0801a070   0x0801a070   0x00000030   Code   RO         9609    i.rt_assert_handler  kservice.o
    0x0801a0a0   0x0801a0a0   0x0000001c   Code   RO         9082    i.rt_components_board_init  components.o
    0x0801a0bc   0x0801a0bc   0x0000001c   Code   RO         9083    i.rt_components_init  components.o
    0x0801a0d8   0x0801a0d8   0x0000017c   Code   RO         5923    i.rt_debug_uart_init  sys_debug.o
    0x0801a254   0x0801a254   0x00000020   Code   RO        10028    i.rt_enter_critical  scheduler.o
    0x0801a274   0x0801a274   0x00000048   Code   RO         5716    i.rt_entry_gps_ctrl_data_get  sys_ostask.o
    0x0801a2bc   0x0801a2bc   0x00000040   Code   RO         5717    i.rt_entry_gps_data_horizontal_fusion  sys_ostask.o
    0x0801a2fc   0x0801a2fc   0x00000048   Code   RO         5718    i.rt_entry_opticflow_ctrl_data_get  sys_ostask.o
    0x0801a344   0x0801a344   0x0000002c   Code   RO         5719    i.rt_entry_opticflow_data_horizontal_fusion  sys_ostask.o
    0x0801a370   0x0801a370   0x00000020   Code   RO         5720    i.rt_entry_thread_base_module  sys_ostask.o
    0x0801a390   0x0801a390   0x0000006c   Code   RO         5721    i.rt_entry_thread_euler_angle_calculate  sys_ostask.o
    0x0801a3fc   0x0801a3fc   0x00000030   Code   RO         5722    i.rt_entry_thread_hci_oled_show  sys_ostask.o
    0x0801a42c   0x0801a42c   0x00000080   Code   RO         5723    i.rt_entry_thread_hci_slave_and_host  sys_ostask.o
    0x0801a4ac   0x0801a4ac   0x00000028   Code   RO         5724    i.rt_entry_thread_stor_para_rdwr  sys_ostask.o
    0x0801a4d4   0x0801a4d4   0x0000002c   Code   RO         5725    i.rt_entry_thread_task_status_check  sys_ostask.o
    0x0801a500   0x0801a500   0x00000040   Code   RO         5726    i.rt_entry_thread_tfsd_fly_log  sys_ostask.o
    0x0801a540   0x0801a540   0x00000058   Code   RO         5727    i.rt_entry_thread_vertical_fusion  sys_ostask.o
    0x0801a598   0x0801a598   0x000000b4   Code   RO         5728    i.rt_entry_uav_calib_system  sys_ostask.o
    0x0801a64c   0x0801a64c   0x00000054   Code   RO         5729    i.rt_entry_uav_ctrl_system  sys_ostask.o
    0x0801a6a0   0x0801a6a0   0x00000048   Code   RO         9296    i.rt_event_init     ipc.o
    0x0801a6e8   0x0801a6e8   0x000001a0   Code   RO         9297    i.rt_event_recv     ipc.o
    0x0801a888   0x0801a888   0x00000108   Code   RO         9298    i.rt_event_send     ipc.o
    0x0801a990   0x0801a990   0x0000003c   Code   RO        10029    i.rt_exit_critical  scheduler.o
    0x0801a9cc   0x0801a9cc   0x00000170   Code   RO         9781    i.rt_free           mem.o
    0x0801ab3c   0x0801ab3c   0x00000008   Code   RO         8978    i.rt_heap_begin_get  board.o
    0x0801ab44   0x0801ab44   0x00000008   Code   RO         8979    i.rt_heap_end_get   board.o
    0x0801ab4c   0x0801ab4c   0x00000078   Code   RO         8980    i.rt_hw_board_init  board.o
    0x0801abc4   0x0801abc4   0x0000002c   Code   RO        10382    i.rt_hw_hard_fault_exception  cpuport.o
    0x0801abf0   0x0801abf0   0x00000050   Code   RO        10383    i.rt_hw_stack_init  cpuport.o
    0x0801ac40   0x0801ac40   0x00000038   Code   RO         9567    i.rt_interrupt_enter  irq.o
    0x0801ac78   0x0801ac78   0x0000000c   Code   RO         9569    i.rt_interrupt_get_nest  irq.o
    0x0801ac84   0x0801ac84   0x00000038   Code   RO         9570    i.rt_interrupt_leave  irq.o
    0x0801acbc   0x0801acbc   0x00000018   Code   RO         9299    i.rt_ipc_list_resume  ipc.o
    0x0801acd4   0x0801acd4   0x0000006c   Code   RO         9301    i.rt_ipc_list_suspend  ipc.o
    0x0801ad40   0x0801ad40   0x00000010   Code   RO         9302    i.rt_ipc_object_init  ipc.o
    0x0801ad50   0x0801ad50   0x00000006   Code   RO         9303    i.rt_list_init      ipc.o
    0x0801ad56   0x0801ad56   0x00000006   Code   RO        10030    i.rt_list_init      scheduler.o
    0x0801ad5c   0x0801ad5c   0x00000006   Code   RO        10262    i.rt_list_init      timer.o
    0x0801ad62   0x0801ad62   0x0000000e   Code   RO         9919    i.rt_list_insert_after  object.o
    0x0801ad70   0x0801ad70   0x0000000e   Code   RO        10118    i.rt_list_insert_after  thread.o
    0x0801ad7e   0x0801ad7e   0x0000000e   Code   RO        10263    i.rt_list_insert_after  timer.o
    0x0801ad8c   0x0801ad8c   0x0000000e   Code   RO         9304    i.rt_list_insert_before  ipc.o
    0x0801ad9a   0x0801ad9a   0x00000010   Code   RO         9305    i.rt_list_isempty   ipc.o
    0x0801adaa   0x0801adaa   0x00000010   Code   RO        10264    i.rt_list_isempty   timer.o
    0x0801adba   0x0801adba   0x00000012   Code   RO         9920    i.rt_list_remove    object.o
    0x0801adcc   0x0801adcc   0x00000012   Code   RO        10119    i.rt_list_remove    thread.o
    0x0801adde   0x0801adde   0x00000002   PAD
    0x0801ade0   0x0801ade0   0x0000028c   Code   RO         9783    i.rt_malloc         mem.o
    0x0801b06c   0x0801b06c   0x00000048   Code   RO         9617    i.rt_memset         kservice.o
    0x0801b0b4   0x0801b0b4   0x000000bc   Code   RO         9921    i.rt_object_allocate  object.o
    0x0801b170   0x0801b170   0x000000a0   Code   RO         9923    i.rt_object_delete  object.o
    0x0801b210   0x0801b210   0x0000005c   Code   RO         9924    i.rt_object_detach  object.o
    0x0801b26c   0x0801b26c   0x00000028   Code   RO         9927    i.rt_object_get_information  object.o
    0x0801b294   0x0801b294   0x00000034   Code   RO         9928    i.rt_object_get_type  object.o
    0x0801b2c8   0x0801b2c8   0x0000007c   Code   RO         9929    i.rt_object_init    object.o
    0x0801b344   0x0801b344   0x0000003c   Code   RO         9930    i.rt_object_is_systemobject  object.o
    0x0801b380   0x0801b380   0x000000c8   Code   RO        10031    i.rt_schedule       scheduler.o
    0x0801b448   0x0801b448   0x00000094   Code   RO        10032    i.rt_schedule_insert_thread  scheduler.o
    0x0801b4dc   0x0801b4dc   0x000000a0   Code   RO        10033    i.rt_schedule_remove_thread  scheduler.o
    0x0801b57c   0x0801b57c   0x00000048   Code   RO         9333    i.rt_sem_init       ipc.o
    0x0801b5c4   0x0801b5c4   0x00000090   Code   RO         9334    i.rt_sem_release    ipc.o
    0x0801b654   0x0801b654   0x00000134   Code   RO         9335    i.rt_sem_take       ipc.o
    0x0801b788   0x0801b788   0x00000034   Code   RO         9627    i.rt_strncpy        kservice.o
    0x0801b7bc   0x0801b7bc   0x000000dc   Code   RO         9787    i.rt_system_heap_init  mem.o
    0x0801b898   0x0801b898   0x00000060   Code   RO        10035    i.rt_system_scheduler_init  scheduler.o
    0x0801b8f8   0x0801b8f8   0x00000044   Code   RO        10036    i.rt_system_scheduler_start  scheduler.o
    0x0801b93c   0x0801b93c   0x0000001c   Code   RO        10265    i.rt_system_timer_init  timer.o
    0x0801b958   0x0801b958   0x00000002   Code   RO        10266    i.rt_system_timer_thread_init  timer.o
    0x0801b95a   0x0801b95a   0x00000050   Code   RO        10121    i.rt_thread_create  thread.o
    0x0801b9aa   0x0801b9aa   0x0000000c   Code   RO        10122    i.rt_thread_delay   thread.o
    0x0801b9b6   0x0801b9b6   0x00000002   PAD
    0x0801b9b8   0x0801b9b8   0x00000058   Code   RO        10125    i.rt_thread_exit    thread.o
    0x0801ba10   0x0801ba10   0x00000028   Code   RO         9241    i.rt_thread_idle_entry  idle.o
    0x0801ba38   0x0801ba38   0x000000b0   Code   RO         9242    i.rt_thread_idle_excute  idle.o
    0x0801bae8   0x0801bae8   0x0000003c   Code   RO         9244    i.rt_thread_idle_init  idle.o
    0x0801bb24   0x0801bb24   0x00000040   Code   RO         9245    i.rt_thread_idle_sethook  idle.o
    0x0801bb64   0x0801bb64   0x0000007c   Code   RO        10127    i.rt_thread_init    thread.o
    0x0801bbe0   0x0801bbe0   0x00000098   Code   RO        10130    i.rt_thread_resume  thread.o
    0x0801bc78   0x0801bc78   0x0000000c   Code   RO        10132    i.rt_thread_self    thread.o
    0x0801bc84   0x0801bc84   0x00000080   Code   RO        10133    i.rt_thread_sleep   thread.o
    0x0801bd04   0x0801bd04   0x000000d4   Code   RO        10134    i.rt_thread_startup  thread.o
    0x0801bdd8   0x0801bdd8   0x000000a0   Code   RO        10135    i.rt_thread_suspend  thread.o
    0x0801be78   0x0801be78   0x000000b4   Code   RO        10137    i.rt_thread_timeout  thread.o
    0x0801bf2c   0x0801bf2c   0x00000064   Code   RO        10138    i.rt_thread_yield   thread.o
    0x0801bf90   0x0801bf90   0x0000000c   Code   RO         9043    i.rt_tick_get       clock.o
    0x0801bf9c   0x0801bf9c   0x00000030   Code   RO         9044    i.rt_tick_increase  clock.o
    0x0801bfcc   0x0801bfcc   0x0000009c   Code   RO        10267    i.rt_timer_check    timer.o
    0x0801c068   0x0801c068   0x000000b8   Code   RO        10268    i.rt_timer_control  timer.o
    0x0801c120   0x0801c120   0x000000d4   Code   RO        10271    i.rt_timer_detach   timer.o
    0x0801c1f4   0x0801c1f4   0x00000054   Code   RO        10272    i.rt_timer_init     timer.o
    0x0801c248   0x0801c248   0x000001c0   Code   RO        10275    i.rt_timer_start    timer.o
    0x0801c408   0x0801c408   0x000000c0   Code   RO        10276    i.rt_timer_stop     timer.o
    0x0801c4c8   0x0801c4c8   0x00000004   Code   RO         9084    i.rti_board_end     components.o
    0x0801c4cc   0x0801c4cc   0x00000004   Code   RO         9085    i.rti_board_start   components.o
    0x0801c4d0   0x0801c4d0   0x00000004   Code   RO         9086    i.rti_end           components.o
    0x0801c4d4   0x0801c4d4   0x00000004   Code   RO         9087    i.rti_start         components.o
    0x0801c4d8   0x0801c4d8   0x000003a8   Code   RO         5730    i.rtos_thread_create  sys_ostask.o
    0x0801c880   0x0801c880   0x000001d4   Code   RO         5731    i.rtos_unit_init    sys_ostask.o
    0x0801ca54   0x0801ca54   0x00000026   Code   RO         9088    i.rtthread_startup  components.o
    0x0801ca7a   0x0801ca7a   0x00000006   Code   RO         8928    i.safe_force_mission_get  safe_operation.o
    0x0801ca80   0x0801ca80   0x00000054   Code   RO         8929    i.safe_task_execute_period_is_true  safe_operation.o
    0x0801cad4   0x0801cad4   0x00000154   Code   RO         8930    i.safe_task_status_check  safe_operation.o
    0x0801cc28   0x0801cc28   0x0000001e   Code   RO         7886    i.security_Feed_CMC_Succ_Dog_10MS  status_aircraft.o
    0x0801cc46   0x0801cc46   0x00000002   PAD
    0x0801cc48   0x0801cc48   0x000001a8   Code   RO         8116    i.sins_get_body_relative_earth_acc  sins_strapdown.o
    0x0801cdf0   0x0801cdf0   0x00000094   Code   RO         8117    i.sins_horizontal_gps_opticflow_auto_change  sins_strapdown.o
    0x0801ce84   0x0801ce84   0x000003bc   Code   RO         8118    i.sins_kalman_estimate_horizontal  sins_strapdown.o
    0x0801d240   0x0801d240   0x00000130   Code   RO         8119    i.sins_kalman_estimate_vertical  sins_strapdown.o
    0x0801d370   0x0801d370   0x00000188   Code   RO         8122    i.sins_vertical_bero_ultr_auto_change  sins_strapdown.o
    0x0801d4f8   0x0801d4f8   0x0000006e   Code   RO        10529    i.sqrt              m_wm.l(sqrt.o)
    0x0801d566   0x0801d566   0x00000034   Code   RO         5593    i.ssp_SimI2C_GetAck  ssp_simi2c.o
    0x0801d59a   0x0801d59a   0x00000066   Code   RO         5594    i.ssp_SimI2C_Init   ssp_simi2c.o
    0x0801d600   0x0801d600   0x00000040   Code   RO         5595    i.ssp_SimI2C_IsBusy  ssp_simi2c.o
    0x0801d640   0x0801d640   0x00000070   Code   RO         5596    i.ssp_SimI2C_ReadByte  ssp_simi2c.o
    0x0801d6b0   0x0801d6b0   0x00000064   Code   RO         5597    i.ssp_SimI2C_SetAck  ssp_simi2c.o
    0x0801d714   0x0801d714   0x00000052   Code   RO         5598    i.ssp_SimI2C_Start  ssp_simi2c.o
    0x0801d766   0x0801d766   0x0000003e   Code   RO         5599    i.ssp_SimI2C_Stop   ssp_simi2c.o
    0x0801d7a4   0x0801d7a4   0x0000007c   Code   RO         5600    i.ssp_SimI2C_WriteByte  ssp_simi2c.o
    0x0801d820   0x0801d820   0x000000d2   Code   RO         5659    i.ssp_SimSPI_Init   ssp_simspi.o
    0x0801d8f2   0x0801d8f2   0x00000068   Code   RO         5660    i.ssp_SimSPI_WriteByte  ssp_simspi.o
    0x0801d95a   0x0801d95a   0x00000002   PAD
    0x0801d95c   0x0801d95c   0x00000034   Code   RO         7887    i.status_GPS_Fix_Ava_Check  status_aircraft.o
    0x0801d990   0x0801d990   0x00000080   Code   RO         7888    i.status_check_uav_wireless  status_aircraft.o
    0x0801da10   0x0801da10   0x000000ec   Code   RO         8123    i.strapdown_ins_reset  sins_strapdown.o
    0x0801dafc   0x0801dafc   0x00000638   Code   RO         5869    i.sys_Mcu_Peripheral_Init  sys_mcuinit.o
    0x0801e134   0x0801e134   0x0000004e   Code   RO         5870    i.sys_Peripheral_RCC_Init  sys_mcuinit.o
    0x0801e182   0x0801e182   0x00000002   PAD
    0x0801e184   0x0801e184   0x0000002c   Code   RO         5871    i.sys_mcu_exti_init  sys_mcuinit.o
    0x0801e1b0   0x0801e1b0   0x00000098   Code   RO         5872    i.sys_mcu_tim_init  sys_mcuinit.o
    0x0801e248   0x0801e248   0x00000028   Code   RO         5732    i.uav_system_init   sys_ostask.o
    0x0801e270   0x0801e270   0x00000148   Code   RO         7791    i.ultr_altitude_data_get_and_dp  attitude_aircraft.o
    0x0801e3b8   0x0801e3b8   0x00000748   Code   RO         7468    i.user_ANO_Send_Host_Wave_Data  host_transceive.o
    0x0801eb00   0x0801eb00   0x00000234   Code   RO         7469    i.user_ANO_Send_OpticFlow_Ctrl_Data  host_transceive.o
    0x0801ed34   0x0801ed34   0x00000234   Code   RO         7470    i.user_ANO_Send_Pid_Link_Data  host_transceive.o
    0x0801ef68   0x0801ef68   0x00000334   Code   RO         7471    i.user_ANO_Send_Sensor_RawFilter_Data  host_transceive.o
    0x0801f29c   0x0801f29c   0x00000234   Code   RO         7472    i.user_ANO_Send_Sins_Height_Data  host_transceive.o
    0x0801f4d0   0x0801f4d0   0x00000234   Code   RO         7473    i.user_ANO_Send_Sins_Horizontal_X_Data  host_transceive.o
    0x0801f704   0x0801f704   0x00000234   Code   RO         7474    i.user_ANO_Send_Sins_Horizontal_Y_Data  host_transceive.o
    0x0801f938   0x0801f938   0x00000810   Code   RO         7475    i.user_Host_Data_Receive_Anl  host_transceive.o
    0x08020148   0x08020148   0x000000e4   Code   RO         7476    i.user_Host_Data_Receive_Prepare  host_transceive.o
    0x0802022c   0x0802022c   0x00000630   Code   RO         7477    i.user_VCAN_Send_Host_Wave_Data  host_transceive.o
    0x0802085c   0x0802085c   0x00000028   Code   RO         7478    i.user_VCAN_Send_OpticFlow_Ctrl_Data  host_transceive.o
    0x08020884   0x08020884   0x00000028   Code   RO         7479    i.user_VCAN_Send_Pid_Link_Data  host_transceive.o
    0x080208ac   0x080208ac   0x00000002   Code   RO         7480    i.user_VCAN_Send_Sensor_RawFilter_Data  host_transceive.o
    0x080208ae   0x080208ae   0x00000002   PAD
    0x080208b0   0x080208b0   0x00000028   Code   RO         7481    i.user_VCAN_Send_Sins_Height_Data  host_transceive.o
    0x080208d8   0x080208d8   0x00000028   Code   RO         7482    i.user_VCAN_Send_Sins_Horizontal_X_Data  host_transceive.o
    0x08020900   0x08020900   0x00000028   Code   RO         7483    i.user_VCAN_Send_Sins_Horizontal_Y_Data  host_transceive.o
    0x08020928   0x08020928   0x00000438   Code   RO         8408    i.vertical_Control_AltHold  control_althold.o
    0x08020d60   0x08020d60   0x00000024   Code   RO         5733    i.work_after_system_init  sys_ostask.o
    0x08020d84   0x08020d84   0x00003167   Data   RO         6174    .constdata          bsp_hci_oled0_96.o
    0x08023eeb   0x08023eeb   0x0000014c   Data   RO         6962    .constdata          bsp_opflow_upixelslc306.o
    0x08024037   0x08024037   0x000007d0   Data   RO         7940    .constdata          earth_declination.o
    0x08024807   0x08024807   0x00000001   PAD
    0x08024808   0x08024808   0x00000048   Data   RO         7993    .constdata          calib_sensordata.o
    0x08024850   0x08024850   0x00000690   Data   RO         8208    .constdata          pid_system.o
    0x08024ee0   0x08024ee0   0x00000014   Data   RO         9089    .constdata          components.o
    0x08024ef4   0x08024ef4   0x00000016   Data   RO         9247    .constdata          idle.o
    0x08024f0a   0x08024f0a   0x000001f7   Data   RO         9337    .constdata          ipc.o
    0x08025101   0x08025101   0x00000122   Data   RO         9633    .constdata          kservice.o
    0x08025223   0x08025223   0x00000046   Data   RO         9789    .constdata          mem.o
    0x08025269   0x08025269   0x00000080   Data   RO         9935    .constdata          object.o
    0x080252e9   0x080252e9   0x0000004e   Data   RO        10038    .constdata          scheduler.o
    0x08025337   0x08025337   0x000000b9   Data   RO        10139    .constdata          thread.o
    0x080253f0   0x080253f0   0x0000005c   Data   RO        10278    .constdata          timer.o
    0x0802544c   0x0802544c   0x00000004   PAD
    0x08025450   0x08025450   0x00000050   Data   RO        10422    .constdata          m_wm.l(asin.o)
    0x080254a0   0x080254a0   0x00000098   Data   RO        10436    .constdata          m_wm.l(atan.o)
    0x08025538   0x08025538   0x00000140   Data   RO        10504    .constdata          m_wm.l(powf.o)
    0x08025678   0x08025678   0x00000030   Data   RO        10599    .constdata          m_wm.l(cos_i.o)
    0x080256a8   0x080256a8   0x00000008   Data   RO        10635    .constdata          m_wm.l(qnan.o)
    0x080256b0   0x080256b0   0x000000c8   Data   RO        10638    .constdata          m_wm.l(rred.o)
    0x08025778   0x08025778   0x00000020   Data   RO        10642    .constdata          m_wm.l(rredf.o)
    0x08025798   0x08025798   0x00000028   Data   RO        10645    .constdata          m_wm.l(sin_i.o)
    0x080257c0   0x080257c0   0x0000008b   Data   RO         9338    .conststring        ipc.o
    0x0802584b   0x0802584b   0x00000001   PAD
    0x0802584c   0x0802584c   0x000000ed   Data   RO         9790    .conststring        mem.o
    0x08025939   0x08025939   0x00000003   PAD
    0x0802593c   0x0802593c   0x00000042   Data   RO        10140    .conststring        thread.o
    0x0802597e   0x0802597e   0x00000002   PAD
    0x08025980   0x08025980   0x00000004   Data   RO         9090    .rti_fn.0           components.o
    0x08025984   0x08025984   0x00000004   Data   RO         9091    .rti_fn.0.end       components.o
    0x08025988   0x08025988   0x00000004   Data   RO         9092    .rti_fn.1.end       components.o
    0x0802598c   0x0802598c   0x00000004   Data   RO         9093    .rti_fn.6.end       components.o
    0x08025990   0x08025990   0x00000020   Data   RO        10694    Region$$Table       anon$$obj.o


    Execution Region RW_IRAM1 (Exec base: 0x20000000, Load base: 0x080259b0, Size: 0x0000d1e8, Max: 0x00020000, ABSOLUTE, COMPRESSED[0x000002a8])

    Exec Addr    Load Addr    Size         Type   Attr      Idx    E Section Name        Object

    0x20000000   COMPRESSED   0x00000014   Data   RW           16    .data               system_stm32f4xx.o
    0x20000014   COMPRESSED   0x00000010   Data   RW         2878    .data               stm32f4xx_rcc.o
    0x20000024   COMPRESSED   0x00000016   Data   RW         5735    .data               sys_ostask.o
    0x2000003a   COMPRESSED   0x00000002   PAD
    0x2000003c   COMPRESSED   0x000002f4   Data   RW         5874    .data               sys_mcuinit.o
    0x20000330   COMPRESSED   0x000000b4   Data   RW         5925    .data               sys_debug.o
    0x200003e4   COMPRESSED   0x00000014   Data   RW         5963    .data               period_execute.o
    0x200003f8   COMPRESSED   0x00000008   Data   RW         6026    .data               stm32f4xx_it.o
    0x20000400   COMPRESSED   0x00000008   Data   RW         6121    .data               rtos_cpuusage.o
    0x20000408   COMPRESSED   0x00000005   Data   RW         6175    .data               bsp_hci_oled0_96.o
    0x2000040d   COMPRESSED   0x00000003   PAD
    0x20000410   COMPRESSED   0x0000000c   Data   RW         6322    .data               bsp_eeprom_at24cxx.o
    0x2000041c   COMPRESSED   0x00000003   Data   RW         6861    .data               bsp_ultr_us100.o
    0x2000041f   COMPRESSED   0x00000001   PAD
    0x20000420   COMPRESSED   0x00000048   Data   RW         6911    .data               bsp_gps_m8n.o
    0x20000468   COMPRESSED   0x00000038   Data   RW         6963    .data               bsp_opflow_upixelslc306.o
    0x200004a0   COMPRESSED   0x00000004   Data   RW         7030    .data               bsp_boardlib.o
    0x200004a4   COMPRESSED   0x00000009   Data   RW         7122    .data               ano_dt.o
    0x200004ad   COMPRESSED   0x00000001   PAD
    0x200004ae   COMPRESSED   0x00000024   Data   RW         7323    .data               hci_oledshow.o
    0x200004d2   COMPRESSED   0x0000000d   Data   RW         7485    .data               host_transceive.o
    0x200004df   COMPRESSED   0x00000001   PAD
    0x200004e0   COMPRESSED   0x00000010   Data   RW         7600    .data               math_function.o
    0x200004f0   COMPRESSED   0x00000116   Data   RW         7687    .data               ahrs_caculation.o
    0x20000606   COMPRESSED   0x00000002   PAD
    0x20000608   COMPRESSED   0x00000018   Data   RW         7793    .data               attitude_aircraft.o
    0x20000620   COMPRESSED   0x00000044   Data   RW         7889    .data               status_aircraft.o
    0x20000664   COMPRESSED   0x00000680   Data   RW         7994    .data               calib_sensordata.o
    0x20000ce4   COMPRESSED   0x0000004a   Data   RW         8125    .data               sins_strapdown.o
    0x20000d2e   COMPRESSED   0x00000002   PAD
    0x20000d30   COMPRESSED   0x00000c04   Data   RW         8209    .data               pid_system.o
    0x20001934   COMPRESSED   0x00000016   Data   RW         8338    .data               control_aircraft.o
    0x2000194a   COMPRESSED   0x00000002   PAD
    0x2000194c   COMPRESSED   0x00000018   Data   RW         8409    .data               control_althold.o
    0x20001964   COMPRESSED   0x00000028   Data   RW         8449    .data               control_poshold.o
    0x2000198c   COMPRESSED   0x00000018   Data   RW         8514    .data               control_landing.o
    0x200019a4   COMPRESSED   0x00000006   Data   RW         8721    .data               filter_dataprocess.o
    0x200019aa   COMPRESSED   0x00000006   PAD
    0x200019b0   COMPRESSED   0x000000a8   Data   RW         8837    .data               filter_kalman.o
    0x20001a58   COMPRESSED   0x0000000e   Data   RW         8876    .data               remot_dataanaly.o
    0x20001a66   COMPRESSED   0x00000002   PAD
    0x20001a68   COMPRESSED   0x00000005   Data   RW         8933    .data               safe_operation.o
    0x20001a6d   COMPRESSED   0x00000003   PAD
    0x20001a70   COMPRESSED   0x00000004   Data   RW         9046    .data               clock.o
    0x20001a74   COMPRESSED   0x00000009   Data   RW         9572    .data               irq.o
    0x20001a7d   COMPRESSED   0x00000003   PAD
    0x20001a80   COMPRESSED   0x00000008   Data   RW         9634    .data               kservice.o
    0x20001a88   COMPRESSED   0x00000020   Data   RW         9791    .data               mem.o
    0x20001aa8   COMPRESSED   0x000000a4   Data   RW         9936    .data               object.o
    0x20001b4c   COMPRESSED   0x0000001c   Data   RW        10039    .data               scheduler.o
    0x20001b68   COMPRESSED   0x0000000c   Data   RW        10141    .data               thread.o
    0x20001b74   COMPRESSED   0x00000010   Data   RW        10279    .data               timer.o
    0x20001b84   COMPRESSED   0x00000010   Data   RW        10385    .data               cpuport.o
    0x20001b94   COMPRESSED   0x00000004   Data   RW        10679    .data               mc_w.l(errno.o)
    0x20001b98        -       0x00007798   Zero   RW         5734    .bss                sys_ostask.o
    0x20009330        -       0x000000c0   Zero   RW         5873    .bss                sys_mcuinit.o
    0x200093f0        -       0x00000096   Zero   RW         5924    .bss                sys_debug.o
    0x20009486   COMPRESSED   0x00000002   PAD
    0x20009488        -       0x00000114   Zero   RW         5962    .bss                period_execute.o
    0x2000959c        -       0x00000018   Zero   RW         6501    .bss                bsp_imu_mpu6050.o
    0x200095b4        -       0x00000014   Zero   RW         6710    .bss                bsp_mag_hmc5983.o
    0x200095c8        -       0x00000040   Zero   RW         6774    .bss                bsp_bero_spl06.o
    0x20009608        -       0x0000000c   Zero   RW         6860    .bss                bsp_ultr_us100.o
    0x20009614        -       0x00000198   Zero   RW         6909    .bss                bsp_gps_m8n.o
    0x200097ac        -       0x00000040   Zero   RW         6961    .bss                bsp_opflow_upixelslc306.o
    0x200097ec        -       0x00000010   Zero   RW         7121    .bss                ano_dt.o
    0x200097fc        -       0x000000d0   Zero   RW         7484    .bss                host_transceive.o
    0x200098cc        -       0x00000010   Zero   RW         7599    .bss                math_function.o
    0x200098dc        -       0x000003f4   Zero   RW         7686    .bss                ahrs_caculation.o
    0x20009cd0        -       0x00000170   Zero   RW         7792    .bss                attitude_aircraft.o
    0x20009e40        -       0x00000f60   Zero   RW         8124    .bss                sins_strapdown.o
    0x2000ada0        -       0x0000004c   Zero   RW         8337    .bss                control_aircraft.o
    0x2000adec        -       0x00000040   Zero   RW         8513    .bss                control_landing.o
    0x2000ae2c        -       0x000000d0   Zero   RW         8603    .bss                control_mission.o
    0x2000aefc        -       0x000009d8   Zero   RW         8720    .bss                filter_dataprocess.o
    0x2000b8d4        -       0x0000005c   Zero   RW         8875    .bss                remot_dataanaly.o
    0x2000b930        -       0x00000020   Zero   RW         8932    .bss                safe_operation.o
    0x2000b950        -       0x00001000   Zero   RW         8982    .bss                board.o
    0x2000c950        -       0x000002b4   Zero   RW         9246    .bss                idle.o
    0x2000cc04        -       0x00000030   Zero   RW         9788    .bss                mem.o
    0x2000cc34        -       0x000001b0   Zero   RW        10037    .bss                scheduler.o
    0x2000cde4   COMPRESSED   0x00000004   PAD
    0x2000cde8        -       0x00000400   Zero   RW            1    STACK               startup_stm32f407xx.o


==============================================================================

Image component sizes


      Code (inc. data)   RO Data    RW Data    ZI Data      Debug   Object Name

      8322        456          0        278       1012      18204   ahrs_caculation.o
      4552        156          0          9         16      15214   ano_dt.o
      2442        214          0         24        368      12784   attitude_aircraft.o
       152         20          0          0       4096      29466   board.o
      2128         20          0          0         64      11478   bsp_bero_spl06.o
       612         34          0          4          0      10999   bsp_boardlib.o
      1088         18          0         12          0      13273   bsp_eeprom_at24cxx.o
       764         22          0         72        408       8121   bsp_gps_m8n.o
      2454         30      12647          5          0      17525   bsp_hci_oled0_96.o
       726         18          0          0         24       6019   bsp_imu_mpu6050.o
       516         14          0          0         20       4711   bsp_mag_hmc5983.o
      1022         54        332         56         64       9649   bsp_opflow_upixelslc306.o
       328         18          0          3         12       4432   bsp_ultr_us100.o
      8938        344         72       1664          0      28359   calib_sensordata.o
        60         12          0          4          0       1309   clock.o
       218         50         36          0          0       6500   components.o
       308         26          0          0          0        872   context_rvds.o
      4568        228          0         22         76      10705   control_aircraft.o
      1080        110          0         24          0       1679   control_althold.o
      5072        376          0         24         64      12519   control_landing.o
      1506         54          0          0        208      14313   control_mission.o
      1908        128          0         40          0       4823   control_poshold.o
       124         10          0         16          0       4470   cpuport.o
       750         34       2000          0          0       4127   earth_declination.o
      2984        246          0          6       2520      13158   filter_dataprocess.o
      3188         30          0        168          0       4188   filter_kalman.o
     20864       3494          0         36          0      25685   hci_oledshow.o
      9582        316          0         13        208      17511   host_transceive.o
       360         50         22          0        692       6655   idle.o
      1460        186        642          0          0      34591   ipc.o
       124         26          0          9          0       2450   irq.o
       248         10        290          8          0       5937   kservice.o
        38          0          0          0          0        543   main.o
       574         28          0         16         16       7755   math_function.o
      1508        412        307         32         48       6465   mem.o
       140         24          0          0          0       1771   misc.o
       180          0          0          0          0       2366   msp_dma.o
       100          0          0          0          0       1140   msp_exti.o
        42          0          0          0          0       1068   msp_gpio.o
       180          0          0          0          0      27813   msp_i2c.o
       336         36          0          0          0      37786   msp_nvic.o
      1068          0          0          0          0       3904   msp_tim.o
       504          0          0          0          0       2834   msp_uart.o
       748        228        128        164          0      10894   object.o
       148         26          0         20        276       4130   period_execute.o
      8220        172       1680       3076          0      40276   pid_system.o
      2714        106          0         14         92       7070   remot_dataanaly.o
       212         20          0          8          0       2031   rtos_cpuusage.o
       430         58          0          5         32       4014   safe_operation.o
       858        190         78         28        432       9884   scheduler.o
      2460        130          0         74       3936       9011   sins_strapdown.o
       698          0          0          0          0       6016   ssp_simi2c.o
       314          0          0          0          0       2029   ssp_simspi.o
        36          8        392          0       1024        900   startup_stm32f407xx.o
       242         12          0         68          0       8537   status_aircraft.o
       664         54          0          0          0       7342   stm32f4xx_dma.o
       184         16          0          0          0       2364   stm32f4xx_exti.o
       240          0          0          0          0       3863   stm32f4xx_gpio.o
       256         14          0          0          0       2045   stm32f4xx_i2c.o
      1250        156          0          8          0       8433   stm32f4xx_it.o
       392         48          0         16          0       6241   stm32f4xx_rcc.o
        64          4          0          0          0        688   stm32f4xx_syscfg.o
      1404         66          0          0          0      19438   stm32f4xx_tim.o
       486          8          0          0          0       7226   stm32f4xx_usart.o
       380         24          0        180        150       1612   sys_debug.o
      1978        162          0        756        192       6856   sys_mcuinit.o
      2584        962          0         22      30616      18494   sys_ostask.o
       340         32          0         20          0     316509   system_stm32f4xx.o
      1492        398        251         12          0      16561   thread.o
      1454        478         92         16          0      12923   timer.o
       950         12          0          0          0       3240   vcan_dt.o

    ----------------------------------------------------------------------
    124394      10688      19012       7060      46672     993798   Object Totals
         0          0         32          0          0          0   (incl. Generated)
        78          0         11         28          6          0   (incl. Padding)

    ----------------------------------------------------------------------

      Code (inc. data)   RO Data    RW Data    ZI Data      Debug   Library Member Name

       864         94         80          0          0        280   asin.o
       744        106        152          0          0        352   atan.o
       496         64          0          0          0        192   atan2.o
       200         20          0          0          0        164   cos.o
       368         46         48          0          0        200   cos_i.o
       336         56          0          0          0        136   cosf.o
       104         16          0          0          0        496   dunder.o
        44          0          0          0          0        248   fabs.o
       280         28          0          0          0        156   floor.o
       112         14          0          0          0        116   floorf.o
        48          0          0          0          0        124   fpclassify.o
        38          0          0          0          0        116   fpclassifyf.o
        80         24          0          0          0        696   funder.o
       248          0          0          0          0        152   poly.o
      1636        110        320          0          0        372   powf.o
         0          0          8          0          0          0   qnan.o
      1080        142        200          0          0        188   rred.o
       340         24         32          0          0        160   rredf.o
       200         20          0          0          0        164   sin.o
       304         24         40          0          0        208   sin_i.o
       232          0          0          0          0        296   sqrt.o
        58          0          0          0          0        136   sqrtf.o
        86          0          0          0          0          0   __dczerorl2.o
         0          0          0          0          0          0   entry.o
         0          0          0          0          0          0   entry10a.o
         0          0          0          0          0          0   entry11a.o
         8          4          0          0          0          0   entry2.o
         4          0          0          0          0          0   entry5.o
         0          0          0          0          0          0   entry7b.o
         0          0          0          0          0          0   entry8b.o
         8          4          0          0          0          0   entry9a.o
        12          6          0          4          0         68   errno.o
        30          0          0          0          0          0   handlers.o
        36          8          0          0          0         68   init.o
         0          0          0          0          0          0   iusefp.o
        30          0          0          0          0         68   llshl.o
        36          0          0          0          0         68   llsshr.o
        32          0          0          0          0         68   llushr.o
        40          0          0          0          0         76   memcpy.o
        36          0          0          0          0        108   memseta.o
        48          0          0          0          0         68   cdcmple.o
        48          0          0          0          0         68   cdrcmple.o
        56          0          0          0          0         88   d2f.o
       334          0          0          0          0        148   dadd.o
       222          0          0          0          0        100   ddiv.o
       186          0          0          0          0        176   depilogue.o
        62          0          0          0          0         80   dfixi.o
        34          0          0          0          0         76   dflti.o
        26          0          0          0          0         76   dfltui.o
       228          0          0          0          0         96   dmul.o
       162          0          0          0          0        100   dsqrt.o
        38          0          0          0          0         68   f2d.o
       110          0          0          0          0        168   fepilogue.o
         4          0          0          0          0         68   fpstat.o

    ----------------------------------------------------------------------
      9746        814        880          4          0       6856   Library Totals
        18          4          0          0          0          0   (incl. Padding)

    ----------------------------------------------------------------------

      Code (inc. data)   RO Data    RW Data    ZI Data      Debug   Library Name

      7812        788        880          0          0       4952   m_wm.l
       358         22          0          4          0        524   mc_w.l
      1558          0          0          0          0       1380   mf_w.l

    ----------------------------------------------------------------------
      9746        814        880          4          0       6856   Library Totals

    ----------------------------------------------------------------------

==============================================================================


      Code (inc. data)   RO Data    RW Data    ZI Data      Debug   

    134140      11502      19892       7064      46672     949902   Grand Totals
    134140      11502      19892        680      46672     949902   ELF Image Totals (compressed)
    134140      11502      19892        680          0          0   ROM Totals

==============================================================================

    Total RO  Size (Code + RO Data)               154032 ( 150.42kB)
    Total RW  Size (RW Data + ZI Data)             53736 (  52.48kB)
    Total ROM Size (Code + RO Data + RW Data)     154712 ( 151.09kB)

==============================================================================

